2026-09-03 08:51:46,519 | Training Arguments: {'output_dir': 'trainer_output', 'per_device_train_batch_size': 1, 'num_train_epochs': 3.0, 'max_steps': 10, 'learning_rate': 0.0002, 'lr_scheduler_type': 'cosine', 'lr_scheduler_kwargs': None, 'warmup_steps': 2, 'optim': 'adamw_8bit', 'optim_args': None, 'weight_decay': 0.0, 'adam_beta1': 0.9, 'adam_beta2': 0.999, 'adam_epsilon': 1e-08, 'optim_target_modules': None, 'gradient_accumulation_steps': 16, 'average_tokens_across_devices': True, 'max_grad_norm': 1.0, 'label_smoothing_factor': 0.0, 'bf16': False, 'fp16': True, 'bf16_full_eval': False, 'fp16_full_eval': False, 'tf32': None, 'gradient_checkpointing': False, 'gradient_checkpointing_kwargs': None, 'torch_compile': False, 'torch_compile_backend': None, 'torch_compile_mode': None, 'use_liger_kernel': False, 'liger_kernel_config': None, 'use_cache': False, 'neftune_noise_alpha': None, 'torch_empty_cache_steps': None, 'auto_find_batch_size': False, 'logging_strategy': 'steps', 'logging_steps': 5, 'logging_first_step': False, 'log_on_each_node': True, 'logging_nan_inf_filter': True, 'include_num_input_tokens_seen': 'no', 'log_level': 'passive', 'log_level_replica': 'warning', 'disable_tqdm': False, 'report_to': [], 'run_name': None, 'project': 'huggingface', 'trackio_space_id': None, 'trackio_bucket_id': None, 'trackio_static_space_id': None, 'eval_strategy': 'no', 'eval_steps': None, 'eval_delay': 0, 'per_device_eval_batch_size': 8, 'prediction_loss_only': False, 'eval_on_start': False, 'eval_do_concat_batches': True, 'eval_use_gather_object': False, 'eval_accumulation_steps': None, 'include_for_metrics': [], 'batch_eval_metrics': False, 'save_only_model': False, 'save_strategy': 'steps', 'save_steps': 500, 'save_on_each_node': False, 'save_total_limit': None, 'enable_jit_checkpoint': False, 'push_to_hub': False, 'hub_token': '<HUB_TOKEN>', 'hub_private_repo': None, 'hub_model_id': None, 'hub_strategy': 'every_save', 'hub_always_push': False, 'hub_revision': None, 'load_best_model_at_end': False, 'metric_for_best_model': None, 'greater_is_better': None, 'ignore_data_skip': False, 'restore_callback_states_from_checkpoint': False, 'full_determinism': False, 'seed': 42, 'data_seed': None, 'use_cpu': False, 'accelerator_config': {'split_batches': False, 'dispatch_batches': None, 'even_batches': True, 'use_seedable_sampler': True, 'non_blocking': False, 'gradient_accumulation_kwargs': None}, 'parallelism_config': None, 'dataloader_drop_last': False, 'dataloader_num_workers': 0, 'dataloader_pin_memory': True, 'dataloader_persistent_workers': False, 'dataloader_prefetch_factor': None, 'dataloader_multiprocessing_context': None, 'dataloader_in_order': True, 'remove_unused_columns': True, 'label_names': None, 'train_sampling_strategy': 'random', 'length_column_name': 'length', 'ddp_find_unused_parameters': None, 'ddp_bucket_cap_mb': None, 'ddp_broadcast_buffers': None, 'ddp_static_graph': None, 'ddp_backend': None, 'ddp_timeout': 1800, 'fsdp': None, 'fsdp_config': None, 'deepspeed': None, 'debug': [], 'skip_memory_metrics': True, 'do_train': False, 'do_eval': False, 'do_predict': False, 'resume_from_checkpoint': None, 'local_rank': -1}

2026-09-03 08:51:46,935 | Optimizer: 0
2026-09-03 08:53:25,092 | Memória GPU Effective Usada: 13.41 GB
2026-09-03 08:53:25,093 | Memória Torch GPU Usada: 8.09 GB
2026-09-03 08:53:25,093 | Memória Torch GPU Reservada: 12.84 GB
2026-09-03 08:53:25,093 | Memória CPU Usada: 5.71 GB
2026-09-03 08:53:25,093 | Tempo do Step: 98.1565854549408 s
2026-09-03 08:53:25,093 | Tokens/s: 220.38256424404923 tok/s

2026-09-03 08:53:25,137 | Optimizer: 1
2026-09-03 08:55:09,307 | Memória GPU Effective Usada: 13.44 GB
2026-09-03 08:55:09,308 | Memória Torch GPU Usada: 8.09 GB
2026-09-03 08:55:09,308 | Memória Torch GPU Reservada: 12.86 GB
2026-09-03 08:55:09,308 | Memória CPU Usada: 5.58 GB
2026-09-03 08:55:09,308 | Tempo do Step: 104.17006230354309 s
2026-09-03 08:55:09,308 | Tokens/s: 207.66043066160518 tok/s

2026-09-03 08:55:09,388 | Optimizer: 2
2026-09-03 08:56:54,619 | Memória GPU Effective Usada: 13.44 GB
2026-09-03 08:56:54,619 | Memória Torch GPU Usada: 8.09 GB
2026-09-03 08:56:54,619 | Memória Torch GPU Reservada: 12.86 GB
2026-09-03 08:56:54,619 | Memória CPU Usada: 5.58 GB
2026-09-03 08:56:54,619 | Tempo do Step: 105.2304458618164 s
2026-09-03 08:56:54,619 | Tokens/s: 205.56788316193308 tok/s

2026-09-03 08:56:54,665 | Optimizer: 3
2026-09-03 08:58:40,175 | Memória GPU Effective Usada: 13.44 GB
2026-09-03 08:58:40,176 | Memória Torch GPU Usada: 8.09 GB
2026-09-03 08:58:40,176 | Memória Torch GPU Reservada: 12.86 GB
2026-09-03 08:58:40,176 | Memória CPU Usada: 5.58 GB
2026-09-03 08:58:40,176 | Tempo do Step: 105.50984334945679 s
2026-09-03 08:58:40,176 | Tokens/s: 205.02352494594402 tok/s

2026-09-03 08:58:40,222 | Optimizer: 4
2026-09-03 09:00:25,633 | Memória GPU Effective Usada: 13.44 GB
2026-09-03 09:00:25,633 | Memória Torch GPU Usada: 8.09 GB
2026-09-03 09:00:25,633 | Memória Torch GPU Reservada: 12.86 GB
2026-09-03 09:00:25,633 | Memória CPU Usada: 5.59 GB
2026-09-03 09:00:25,634 | Tempo do Step: 105.41101789474487 s
2026-09-03 09:00:25,634 | Tokens/s: 205.21573960703054 tok/s

2026-09-03 09:00:25,717 | Optimizer: 5
2026-09-03 09:02:11,052 | Memória GPU Effective Usada: 13.44 GB
2026-09-03 09:02:11,052 | Memória Torch GPU Usada: 8.09 GB
2026-09-03 09:02:11,052 | Memória Torch GPU Reservada: 12.86 GB
2026-09-03 09:02:11,052 | Memória CPU Usada: 5.57 GB
2026-09-03 09:02:11,053 | Tempo do Step: 105.33515119552612 s
2026-09-03 09:02:11,053 | Tokens/s: 205.3635444054764 tok/s

2026-09-03 09:02:11,104 | Optimizer: 6
2026-09-03 09:03:56,312 | Memória GPU Effective Usada: 13.44 GB
2026-09-03 09:03:56,312 | Memória Torch GPU Usada: 8.09 GB
2026-09-03 09:03:56,312 | Memória Torch GPU Reservada: 12.86 GB
2026-09-03 09:03:56,312 | Memória CPU Usada: 5.57 GB
2026-09-03 09:03:56,312 | Tempo do Step: 105.20691323280334 s
2026-09-03 09:03:56,312 | Tokens/s: 205.6138644818179 tok/s

2026-09-03 09:03:56,364 | Optimizer: 7
2026-09-03 09:05:41,657 | Memória GPU Effective Usada: 13.44 GB
2026-09-03 09:05:41,658 | Memória Torch GPU Usada: 8.09 GB
2026-09-03 09:05:41,658 | Memória Torch GPU Reservada: 12.86 GB
2026-09-03 09:05:41,658 | Memória CPU Usada: 5.56 GB
2026-09-03 09:05:41,658 | Tempo do Step: 105.29285192489624 s
2026-09-03 09:05:41,658 | Tokens/s: 205.4460450499505 tok/s

2026-09-03 09:05:41,737 | Optimizer: 8
2026-09-03 09:07:27,057 | Memória GPU Effective Usada: 13.44 GB
2026-09-03 09:07:27,057 | Memória Torch GPU Usada: 8.09 GB
2026-09-03 09:07:27,057 | Memória Torch GPU Reservada: 12.86 GB
2026-09-03 09:07:27,057 | Memória CPU Usada: 5.57 GB
2026-09-03 09:07:27,057 | Tempo do Step: 105.31897068023682 s
2026-09-03 09:07:27,057 | Tokens/s: 205.3950951123306 tok/s

2026-09-03 09:07:27,102 | Optimizer: 9
2026-09-03 09:09:12,551 | Memória GPU Effective Usada: 13.44 GB
2026-09-03 09:09:12,551 | Memória Torch GPU Usada: 8.09 GB
2026-09-03 09:09:12,551 | Memória Torch GPU Reservada: 12.86 GB
2026-09-03 09:09:12,551 | Memória CPU Usada: 5.58 GB
2026-09-03 09:09:12,551 | Tempo do Step: 105.44845390319824 s
2026-09-03 09:09:12,551 | Tokens/s: 205.1428845022061 tok/s

2026-09-03 09:09:13,264 | Estatísticas do Treino Realizado
2026-09-03 09:09:13,264 | {'loss': 0.7651317596435547, 'grad_norm': 0.2731684446334839, 'learning_rate': 0.00017071067811865476, 'epoch': 0.23809523809523808, 'step': 5}
2026-09-03 09:09:13,264 | {'loss': 0.5343219757080078, 'grad_norm': 0.2224656641483307, 'learning_rate': 7.612046748871327e-06, 'epoch': 0.47619047619047616, 'step': 10}
2026-09-03 09:09:13,264 | {'train_runtime': 1046.7681, 'train_samples_per_second': 0.153, 'train_steps_per_second': 0.01, 'total_flos': 9843089025269760.0, 'train_loss': 0.6497268676757812, 'epoch': 0.47619047619047616, 'step': 10}

2026-09-03 09:09:13,264 | Estatísticas do Treino Realizado
2026-09-03 09:09:13,264 | Logs Memória GPU: [13.38299560546875, 13.41229248046875, 13.41229248046875, 13.41229248046875, 13.41229248046875, 13.41229248046875, 13.41229248046875, 13.41229248046875, 13.41229248046875, 13.41229248046875, 13.41229248046875, 13.41229248046875, 13.41229248046875, 13.41229248046875, 13.41229248046875, 13.41229248046875, 13.43963623046875, 13.43963623046875, 13.43963623046875, 13.43963623046875, 13.43963623046875, 13.43963623046875, 13.43963623046875, 13.43963623046875, 13.43963623046875, 13.43963623046875, 13.43963623046875, 13.43963623046875, 13.43963623046875, 13.43963623046875, 13.43963623046875, 13.43963623046875, 13.43963623046875, 13.43963623046875, 13.43963623046875, 13.43963623046875, 13.43963623046875, 13.43963623046875, 13.43963623046875, 13.43963623046875, 13.43963623046875, 13.43963623046875, 13.43963623046875, 13.43963623046875, 13.43963623046875, 13.43963623046875, 13.43963623046875, 13.43963623046875, 13.43963623046875, 13.43963623046875, 13.43963623046875, 13.43963623046875, 13.43963623046875, 13.43963623046875, 13.43963623046875, 13.43963623046875, 13.43963623046875, 13.43963623046875, 13.43963623046875, 13.43963623046875, 13.43963623046875, 13.43963623046875, 13.43963623046875, 13.43963623046875, 13.43963623046875, 13.43963623046875, 13.43963623046875, 13.43963623046875, 13.43963623046875, 13.43963623046875, 13.43963623046875, 13.43963623046875, 13.43963623046875, 13.43963623046875, 13.43963623046875, 13.43963623046875, 13.43963623046875, 13.43963623046875, 13.43963623046875, 13.43963623046875, 13.43963623046875, 13.43963623046875, 13.43963623046875, 13.43963623046875, 13.43963623046875, 13.43963623046875, 13.43963623046875, 13.43963623046875, 13.43963623046875, 13.43963623046875, 13.43963623046875, 13.43963623046875, 13.43963623046875, 13.43963623046875, 13.43963623046875, 13.43963623046875, 13.43963623046875, 13.43963623046875, 13.43963623046875, 13.43963623046875, 13.43963623046875, 13.43963623046875, 13.43963623046875, 13.43963623046875, 13.43963623046875, 13.43963623046875, 13.43963623046875, 13.43963623046875, 13.43963623046875, 13.43963623046875, 13.43963623046875, 13.43963623046875, 13.43963623046875, 13.43963623046875, 13.43963623046875, 13.43963623046875, 13.43963623046875, 13.43963623046875, 13.43963623046875, 13.43963623046875, 13.43963623046875, 13.43963623046875, 13.43963623046875, 13.43963623046875, 13.43963623046875, 13.43963623046875, 13.43963623046875, 13.43963623046875, 13.43963623046875, 13.43963623046875, 13.43963623046875, 13.43963623046875, 13.43963623046875, 13.43963623046875, 13.43963623046875, 13.43963623046875, 13.43963623046875, 13.43963623046875, 13.43963623046875, 13.43963623046875, 13.43963623046875, 13.43963623046875, 13.43963623046875, 13.43963623046875, 13.43963623046875, 13.43963623046875, 13.43963623046875, 13.43963623046875, 13.43963623046875, 13.43963623046875]
2026-09-03 09:09:13,265 | Max Memória GPU: 13.43963623046875
2026-09-03 09:09:13,265 | Média Memória GPU: 13.436524251302083
2026-09-03 09:09:13,280 | P95 Memória GPU: 13.43963623046875
2026-09-03 09:09:13,282 | Desvio Padrão Memória GPU: 0.009298999305037442

2026-09-03 09:09:13,282 | Logs Memória Alocada GPU Torch: [8.119682788848877, 8.119682788848877, 8.119682788848877, 8.119682788848877, 8.119682788848877, 8.119682788848877, 8.119682788848877, 8.119682788848877, 8.119682788848877, 8.119682788848877, 8.119682788848877, 8.119682788848877, 8.119682788848877, 8.119682788848877, 8.119682788848877, 8.148730278015137, 8.148730278015137, 8.148730278015137, 8.148730278015137, 8.148730278015137, 8.148730278015137, 8.148730278015137, 8.148730278015137, 8.148730278015137, 8.148730278015137, 8.148730278015137, 8.148730278015137, 8.148730278015137, 8.148730278015137, 8.148730278015137, 8.148730278015137, 8.148730278015137, 8.148730278015137, 8.148730278015137, 8.148730278015137, 8.148730278015137, 8.148730278015137, 8.148730278015137, 8.148730278015137, 8.148730278015137, 8.148730278015137, 8.148730278015137, 8.148730278015137, 8.148730278015137, 8.148730278015137, 8.148730278015137, 8.148730278015137, 8.148730278015137, 8.148730278015137, 8.148730278015137, 8.148730278015137, 8.148730278015137, 8.148730278015137, 8.148730278015137, 8.148730278015137, 8.148730278015137, 8.148730278015137, 8.148730278015137, 8.148730278015137, 8.148730278015137, 8.148730278015137, 8.148730278015137, 8.148730278015137, 8.148730278015137, 8.148730278015137, 8.148730278015137, 8.148730278015137, 8.148730278015137, 8.148730278015137, 8.148730278015137, 8.148730278015137, 8.148730278015137, 8.148730278015137, 8.148730278015137, 8.148730278015137, 8.148730278015137, 8.148730278015137, 8.148730278015137, 8.148730278015137, 8.148730278015137, 8.148730278015137, 8.148730278015137, 8.148730278015137, 8.148730278015137, 8.148730278015137, 8.148730278015137, 8.148730278015137, 8.148730278015137, 8.148730278015137, 8.148730278015137, 8.148730278015137, 8.148730278015137, 8.148730278015137, 8.148730278015137, 8.148730278015137, 8.148730278015137, 8.148730278015137, 8.148730278015137, 8.148730278015137, 8.148730278015137, 8.148730278015137, 8.148730278015137, 8.148730278015137, 8.148730278015137, 8.148730278015137, 8.148730278015137, 8.148730278015137, 8.148730278015137, 8.148730278015137, 8.148730278015137, 8.148730278015137, 8.148730278015137, 8.148730278015137, 8.148730278015137, 8.148730278015137, 8.148730278015137, 8.148730278015137, 8.148730278015137, 8.148730278015137, 8.148730278015137, 8.148730278015137, 8.148730278015137, 8.148730278015137, 8.148730278015137, 8.148730278015137, 8.148730278015137, 8.148730278015137, 8.148730278015137, 8.148730278015137, 8.148730278015137, 8.148730278015137, 8.148730278015137, 8.148730278015137, 8.148730278015137, 8.148730278015137, 8.148730278015137, 8.148730278015137, 8.148730278015137, 8.148730278015137, 8.148730278015137, 8.148730278015137, 8.148730278015137, 8.148730278015137, 8.148730278015137, 8.148730278015137, 8.148730278015137, 8.148730278015137, 8.148730278015137, 8.148730278015137, 8.148730278015137]
2026-09-03 09:09:13,283 | Max Memória Alocada GPU Torch: 8.148730278015137
2026-09-03 09:09:13,283 | Média Memória Alocada GPU Torch: 8.145825529098511
2026-09-03 09:09:13,283 | P95 Memória Alocada GPU Torch: 8.148730278015137
2026-09-03 09:09:13,283 | Desvio Padrão Memória Alocada GPU Torch: 0.008714246749877929

2026-09-03 09:09:13,283 | Logs Memória Reservada GPU Torch: [12.806640625, 12.8359375, 12.8359375, 12.8359375, 12.8359375, 12.8359375, 12.8359375, 12.8359375, 12.8359375, 12.8359375, 12.8359375, 12.8359375, 12.8359375, 12.8359375, 12.8359375, 12.8359375, 12.86328125, 12.86328125, 12.86328125, 12.86328125, 12.86328125, 12.86328125, 12.86328125, 12.86328125, 12.86328125, 12.86328125, 12.86328125, 12.86328125, 12.86328125, 12.86328125, 12.86328125, 12.86328125, 12.86328125, 12.86328125, 12.86328125, 12.86328125, 12.86328125, 12.86328125, 12.86328125, 12.86328125, 12.86328125, 12.86328125, 12.86328125, 12.86328125, 12.86328125, 12.86328125, 12.86328125, 12.86328125, 12.86328125, 12.86328125, 12.86328125, 12.86328125, 12.86328125, 12.86328125, 12.86328125, 12.86328125, 12.86328125, 12.86328125, 12.86328125, 12.86328125, 12.86328125, 12.86328125, 12.86328125, 12.86328125, 12.86328125, 12.86328125, 12.86328125, 12.86328125, 12.86328125, 12.86328125, 12.86328125, 12.86328125, 12.86328125, 12.86328125, 12.86328125, 12.86328125, 12.86328125, 12.86328125, 12.86328125, 12.86328125, 12.86328125, 12.86328125, 12.86328125, 12.86328125, 12.86328125, 12.86328125, 12.86328125, 12.86328125, 12.86328125, 12.86328125, 12.86328125, 12.86328125, 12.86328125, 12.86328125, 12.86328125, 12.86328125, 12.86328125, 12.86328125, 12.86328125, 12.86328125, 12.86328125, 12.86328125, 12.86328125, 12.86328125, 12.86328125, 12.86328125, 12.86328125, 12.86328125, 12.86328125, 12.86328125, 12.86328125, 12.86328125, 12.86328125, 12.86328125, 12.86328125, 12.86328125, 12.86328125, 12.86328125, 12.86328125, 12.86328125, 12.86328125, 12.86328125, 12.86328125, 12.86328125, 12.86328125, 12.86328125, 12.86328125, 12.86328125, 12.86328125, 12.86328125, 12.86328125, 12.86328125, 12.86328125, 12.86328125, 12.86328125, 12.86328125, 12.86328125, 12.86328125, 12.86328125, 12.86328125, 12.86328125, 12.86328125, 12.86328125, 12.86328125, 12.86328125, 12.86328125, 12.86328125, 12.86328125, 12.86328125, 12.86328125]
2026-09-03 09:09:13,283 | Max Memória Reservada GPU Torch: 12.86328125
2026-09-03 09:09:13,284 | Média Memória Reservada GPU Torch: 12.860169270833333
2026-09-03 09:09:13,284 | P95 Memória Reservada GPU Torch: 12.86328125
2026-09-03 09:09:13,284 | Desvio Padrão Memória Reservada GPU Torch: 0.009298999305037442

2026-09-03 09:09:13,284 | Logs Percentagem de Utilização da Memória GPU: [89.219970703125, 89.415283203125, 89.415283203125, 89.415283203125, 89.415283203125, 89.415283203125, 89.415283203125, 89.415283203125, 89.415283203125, 89.415283203125, 89.415283203125, 89.415283203125, 89.415283203125, 89.415283203125, 89.415283203125, 89.415283203125, 89.59757486979166, 89.59757486979166, 89.59757486979166, 89.59757486979166, 89.59757486979166, 89.59757486979166, 89.59757486979166, 89.59757486979166, 89.59757486979166, 89.59757486979166, 89.59757486979166, 89.59757486979166, 89.59757486979166, 89.59757486979166, 89.59757486979166, 89.59757486979166, 89.59757486979166, 89.59757486979166, 89.59757486979166, 89.59757486979166, 89.59757486979166, 89.59757486979166, 89.59757486979166, 89.59757486979166, 89.59757486979166, 89.59757486979166, 89.59757486979166, 89.59757486979166, 89.59757486979166, 89.59757486979166, 89.59757486979166, 89.59757486979166, 89.59757486979166, 89.59757486979166, 89.59757486979166, 89.59757486979166, 89.59757486979166, 89.59757486979166, 89.59757486979166, 89.59757486979166, 89.59757486979166, 89.59757486979166, 89.59757486979166, 89.59757486979166, 89.59757486979166, 89.59757486979166, 89.59757486979166, 89.59757486979166, 89.59757486979166, 89.59757486979166, 89.59757486979166, 89.59757486979166, 89.59757486979166, 89.59757486979166, 89.59757486979166, 89.59757486979166, 89.59757486979166, 89.59757486979166, 89.59757486979166, 89.59757486979166, 89.59757486979166, 89.59757486979166, 89.59757486979166, 89.59757486979166, 89.59757486979166, 89.59757486979166, 89.59757486979166, 89.59757486979166, 89.59757486979166, 89.59757486979166, 89.59757486979166, 89.59757486979166, 89.59757486979166, 89.59757486979166, 89.59757486979166, 89.59757486979166, 89.59757486979166, 89.59757486979166, 89.59757486979166, 89.59757486979166, 89.59757486979166, 89.59757486979166, 89.59757486979166, 89.59757486979166, 89.59757486979166, 89.59757486979166, 89.59757486979166, 89.59757486979166, 89.59757486979166, 89.59757486979166, 89.59757486979166, 89.59757486979166, 89.59757486979166, 89.59757486979166, 89.59757486979166, 89.59757486979166, 89.59757486979166, 89.59757486979166, 89.59757486979166, 89.59757486979166, 89.59757486979166, 89.59757486979166, 89.59757486979166, 89.59757486979166, 89.59757486979166, 89.59757486979166, 89.59757486979166, 89.59757486979166, 89.59757486979166, 89.59757486979166, 89.59757486979166, 89.59757486979166, 89.59757486979166, 89.59757486979166, 89.59757486979166, 89.59757486979166, 89.59757486979166, 89.59757486979166, 89.59757486979166, 89.59757486979166, 89.59757486979166, 89.59757486979166, 89.59757486979166, 89.59757486979166, 89.59757486979166, 89.59757486979166, 89.59757486979166, 89.59757486979166, 89.59757486979166, 89.59757486979166, 89.59757486979166, 89.59757486979166, 89.59757486979166, 89.59757486979166]
2026-09-03 09:09:13,284 | Max Percentagem de Utilização da Memória GPU: 89.59757486979166
2026-09-03 09:09:13,284 | Média Percentagem de Utilização da Memória GPU: 89.57682834201388
2026-09-03 09:09:13,284 | P95 Percentagem de Utilização da Memória GPU: 89.59757486979166
2026-09-03 09:09:13,285 | Desvio Padrão Percentagem de Utilização da Memória GPU: 0.06199332870024678

2026-09-03 09:09:13,285 | Logs Percentagem de Utilização da GPU: [100, 100, 99, 100, 100, 100, 100, 94, 100, 100, 100, 100, 100, 100, 100, 100, 100, 100, 100, 100, 100, 100, 100, 100, 100, 100, 100, 100, 100, 100, 100, 100, 100, 96, 100, 100, 100, 100, 100, 100, 100, 100, 100, 100, 100, 100, 100, 100, 100, 100, 100, 100, 100, 100, 100, 100, 100, 100, 100, 100, 100, 100, 100, 100, 100, 100, 100, 100, 100, 100, 100, 100, 100, 95, 100, 100, 100, 100, 100, 100, 100, 100, 100, 92, 100, 96, 100, 97, 100, 100, 99, 100, 100, 100, 100, 100, 100, 100, 100, 100, 100, 100, 100, 100, 100, 100, 98, 100, 92, 100, 100, 96, 100, 97, 100, 100, 100, 93, 100, 100, 100, 100, 100, 100, 100, 100, 100, 100, 100, 100, 100, 100, 100, 100, 100, 100, 100, 100, 100, 95, 100, 99, 100, 100, 100, 100, 100, 100, 100, 100]
2026-09-03 09:09:13,285 | Max Percentagem de Utilização da GPU: 100
2026-09-03 09:09:13,285 | Média Percentagem de Utilização da GPU: 99.58666666666667
2026-09-03 09:09:13,285 | P95 Percentagem de Utilização da GPU: 100.0
2026-09-03 09:09:13,285 | Desvio Padrão Percentagem de Utilização da GPU: 1.4384559623275075

2026-09-03 09:09:13,285 | Logs Clock Memória GPU: [5000, 5000, 5000, 5000, 5000, 5000, 5000, 5000, 5000, 5000, 5000, 5000, 5000, 5000, 5000, 5000, 5000, 5000, 5000, 5000, 5000, 5000, 5000, 5000, 5000, 5000, 5000, 5000, 5000, 5000, 5000, 5000, 5000, 5000, 5000, 5000, 5000, 5000, 5000, 5000, 5000, 5000, 5000, 5000, 5000, 5000, 5000, 5000, 5000, 5000, 5000, 5000, 5000, 5000, 5000, 5000, 5000, 5000, 5000, 5000, 5000, 5000, 5000, 5000, 5000, 5000, 5000, 5000, 5000, 5000, 5000, 5000, 5000, 5000, 5000, 5000, 5000, 5000, 5000, 5000, 5000, 5000, 5000, 5000, 5000, 5000, 5000, 5000, 5000, 5000, 5000, 5000, 5000, 5000, 5000, 5000, 5000, 5000, 5000, 5000, 5000, 5000, 5000, 5000, 5000, 5000, 5000, 5000, 5000, 5000, 5000, 5000, 5000, 5000, 5000, 5000, 5000, 5000, 5000, 5000, 5000, 5000, 5000, 5000, 5000, 5000, 5000, 5000, 5000, 5000, 5000, 5000, 5000, 5000, 5000, 5000, 5000, 5000, 5000, 5000, 5000, 5000, 5000, 5000, 5000, 5000, 5000, 5000, 5000, 5000]
2026-09-03 09:09:13,286 | Max Clock Memória GPU: 5000
2026-09-03 09:09:13,286 | Média Clock Memória GPU: 5000.0
2026-09-03 09:09:13,286 | P95 Clock Memória GPU: 5000.0
2026-09-03 09:09:13,286 | Desvio Padrão Clock Memória GPU: 0.0

2026-09-03 09:09:13,286 | Logs Clock SM GPU: [1425, 1500, 1080, 1560, 1260, 1275, 1170, 1185, 945, 945, 915, 960, 915, 930, 1155, 915, 960, 900, 1470, 1500, 1425, 1005, 900, 795, 1080, 990, 1110, 900, 900, 975, 870, 1170, 1005, 930, 795, 1035, 975, 1005, 1095, 885, 810, 945, 810, 975, 1095, 1005, 1020, 1020, 1095, 990, 810, 1095, 810, 960, 840, 930, 930, 1035, 930, 960, 1050, 840, 945, 1005, 1095, 960, 915, 900, 1080, 1110, 1080, 1110, 1005, 1065, 990, 825, 1080, 960, 945, 1080, 1110, 990, 1125, 990, 1005, 960, 1035, 1095, 1110, 1155, 855, 1080, 945, 1080, 975, 1005, 1110, 1035, 1065, 1080, 810, 825, 840, 1035, 1035, 1185, 1065, 1095, 1005, 855, 990, 1035, 810, 1095, 1020, 1050, 1065, 1080, 855, 990, 840, 1035, 1080, 1065, 1080, 1005, 855, 1110, 1020, 1005, 930, 975, 795, 975, 855, 840, 825, 1095, 1035, 855, 1035, 1185, 825, 1005, 915, 945, 990, 855, 840, 810]
2026-09-03 09:09:13,286 | Max Clock SM GPU: 1560
2026-09-03 09:09:13,286 | Média Clock SM GPU: 1007.6
2026-09-03 09:09:13,287 | P95 Clock SM GPU: 1226.2499999999986
2026-09-03 09:09:13,287 | Desvio Padrão Clock SM GPU: 141.940973647499

2026-09-03 09:09:13,287 | Logs Temperatura GPU: [51, 53, 56, 57, 60, 61, 62, 62, 62, 62, 62, 63, 63, 64, 65, 69, 71, 72, 73, 75, 76, 78, 79, 80, 80, 78, 77, 76, 75, 75, 76, 76, 76, 77, 77, 77, 77, 77, 76, 76, 76, 76, 76, 76, 76, 76, 76, 76, 76, 77, 77, 77, 77, 77, 77, 77, 77, 77, 77, 77, 77, 77, 77, 77, 77, 77, 76, 77, 76, 76, 76, 76, 76, 76, 76, 76, 76, 76, 76, 76, 76, 76, 76, 76, 76, 76, 76, 76, 76, 76, 76, 76, 76, 76, 76, 76, 76, 76, 76, 76, 76, 76, 76, 76, 76, 76, 76, 76, 76, 76, 76, 76, 76, 76, 76, 76, 76, 76, 76, 76, 76, 76, 76, 76, 76, 76, 76, 76, 76, 76, 76, 77, 76, 76, 76, 76, 76, 76, 76, 76, 77, 76, 77, 77, 77, 77, 77, 77, 77, 77]
2026-09-03 09:09:13,287 | Max Temperatura GPU: 80
2026-09-03 09:09:13,287 | Média Temperatura GPU: 74.6
2026-09-03 09:09:13,287 | P95 Temperatura GPU: 77.0
2026-09-03 09:09:13,287 | Desvio Padrão Temperatura GPU: 5.079370039680118

2026-09-03 09:09:13,287 | Logs Memória CPU: [4.571628570556641, 4.841094970703125, 4.964084625244141, 5.360679626464844, 5.51251220703125, 5.694103240966797, 5.686374664306641, 5.687068939208984, 5.687541961669922, 5.6875152587890625, 5.677623748779297, 5.677616119384766, 5.683208465576172, 5.683155059814453, 5.6910400390625, 5.72589111328125, 5.726825714111328, 5.7267913818359375, 5.7265777587890625, 5.6484375, 5.580474853515625, 5.576526641845703, 5.576717376708984, 5.576812744140625, 5.5767974853515625, 5.569786071777344, 5.5733489990234375, 5.574497222900391, 5.574607849121094, 5.578144073486328, 5.571956634521484, 5.565956115722656, 5.56591796875, 5.570468902587891, 5.570087432861328, 5.544719696044922, 5.544124603271484, 5.561897277832031, 5.554168701171875, 5.586814880371094, 5.586795806884766, 5.579376220703125, 5.579338073730469, 5.572849273681641, 5.572834014892578, 5.582920074462891, 5.568386077880859, 5.568286895751953, 5.57513427734375, 5.581165313720703, 5.581367492675781, 5.591075897216797, 5.59161376953125, 5.5782928466796875, 5.592231750488281, 5.579662322998047, 5.579349517822266, 5.5795440673828125, 5.579498291015625, 5.584697723388672, 5.555805206298828, 5.556877136230469, 5.584686279296875, 5.584682464599609, 5.5926055908203125, 5.5926055908203125, 5.580837249755859, 5.580833435058594, 5.581546783447266, 5.581768035888672, 5.581760406494141, 5.582923889160156, 5.583400726318359, 5.5667572021484375, 5.569862365722656, 5.588756561279297, 5.579479217529297, 5.579399108886719, 5.5632171630859375, 5.563179016113281, 5.5751953125, 5.57537841796875, 5.588447570800781, 5.588397979736328, 5.574714660644531, 5.574611663818359, 5.5750274658203125, 5.574977874755859, 5.574916839599609, 5.574909210205078, 5.573566436767578, 5.573566436767578, 5.573783874511719, 5.573753356933594, 5.560115814208984, 5.5630035400390625, 5.570926666259766, 5.576862335205078, 5.582801818847656, 5.582744598388672, 5.582740783691406, 5.582660675048828, 5.582611083984375, 5.582469940185547, 5.572170257568359, 5.581977844238281, 5.581859588623047, 5.581993103027344, 5.581962585449219, 5.556365966796875, 5.556301116943359, 5.5713653564453125, 5.5713653564453125, 5.571800231933594, 5.571765899658203, 5.580345153808594, 5.580760955810547, 5.561775207519531, 5.574672698974609, 5.574638366699219, 5.563030242919922, 5.568534851074219, 5.568504333496094, 5.574592590332031, 5.574562072753906, 5.552608489990234, 5.553089141845703, 5.574436187744141, 5.5743865966796875, 5.585205078125, 5.585170745849609, 5.585411071777344, 5.585395812988281, 5.555694580078125, 5.555633544921875, 5.570003509521484, 5.576148986816406, 5.56341552734375, 5.570629119873047, 5.553718566894531, 5.5565185546875, 5.567710876464844, 5.568046569824219, 5.552135467529297, 5.5624542236328125, 5.571094512939453, 5.571025848388672, 5.574840545654297, 5.574775695800781, 5.580753326416016]
2026-09-03 09:09:13,288 | Max Memória CPU: 5.726825714111328
2026-09-03 09:09:13,288 | Média Memória CPU: 5.568585535685221
2026-09-03 09:09:13,288 | P95 Memória CPU: 5.687314414978028
2026-09-03 09:09:13,288 | Desvio Padrão Memória CPU: 0.12097309358668763

2026-09-03 09:09:13,288 | Logs Utilização CPU: [66.4, 99.9, 99.9, 99.9, 99.9, 99.9, 99.9, 59.7, 71.4, 52.3, 72.3, 52.2, 72.4, 52.0, 71.9, 61.7, 53.2, 71.4, 53.8, 99.9, 97.4, 83.1, 52.2, 70.9, 52.0, 71.2, 54.9, 68.9, 58.2, 65.8, 61.6, 64.6, 58.4, 68.8, 55.7, 70.4, 52.5, 71.4, 58.2, 74.4, 52.4, 70.8, 52.1, 73.1, 52.3, 61.6, 71.4, 52.2, 70.4, 55.8, 67.8, 60.2, 64.1, 63.3, 59.8, 67.5, 55.8, 70.6, 52.4, 70.4, 61.9, 52.3, 71.0, 52.0, 71.1, 52.3, 70.9, 52.1, 71.7, 54.1, 68.7, 58.4, 65.0, 62.8, 60.5, 61.1, 71.2, 52.1, 70.6, 52.6, 70.4, 52.7, 70.8, 52.3, 70.3, 52.5, 71.0, 52.1, 71.2, 52.7, 64.1, 66.4, 60.4, 62.4, 65.3, 58.9, 68.3, 55.9, 70.9, 53.2, 71.6, 52.3, 71.7, 53.0, 71.4, 61.9, 52.3, 71.8, 52.2, 71.0, 52.4, 72.1, 52.5, 71.8, 54.8, 69.1, 58.8, 65.4, 61.8, 62.3, 62.0, 68.8, 54.6, 70.8, 52.6, 70.5, 52.4, 70.3, 52.1, 71.6, 52.2, 70.4, 52.2, 71.1, 52.0, 62.5, 68.0, 59.6, 63.7, 63.4, 59.3, 67.5, 55.4, 70.9, 52.3, 70.9, 53.2, 70.9, 52.3, 70.9]
2026-09-03 09:09:13,288 | Max Utilização CPU: 99.9
2026-09-03 09:09:13,288 | Média Utilização CPU: 64.356
2026-09-03 09:09:13,288 | P95 Utilização CPU: 90.96499999999976
2026-09-03 09:09:13,288 | Desvio Padrão Utilização CPU: 11.401195726764803

2026-09-03 09:09:13,289 | Logs Tokens/s: [220.38256424404923, 207.66043066160518, 205.56788316193308, 205.02352494594402, 205.21573960703054, 205.3635444054764, 205.6138644818179, 205.4460450499505, 205.3950951123306, 205.1428845022061]
2026-09-03 09:09:13,289 | Max Tokens/s: 220.38256424404923
2026-09-03 09:09:13,289 | Média Tokens/s: 207.08115761723434
2026-09-03 09:09:13,289 | P95 Tokens/s: 214.6576041319494
2026-09-03 09:09:13,289 | Desvio Padrão Tokens/s: 4.490468332909719

2026-09-03 09:09:13,289 | Logs Tempo Step: [98.1565854549408, 104.17006230354309, 105.2304458618164, 105.50984334945679, 105.41101789474487, 105.33515119552612, 105.20691323280334, 105.29285192489624, 105.31897068023682, 105.44845390319824]
2026-09-03 09:09:13,289 | Max Tempo Step: 105.50984334945679
2026-09-03 09:09:13,289 | Média Tempo Step: 104.50802958011627
2026-09-03 09:09:13,289 | P95 Tempo Step: 105.48221809864044
2026-09-03 09:09:13,289 | Desvio Padrão Tempo Step: 2.147708229228731

2026-09-03 09:09:13,289 | Tempo Total de Treino: 1046.739441394806
2026-09-03 09:09:13,289 | Tempo por Effective Batch (Step): 104.6739441394806
2026-09-03 09:09:13,289 | Tempo por Micro Batch: 6.542121508717537
2026-09-03 09:09:13,289 | Tokens/s: 206.66079011195785

2026-09-03 09:09:13,290 | Logs Potência: [25.951, 26.036, 33.329, 61.75, 40.861, 62.241, 39.087, 63.476, 63.476, 67.452, 76.221, 63.417, 66.865, 77.346, 61.297, 57.246, 63.515, 36.151, 36.151, 60.513, 74.704, 75.193, 61.69, 63.809, 43.595, 66.669, 62.731, 70.738, 47.704, 73.237, 64.398, 61.003, 63.711, 64.103, 65.378, 39.012, 54.463, 60.709, 78.762, 71.325, 47.901, 63.319, 73.823, 72.401, 62.12, 62.082, 71.467, 63.554, 70.096, 67.746, 64.79, 67.004, 38.146, 61.69, 61.494, 61.433, 61.886, 61.494, 60.648, 78.224, 76.559, 75.239, 62.082, 67.69, 74.019, 71.716, 62.082, 62.082, 62.475, 62.475, 78.322, 73.576, 71.423, 71.868, 72.748, 75.682, 74.364, 77.296, 75.928, 75.826, 71.814, 61.003, 64.398, 64.201, 67.592, 39.702, 39.702, 72.401, 75.779, 76.807, 77.394, 71.859, 61.788, 53.086, 46.452, 56.888, 61.788, 62.867, 63.75, 62.769, 70.727, 72.943, 36.666, 36.666, 54.266, 48.983, 72.054, 74.215, 70.879, 71.956, 72.793, 79.691, 61.433, 62.279, 70.825, 75.337, 71.859, 67.494, 61.886, 61.101, 38.146, 71.814, 69.257, 69.998, 76.366, 66.653, 52.2, 74.111, 71.413, 73.823, 71.369, 70.684, 69.313, 77.882, 67.045, 61.335, 62.022, 39.11, 68.865, 67.045, 67.494, 69.257, 67.339, 72.152, 65.672, 62.475, 41.181, 77.785, 73.673, 72.74, 72.197, 71.369, 69.9, 38.366, 38.366, 62.377, 60.353, 38.738, 78.322, 69.453, 73.034, 70.781, 73.132, 75.877, 76.17, 67.339, 67.592, 55.38, 54.594, 63.298, 66.162]
2026-09-03 09:09:13,290 | Max Potência: 79.691
2026-09-03 09:09:13,290 | Média Potência: 63.84325730994152
2026-09-03 09:09:13,290 | P95 Potência: 77.321
2026-09-03 09:09:13,290 | Desvio Padrão Potência: 11.7814154464604

2026-09-03 09:09:13,290 | Energia Consumida: 20.96473720635825 Wh
2026-09-03 09:09:13,290 | Energia por Effective Batch (Step): 2.0964737206358253 Wh
2026-09-03 09:09:13,290 | Energia por Micro Batch: 0.13102960753973908 Wh
2026-09-03 09:09:13,290 | Energia por Token: 9.691539019211469e-05 Wh
2026-09-03 09:09:13,290 | Energia por 1 Milhão de Tokens: 96.91539019211469 Wh
2026-09-03 09:09:13,290 | Energia por 10 Milhões de Tokens: 969.1539019211469 Wh
2026-09-03 09:09:13,290 | Energia por 100 Milhões de Tokens: 9691.53901921147 Wh
