2026-09-03 09:51:49,957 | Training Arguments: {'output_dir': 'trainer_output', 'per_device_train_batch_size': 1, 'num_train_epochs': 3.0, 'max_steps': 10, 'learning_rate': 0.0002, 'lr_scheduler_type': 'cosine', 'lr_scheduler_kwargs': None, 'warmup_steps': 2, 'optim': 'adamw_8bit', 'optim_args': None, 'weight_decay': 0.0, 'adam_beta1': 0.9, 'adam_beta2': 0.999, 'adam_epsilon': 1e-08, 'optim_target_modules': None, 'gradient_accumulation_steps': 16, 'average_tokens_across_devices': True, 'max_grad_norm': 1.0, 'label_smoothing_factor': 0.0, 'bf16': False, 'fp16': True, 'bf16_full_eval': False, 'fp16_full_eval': False, 'tf32': None, 'gradient_checkpointing': False, 'gradient_checkpointing_kwargs': None, 'torch_compile': False, 'torch_compile_backend': None, 'torch_compile_mode': None, 'use_liger_kernel': False, 'liger_kernel_config': None, 'use_cache': False, 'neftune_noise_alpha': None, 'torch_empty_cache_steps': None, 'auto_find_batch_size': False, 'logging_strategy': 'steps', 'logging_steps': 5, 'logging_first_step': False, 'log_on_each_node': True, 'logging_nan_inf_filter': True, 'include_num_input_tokens_seen': 'no', 'log_level': 'passive', 'log_level_replica': 'warning', 'disable_tqdm': False, 'report_to': [], 'run_name': None, 'project': 'huggingface', 'trackio_space_id': None, 'trackio_bucket_id': None, 'trackio_static_space_id': None, 'eval_strategy': 'no', 'eval_steps': None, 'eval_delay': 0, 'per_device_eval_batch_size': 8, 'prediction_loss_only': False, 'eval_on_start': False, 'eval_do_concat_batches': True, 'eval_use_gather_object': False, 'eval_accumulation_steps': None, 'include_for_metrics': [], 'batch_eval_metrics': False, 'save_only_model': False, 'save_strategy': 'steps', 'save_steps': 500, 'save_on_each_node': False, 'save_total_limit': None, 'enable_jit_checkpoint': False, 'push_to_hub': False, 'hub_token': '<HUB_TOKEN>', 'hub_private_repo': None, 'hub_model_id': None, 'hub_strategy': 'every_save', 'hub_always_push': False, 'hub_revision': None, 'load_best_model_at_end': False, 'metric_for_best_model': None, 'greater_is_better': None, 'ignore_data_skip': False, 'restore_callback_states_from_checkpoint': False, 'full_determinism': False, 'seed': 42, 'data_seed': None, 'use_cpu': False, 'accelerator_config': {'split_batches': False, 'dispatch_batches': None, 'even_batches': True, 'use_seedable_sampler': True, 'non_blocking': False, 'gradient_accumulation_kwargs': None}, 'parallelism_config': None, 'dataloader_drop_last': False, 'dataloader_num_workers': 0, 'dataloader_pin_memory': True, 'dataloader_persistent_workers': False, 'dataloader_prefetch_factor': None, 'dataloader_multiprocessing_context': None, 'dataloader_in_order': True, 'remove_unused_columns': True, 'label_names': None, 'train_sampling_strategy': 'random', 'length_column_name': 'length', 'ddp_find_unused_parameters': None, 'ddp_bucket_cap_mb': None, 'ddp_broadcast_buffers': None, 'ddp_static_graph': None, 'ddp_backend': None, 'ddp_timeout': 1800, 'fsdp': None, 'fsdp_config': None, 'deepspeed': None, 'debug': [], 'skip_memory_metrics': True, 'do_train': False, 'do_eval': False, 'do_predict': False, 'resume_from_checkpoint': None, 'local_rank': -1}

2026-09-03 09:51:50,745 | Optimizer: 0
2026-09-03 09:53:31,014 | Memória GPU Effective Usada: 13.41 GB
2026-09-03 09:53:31,015 | Memória Torch GPU Usada: 8.09 GB
2026-09-03 09:53:31,015 | Memória Torch GPU Reservada: 12.84 GB
2026-09-03 09:53:31,015 | Memória CPU Usada: 6.15 GB
2026-09-03 09:53:31,015 | Tempo do Step: 100.26013350486755 s
2026-09-03 09:53:31,015 | Tokens/s: 215.75873922958405 tok/s

2026-09-03 09:53:31,098 | Optimizer: 1
2026-09-03 09:55:14,173 | Memória GPU Effective Usada: 13.44 GB
2026-09-03 09:55:14,173 | Memória Torch GPU Usada: 8.09 GB
2026-09-03 09:55:14,173 | Memória Torch GPU Reservada: 12.86 GB
2026-09-03 09:55:14,173 | Memória CPU Usada: 6.09 GB
2026-09-03 09:55:14,173 | Tempo do Step: 103.07469010353088 s
2026-09-03 09:55:14,173 | Tokens/s: 209.86723295769562 tok/s

2026-09-03 09:55:14,217 | Optimizer: 2
2026-09-03 09:57:01,057 | Memória GPU Effective Usada: 13.44 GB
2026-09-03 09:57:01,057 | Memória Torch GPU Usada: 8.09 GB
2026-09-03 09:57:01,057 | Memória Torch GPU Reservada: 12.86 GB
2026-09-03 09:57:01,057 | Memória CPU Usada: 5.63 GB
2026-09-03 09:57:01,057 | Tempo do Step: 106.8392698764801 s
2026-09-03 09:57:01,057 | Tokens/s: 202.47236830623578 tok/s

2026-09-03 09:57:01,134 | Optimizer: 3
2026-09-03 09:58:48,960 | Memória GPU Effective Usada: 13.44 GB
2026-09-03 09:58:48,960 | Memória Torch GPU Usada: 8.09 GB
2026-09-03 09:58:48,960 | Memória Torch GPU Reservada: 12.86 GB
2026-09-03 09:58:48,960 | Memória CPU Usada: 5.62 GB
2026-09-03 09:58:48,960 | Tempo do Step: 107.82597875595093 s
2026-09-03 09:58:48,960 | Tokens/s: 200.61955615502472 tok/s

2026-09-03 09:58:49,012 | Optimizer: 4
2026-09-03 10:00:37,880 | Memória GPU Effective Usada: 13.44 GB
2026-09-03 10:00:37,880 | Memória Torch GPU Usada: 8.09 GB
2026-09-03 10:00:37,880 | Memória Torch GPU Reservada: 12.86 GB
2026-09-03 10:00:37,880 | Memória CPU Usada: 5.62 GB
2026-09-03 10:00:37,880 | Tempo do Step: 108.8678150177002 s
2026-09-03 10:00:37,880 | Tokens/s: 198.69967994198265 tok/s

2026-09-03 10:00:37,931 | Optimizer: 5
2026-09-03 10:02:28,270 | Memória GPU Effective Usada: 13.44 GB
2026-09-03 10:02:28,271 | Memória Torch GPU Usada: 8.09 GB
2026-09-03 10:02:28,271 | Memória Torch GPU Reservada: 12.86 GB
2026-09-03 10:02:28,271 | Memória CPU Usada: 5.66 GB
2026-09-03 10:02:28,271 | Tempo do Step: 110.33910512924194 s
2026-09-03 10:02:28,271 | Tokens/s: 196.0501671158389 tok/s

2026-09-03 10:02:28,353 | Optimizer: 6
2026-09-03 10:04:18,397 | Memória GPU Effective Usada: 13.44 GB
2026-09-03 10:04:18,397 | Memória Torch GPU Usada: 8.09 GB
2026-09-03 10:04:18,397 | Memória Torch GPU Reservada: 12.86 GB
2026-09-03 10:04:18,397 | Memória CPU Usada: 5.66 GB
2026-09-03 10:04:18,397 | Tempo do Step: 110.04370069503784 s
2026-09-03 10:04:18,397 | Tokens/s: 196.57644975016225 tok/s

2026-09-03 10:04:18,450 | Optimizer: 7
2026-09-03 10:06:08,506 | Memória GPU Effective Usada: 13.44 GB
2026-09-03 10:06:08,506 | Memória Torch GPU Usada: 8.09 GB
2026-09-03 10:06:08,506 | Memória Torch GPU Reservada: 12.86 GB
2026-09-03 10:06:08,506 | Memória CPU Usada: 5.67 GB
2026-09-03 10:06:08,506 | Tempo do Step: 110.05628085136414 s
2026-09-03 10:06:08,506 | Tokens/s: 196.55397976981405 tok/s

2026-09-03 10:06:08,552 | Optimizer: 8
2026-09-03 10:07:58,746 | Memória GPU Effective Usada: 13.44 GB
2026-09-03 10:07:58,746 | Memória Torch GPU Usada: 8.09 GB
2026-09-03 10:07:58,746 | Memória Torch GPU Reservada: 12.86 GB
2026-09-03 10:07:58,746 | Memória CPU Usada: 5.64 GB
2026-09-03 10:07:58,746 | Tempo do Step: 110.19398188591003 s
2026-09-03 10:07:58,747 | Tokens/s: 196.30836121701105 tok/s

2026-09-03 10:07:58,792 | Optimizer: 9
2026-09-03 10:09:48,769 | Memória GPU Effective Usada: 13.44 GB
2026-09-03 10:09:48,769 | Memória Torch GPU Usada: 8.09 GB
2026-09-03 10:09:48,769 | Memória Torch GPU Reservada: 12.86 GB
2026-09-03 10:09:48,769 | Memória CPU Usada: 5.65 GB
2026-09-03 10:09:48,769 | Tempo do Step: 109.97706651687622 s
2026-09-03 10:09:48,769 | Tokens/s: 196.69555376511633 tok/s

2026-09-03 10:09:49,611 | Estatísticas do Treino Realizado
2026-09-03 10:09:49,611 | {'loss': 0.7645797252655029, 'grad_norm': 0.27803876996040344, 'learning_rate': 0.00017071067811865476, 'epoch': 0.23809523809523808, 'step': 5}
2026-09-03 10:09:49,611 | {'loss': 0.5314964771270752, 'grad_norm': 0.22774428129196167, 'learning_rate': 7.612046748871327e-06, 'epoch': 0.47619047619047616, 'step': 10}
2026-09-03 10:09:49,611 | {'train_runtime': 1079.695, 'train_samples_per_second': 0.148, 'train_steps_per_second': 0.009, 'total_flos': 9843089025269760.0, 'train_loss': 0.648038101196289, 'epoch': 0.47619047619047616, 'step': 10}

2026-09-03 10:09:49,611 | Estatísticas do Treino Realizado
2026-09-03 10:09:49,611 | Logs Memória GPU: [13.38299560546875, 13.41229248046875, 13.41229248046875, 13.41229248046875, 13.41229248046875, 13.41229248046875, 13.41229248046875, 13.41229248046875, 13.41229248046875, 13.41229248046875, 13.41229248046875, 13.41229248046875, 13.41229248046875, 13.41229248046875, 13.41229248046875, 13.41229248046875, 13.43963623046875, 13.43963623046875, 13.43963623046875, 13.43963623046875, 13.43963623046875, 13.43963623046875, 13.43963623046875, 13.43963623046875, 13.43963623046875, 13.43963623046875, 13.43963623046875, 13.43963623046875, 13.43963623046875, 13.43963623046875, 13.43963623046875, 13.43963623046875, 13.43963623046875, 13.43963623046875, 13.43963623046875, 13.43963623046875, 13.43963623046875, 13.43963623046875, 13.43963623046875, 13.43963623046875, 13.43963623046875, 13.43963623046875, 13.43963623046875, 13.43963623046875, 13.43963623046875, 13.43963623046875, 13.43963623046875, 13.43963623046875, 13.43963623046875, 13.43963623046875, 13.43963623046875, 13.43963623046875, 13.43963623046875, 13.43963623046875, 13.43963623046875, 13.43963623046875, 13.43963623046875, 13.43963623046875, 13.43963623046875, 13.43963623046875, 13.43963623046875, 13.43963623046875, 13.43963623046875, 13.43963623046875, 13.43963623046875, 13.43963623046875, 13.43963623046875, 13.43963623046875, 13.43963623046875, 13.43963623046875, 13.43963623046875, 13.43963623046875, 13.43963623046875, 13.43963623046875, 13.43963623046875, 13.43963623046875, 13.43963623046875, 13.43963623046875, 13.43963623046875, 13.43963623046875, 13.43963623046875, 13.43963623046875, 13.43963623046875, 13.43963623046875, 13.43963623046875, 13.43963623046875, 13.43963623046875, 13.43963623046875, 13.43963623046875, 13.43963623046875, 13.43963623046875, 13.43963623046875, 13.43963623046875, 13.43963623046875, 13.43963623046875, 13.43963623046875, 13.43963623046875, 13.43963623046875, 13.43963623046875, 13.43963623046875, 13.43963623046875, 13.43963623046875, 13.43963623046875, 13.43963623046875, 13.43963623046875, 13.43963623046875, 13.43963623046875, 13.43963623046875, 13.43963623046875, 13.43963623046875, 13.43963623046875, 13.43963623046875, 13.43963623046875, 13.43963623046875, 13.43963623046875, 13.43963623046875, 13.43963623046875, 13.43963623046875, 13.43963623046875, 13.43963623046875, 13.43963623046875, 13.43963623046875, 13.43963623046875, 13.43963623046875, 13.43963623046875, 13.43963623046875, 13.43963623046875, 13.43963623046875, 13.43963623046875, 13.43963623046875, 13.43963623046875, 13.43963623046875, 13.43963623046875, 13.43963623046875, 13.43963623046875, 13.43963623046875, 13.43963623046875, 13.43963623046875, 13.43963623046875, 13.43963623046875, 13.43963623046875, 13.43963623046875, 13.43963623046875, 13.43963623046875, 13.43963623046875, 13.43963623046875, 13.43963623046875, 13.43963623046875, 13.43963623046875, 13.43963623046875]
2026-09-03 10:09:49,612 | Max Memória GPU: 13.43963623046875
2026-09-03 10:09:49,613 | Média Memória GPU: 13.436524251302083
2026-09-03 10:09:49,624 | P95 Memória GPU: 13.43963623046875
2026-09-03 10:09:49,624 | Desvio Padrão Memória GPU: 0.009298999305037442

2026-09-03 10:09:49,624 | Logs Memória Alocada GPU Torch: [8.119682788848877, 8.119682788848877, 8.119682788848877, 8.119682788848877, 8.119682788848877, 8.119682788848877, 8.119682788848877, 8.119682788848877, 8.119682788848877, 8.119682788848877, 8.119682788848877, 8.119682788848877, 8.119682788848877, 8.119682788848877, 8.119682788848877, 8.148730278015137, 8.148730278015137, 8.148730278015137, 8.148730278015137, 8.148730278015137, 8.148730278015137, 8.148730278015137, 8.148730278015137, 8.148730278015137, 8.148730278015137, 8.148730278015137, 8.148730278015137, 8.148730278015137, 8.148730278015137, 8.148730278015137, 8.148730278015137, 8.148730278015137, 8.148730278015137, 8.148730278015137, 8.148730278015137, 8.148730278015137, 8.148730278015137, 8.148730278015137, 8.148730278015137, 8.148730278015137, 8.148730278015137, 8.148730278015137, 8.148730278015137, 8.148730278015137, 8.148730278015137, 8.148730278015137, 8.148730278015137, 8.148730278015137, 8.148730278015137, 8.148730278015137, 8.148730278015137, 8.148730278015137, 8.148730278015137, 8.148730278015137, 8.148730278015137, 8.148730278015137, 8.148730278015137, 8.148730278015137, 8.148730278015137, 8.148730278015137, 8.148730278015137, 8.148730278015137, 8.148730278015137, 8.148730278015137, 8.148730278015137, 8.148730278015137, 8.148730278015137, 8.148730278015137, 8.148730278015137, 8.148730278015137, 8.148730278015137, 8.148730278015137, 8.148730278015137, 8.148730278015137, 8.148730278015137, 8.148730278015137, 8.148730278015137, 8.148730278015137, 8.148730278015137, 8.148730278015137, 8.148730278015137, 8.148730278015137, 8.148730278015137, 8.148730278015137, 8.148730278015137, 8.148730278015137, 8.148730278015137, 8.148730278015137, 8.148730278015137, 8.148730278015137, 8.148730278015137, 8.148730278015137, 8.148730278015137, 8.148730278015137, 8.148730278015137, 8.148730278015137, 8.148730278015137, 8.148730278015137, 8.148730278015137, 8.148730278015137, 8.148730278015137, 8.148730278015137, 8.148730278015137, 8.148730278015137, 8.148730278015137, 8.148730278015137, 8.148730278015137, 8.148730278015137, 8.148730278015137, 8.148730278015137, 8.148730278015137, 8.148730278015137, 8.148730278015137, 8.148730278015137, 8.148730278015137, 8.148730278015137, 8.148730278015137, 8.148730278015137, 8.148730278015137, 8.148730278015137, 8.148730278015137, 8.148730278015137, 8.148730278015137, 8.148730278015137, 8.148730278015137, 8.148730278015137, 8.148730278015137, 8.148730278015137, 8.148730278015137, 8.148730278015137, 8.148730278015137, 8.148730278015137, 8.148730278015137, 8.148730278015137, 8.148730278015137, 8.148730278015137, 8.148730278015137, 8.148730278015137, 8.148730278015137, 8.148730278015137, 8.148730278015137, 8.148730278015137, 8.148730278015137, 8.148730278015137, 8.148730278015137, 8.148730278015137, 8.148730278015137, 8.148730278015137, 8.148730278015137, 8.148730278015137]
2026-09-03 10:09:49,624 | Max Memória Alocada GPU Torch: 8.148730278015137
2026-09-03 10:09:49,625 | Média Memória Alocada GPU Torch: 8.145825529098511
2026-09-03 10:09:49,625 | P95 Memória Alocada GPU Torch: 8.148730278015137
2026-09-03 10:09:49,625 | Desvio Padrão Memória Alocada GPU Torch: 0.008714246749877929

2026-09-03 10:09:49,625 | Logs Memória Reservada GPU Torch: [12.806640625, 12.8359375, 12.8359375, 12.8359375, 12.8359375, 12.8359375, 12.8359375, 12.8359375, 12.8359375, 12.8359375, 12.8359375, 12.8359375, 12.8359375, 12.8359375, 12.8359375, 12.8359375, 12.86328125, 12.86328125, 12.86328125, 12.86328125, 12.86328125, 12.86328125, 12.86328125, 12.86328125, 12.86328125, 12.86328125, 12.86328125, 12.86328125, 12.86328125, 12.86328125, 12.86328125, 12.86328125, 12.86328125, 12.86328125, 12.86328125, 12.86328125, 12.86328125, 12.86328125, 12.86328125, 12.86328125, 12.86328125, 12.86328125, 12.86328125, 12.86328125, 12.86328125, 12.86328125, 12.86328125, 12.86328125, 12.86328125, 12.86328125, 12.86328125, 12.86328125, 12.86328125, 12.86328125, 12.86328125, 12.86328125, 12.86328125, 12.86328125, 12.86328125, 12.86328125, 12.86328125, 12.86328125, 12.86328125, 12.86328125, 12.86328125, 12.86328125, 12.86328125, 12.86328125, 12.86328125, 12.86328125, 12.86328125, 12.86328125, 12.86328125, 12.86328125, 12.86328125, 12.86328125, 12.86328125, 12.86328125, 12.86328125, 12.86328125, 12.86328125, 12.86328125, 12.86328125, 12.86328125, 12.86328125, 12.86328125, 12.86328125, 12.86328125, 12.86328125, 12.86328125, 12.86328125, 12.86328125, 12.86328125, 12.86328125, 12.86328125, 12.86328125, 12.86328125, 12.86328125, 12.86328125, 12.86328125, 12.86328125, 12.86328125, 12.86328125, 12.86328125, 12.86328125, 12.86328125, 12.86328125, 12.86328125, 12.86328125, 12.86328125, 12.86328125, 12.86328125, 12.86328125, 12.86328125, 12.86328125, 12.86328125, 12.86328125, 12.86328125, 12.86328125, 12.86328125, 12.86328125, 12.86328125, 12.86328125, 12.86328125, 12.86328125, 12.86328125, 12.86328125, 12.86328125, 12.86328125, 12.86328125, 12.86328125, 12.86328125, 12.86328125, 12.86328125, 12.86328125, 12.86328125, 12.86328125, 12.86328125, 12.86328125, 12.86328125, 12.86328125, 12.86328125, 12.86328125, 12.86328125, 12.86328125, 12.86328125, 12.86328125, 12.86328125, 12.86328125, 12.86328125]
2026-09-03 10:09:49,625 | Max Memória Reservada GPU Torch: 12.86328125
2026-09-03 10:09:49,625 | Média Memória Reservada GPU Torch: 12.860169270833333
2026-09-03 10:09:49,626 | P95 Memória Reservada GPU Torch: 12.86328125
2026-09-03 10:09:49,626 | Desvio Padrão Memória Reservada GPU Torch: 0.009298999305037442

2026-09-03 10:09:49,626 | Logs Percentagem de Utilização da Memória GPU: [89.219970703125, 89.415283203125, 89.415283203125, 89.415283203125, 89.415283203125, 89.415283203125, 89.415283203125, 89.415283203125, 89.415283203125, 89.415283203125, 89.415283203125, 89.415283203125, 89.415283203125, 89.415283203125, 89.415283203125, 89.415283203125, 89.59757486979166, 89.59757486979166, 89.59757486979166, 89.59757486979166, 89.59757486979166, 89.59757486979166, 89.59757486979166, 89.59757486979166, 89.59757486979166, 89.59757486979166, 89.59757486979166, 89.59757486979166, 89.59757486979166, 89.59757486979166, 89.59757486979166, 89.59757486979166, 89.59757486979166, 89.59757486979166, 89.59757486979166, 89.59757486979166, 89.59757486979166, 89.59757486979166, 89.59757486979166, 89.59757486979166, 89.59757486979166, 89.59757486979166, 89.59757486979166, 89.59757486979166, 89.59757486979166, 89.59757486979166, 89.59757486979166, 89.59757486979166, 89.59757486979166, 89.59757486979166, 89.59757486979166, 89.59757486979166, 89.59757486979166, 89.59757486979166, 89.59757486979166, 89.59757486979166, 89.59757486979166, 89.59757486979166, 89.59757486979166, 89.59757486979166, 89.59757486979166, 89.59757486979166, 89.59757486979166, 89.59757486979166, 89.59757486979166, 89.59757486979166, 89.59757486979166, 89.59757486979166, 89.59757486979166, 89.59757486979166, 89.59757486979166, 89.59757486979166, 89.59757486979166, 89.59757486979166, 89.59757486979166, 89.59757486979166, 89.59757486979166, 89.59757486979166, 89.59757486979166, 89.59757486979166, 89.59757486979166, 89.59757486979166, 89.59757486979166, 89.59757486979166, 89.59757486979166, 89.59757486979166, 89.59757486979166, 89.59757486979166, 89.59757486979166, 89.59757486979166, 89.59757486979166, 89.59757486979166, 89.59757486979166, 89.59757486979166, 89.59757486979166, 89.59757486979166, 89.59757486979166, 89.59757486979166, 89.59757486979166, 89.59757486979166, 89.59757486979166, 89.59757486979166, 89.59757486979166, 89.59757486979166, 89.59757486979166, 89.59757486979166, 89.59757486979166, 89.59757486979166, 89.59757486979166, 89.59757486979166, 89.59757486979166, 89.59757486979166, 89.59757486979166, 89.59757486979166, 89.59757486979166, 89.59757486979166, 89.59757486979166, 89.59757486979166, 89.59757486979166, 89.59757486979166, 89.59757486979166, 89.59757486979166, 89.59757486979166, 89.59757486979166, 89.59757486979166, 89.59757486979166, 89.59757486979166, 89.59757486979166, 89.59757486979166, 89.59757486979166, 89.59757486979166, 89.59757486979166, 89.59757486979166, 89.59757486979166, 89.59757486979166, 89.59757486979166, 89.59757486979166, 89.59757486979166, 89.59757486979166, 89.59757486979166, 89.59757486979166, 89.59757486979166, 89.59757486979166, 89.59757486979166, 89.59757486979166, 89.59757486979166, 89.59757486979166, 89.59757486979166, 89.59757486979166, 89.59757486979166]
2026-09-03 10:09:49,626 | Max Percentagem de Utilização da Memória GPU: 89.59757486979166
2026-09-03 10:09:49,626 | Média Percentagem de Utilização da Memória GPU: 89.57682834201388
2026-09-03 10:09:49,627 | P95 Percentagem de Utilização da Memória GPU: 89.59757486979166
2026-09-03 10:09:49,627 | Desvio Padrão Percentagem de Utilização da Memória GPU: 0.06199332870024678

2026-09-03 10:09:49,627 | Logs Percentagem de Utilização da GPU: [100, 100, 100, 93, 100, 100, 100, 100, 100, 100, 81, 89, 100, 100, 100, 100, 100, 100, 100, 100, 100, 100, 100, 100, 100, 100, 100, 100, 100, 100, 100, 87, 100, 100, 100, 100, 100, 100, 100, 100, 94, 100, 100, 69, 100, 100, 100, 100, 100, 100, 100, 100, 100, 100, 100, 100, 100, 100, 100, 100, 94, 100, 93, 100, 100, 100, 100, 100, 100, 100, 100, 100, 100, 100, 92, 98, 100, 100, 100, 100, 100, 67, 100, 100, 100, 100, 100, 100, 100, 100, 100, 100, 100, 100, 100, 100, 100, 100, 100, 100, 100, 100, 100, 97, 100, 100, 100, 100, 100, 100, 100, 100, 100, 100, 100, 100, 100, 100, 100, 100, 100, 100, 100, 100, 100, 100, 100, 100, 100, 100, 100, 100, 100, 100, 100, 100, 98, 100, 100, 100, 100, 100, 100, 100, 100, 99, 100, 100, 100, 100]
2026-09-03 10:09:49,627 | Max Percentagem de Utilização da GPU: 100
2026-09-03 10:09:49,627 | Média Percentagem de Utilização da GPU: 99.00666666666666
2026-09-03 10:09:49,628 | P95 Percentagem de Utilização da GPU: 100.0
2026-09-03 10:09:49,628 | Desvio Padrão Percentagem de Utilização da GPU: 4.324344523226099

2026-09-03 10:09:49,628 | Logs Clock Memória GPU: [5000, 5000, 5000, 5000, 5000, 5000, 5000, 5000, 5000, 5000, 5000, 5000, 5000, 5000, 5000, 5000, 5000, 5000, 5000, 5000, 5000, 5000, 5000, 5000, 5000, 5000, 5000, 5000, 5000, 5000, 5000, 5000, 5000, 5000, 5000, 5000, 5000, 5000, 5000, 5000, 5000, 5000, 5000, 5000, 5000, 5000, 5000, 5000, 5000, 5000, 5000, 5000, 5000, 5000, 5000, 5000, 5000, 5000, 5000, 5000, 5000, 5000, 5000, 5000, 5000, 5000, 5000, 5000, 5000, 5000, 5000, 5000, 5000, 5000, 5000, 5000, 5000, 5000, 5000, 5000, 5000, 5000, 5000, 5000, 5000, 5000, 5000, 5000, 5000, 5000, 5000, 5000, 5000, 5000, 5000, 5000, 5000, 5000, 5000, 5000, 5000, 5000, 5000, 5000, 5000, 5000, 5000, 5000, 5000, 5000, 5000, 5000, 5000, 5000, 5000, 5000, 5000, 5000, 5000, 5000, 5000, 5000, 5000, 5000, 5000, 5000, 5000, 5000, 5000, 5000, 5000, 5000, 5000, 5000, 5000, 5000, 5000, 5000, 5000, 5000, 5000, 5000, 5000, 5000, 5000, 5000, 5000, 5000, 5000, 5000]
2026-09-03 10:09:49,628 | Max Clock Memória GPU: 5000
2026-09-03 10:09:49,628 | Média Clock Memória GPU: 5000.0
2026-09-03 10:09:49,629 | P95 Clock Memória GPU: 5000.0
2026-09-03 10:09:49,629 | Desvio Padrão Clock Memória GPU: 0.0

2026-09-03 10:09:49,629 | Logs Clock SM GPU: [1500, 1545, 1560, 1455, 1410, 1230, 1440, 1500, 1530, 1425, 1575, 1245, 1560, 1230, 1500, 1410, 1470, 1125, 870, 885, 1065, 1395, 1185, 960, 870, 1170, 1170, 1440, 1020, 990, 885, 1500, 930, 885, 825, 780, 780, 930, 1170, 825, 795, 1065, 975, 1500, 795, 975, 1050, 870, 915, 1080, 975, 855, 1005, 855, 840, 810, 825, 900, 990, 990, 810, 1020, 1020, 855, 1050, 1005, 1005, 795, 1035, 990, 750, 810, 795, 975, 960, 810, 810, 795, 945, 780, 1020, 1425, 1005, 795, 1020, 915, 915, 795, 945, 855, 1050, 780, 885, 1080, 780, 765, 780, 855, 840, 960, 900, 1005, 1065, 780, 975, 825, 780, 855, 1020, 1035, 900, 795, 945, 840, 780, 825, 1020, 810, 780, 795, 780, 1035, 1005, 810, 795, 990, 840, 825, 975, 975, 810, 810, 960, 1005, 780, 810, 780, 780, 825, 810, 795, 810, 1035, 915, 780, 900, 930, 825, 795, 795]
2026-09-03 10:09:49,629 | Max Clock SM GPU: 1575
2026-09-03 10:09:49,629 | Média Clock SM GPU: 983.3
2026-09-03 10:09:49,629 | P95 Clock SM GPU: 1500.0
2026-09-03 10:09:49,629 | Desvio Padrão Clock SM GPU: 220.00138635926822

2026-09-03 10:09:49,629 | Logs Temperatura GPU: [43, 45, 47, 49, 51, 53, 54, 55, 56, 57, 57, 58, 59, 60, 61, 62, 63, 64, 64, 65, 65, 65, 66, 66, 67, 67, 68, 68, 69, 69, 69, 69, 69, 69, 69, 70, 70, 71, 71, 71, 72, 71, 71, 71, 71, 71, 72, 72, 72, 72, 72, 72, 72, 72, 73, 73, 73, 73, 73, 73, 73, 73, 73, 73, 73, 73, 73, 73, 73, 73, 73, 73, 73, 73, 73, 74, 74, 73, 73, 73, 74, 73, 74, 73, 73, 74, 74, 73, 73, 73, 73, 73, 74, 74, 74, 74, 74, 74, 73, 73, 73, 73, 73, 73, 73, 73, 73, 74, 74, 74, 74, 73, 73, 73, 73, 73, 73, 74, 74, 74, 74, 74, 74, 73, 73, 73, 73, 73, 73, 73, 73, 74, 74, 74, 74, 74, 74, 73, 73, 73, 73, 73, 73, 73, 73, 73, 73, 73, 73, 73]
2026-09-03 10:09:49,630 | Max Temperatura GPU: 74
2026-09-03 10:09:49,630 | Média Temperatura GPU: 70.2
2026-09-03 10:09:49,630 | P95 Temperatura GPU: 74.0
2026-09-03 10:09:49,630 | Desvio Padrão Temperatura GPU: 6.249266623639397

2026-09-03 10:09:49,630 | Logs Memória CPU: [6.141315460205078, 6.352153778076172, 6.50372314453125, 6.468498229980469, 3.5132102966308594, 4.010997772216797, 4.519554138183594, 4.875667572021484, 5.180492401123047, 5.4408721923828125, 5.665851593017578, 5.6504669189453125, 5.805347442626953, 5.718437194824219, 5.911415100097656, 5.955055236816406, 6.056766510009766, 6.038539886474609, 6.039218902587891, 6.052925109863281, 6.039440155029297, 6.018852233886719, 6.161952972412109, 6.163486480712891, 6.162708282470703, 6.1718597412109375, 6.162605285644531, 6.009002685546875, 6.095695495605469, 6.098087310791016, 6.095943450927734, 6.096866607666016, 5.846717834472656, 5.847354888916016, 5.867366790771484, 5.867485046386719, 5.867469787597656, 5.867015838623047, 5.8694915771484375, 5.8293914794921875, 5.849163055419922, 5.854927062988281, 5.647968292236328, 5.667789459228516, 5.609306335449219, 5.610443115234375, 5.625644683837891, 5.625659942626953, 5.631862640380859, 5.631767272949219, 5.640972137451172, 5.640861511230469, 5.642955780029297, 5.642784118652344, 5.643291473388672, 5.643226623535156, 5.643672943115234, 5.643684387207031, 5.601478576660156, 5.608798980712891, 5.606327056884766, 5.608661651611328, 5.623325347900391, 5.62322998046875, 5.625190734863281, 5.626678466796875, 5.627887725830078, 5.6277618408203125, 5.622875213623047, 5.622562408447266, 5.62213134765625, 5.611042022705078, 5.611003875732422, 5.599517822265625, 5.6004638671875, 5.616184234619141, 5.624645233154297, 5.6257171630859375, 5.605262756347656, 5.616096496582031, 5.617229461669922, 5.634578704833984, 5.654598236083984, 5.662200927734375, 5.661956787109375, 5.6577911376953125, 5.657886505126953, 5.671611785888672, 5.671539306640625, 5.657917022705078, 5.659034729003906, 5.659168243408203, 5.66162109375, 5.654300689697266, 5.654323577880859, 5.663215637207031, 5.663173675537109, 5.666023254394531, 5.665794372558594, 5.666339874267578, 5.666133880615234, 5.666286468505859, 5.6712188720703125, 5.670810699462891, 5.659923553466797, 5.643627166748047, 5.643714904785156, 5.663433074951172, 5.6635894775390625, 5.6478118896484375, 5.653491973876953, 5.6566925048828125, 5.657081604003906, 5.656944274902344, 5.668506622314453, 5.6684417724609375, 5.668384552001953, 5.668315887451172, 5.668159484863281, 5.668048858642578, 5.650951385498047, 5.653472900390625, 5.652339935302734, 5.652809143066406, 5.652996063232422, 5.652931213378906, 5.653026580810547, 5.653163909912109, 5.660388946533203, 5.660327911376953, 5.6446685791015625, 5.654151916503906, 5.655876159667969, 5.659202575683594, 5.659019470214844, 5.6394195556640625, 5.6644439697265625, 5.664386749267578, 5.664619445800781, 5.6402740478515625, 5.647243499755859, 5.654582977294922, 5.655975341796875, 5.650672912597656, 5.650505065917969, 5.654346466064453, 5.654209136962891, 5.658191680908203, 5.658168792724609, 5.641929626464844]
2026-09-03 10:09:49,631 | Max Memória CPU: 6.50372314453125
2026-09-03 10:09:49,631 | Média Memória CPU: 5.689982299804687
2026-09-03 10:09:49,631 | P95 Memória CPU: 6.152666091918945
2026-09-03 10:09:49,631 | Desvio Padrão Memória CPU: 0.31746709610187007

2026-09-03 10:09:49,631 | Logs Utilização CPU: [81.0, 100.0, 99.9, 100.0, 100.0, 99.7, 99.9, 99.9, 99.9, 99.9, 100.0, 99.9, 99.9, 98.5, 99.8, 99.0, 99.8, 82.0, 63.7, 60.3, 64.0, 64.1, 99.8, 59.5, 63.9, 61.9, 63.3, 99.9, 75.9, 65.1, 64.2, 58.5, 85.3, 52.4, 71.3, 52.1, 70.3, 52.2, 70.1, 52.7, 70.6, 53.9, 83.2, 87.6, 89.5, 61.3, 68.8, 53.7, 71.4, 52.2, 70.0, 52.0, 70.5, 52.0, 70.3, 51.9, 70.2, 58.7, 64.3, 64.6, 64.3, 52.4, 70.5, 52.0, 70.1, 52.5, 70.3, 52.0, 70.0, 59.2, 64.6, 65.1, 57.6, 70.9, 52.0, 61.0, 70.2, 53.1, 70.0, 55.2, 67.3, 69.1, 61.3, 69.5, 52.9, 70.9, 52.6, 70.5, 52.2, 70.5, 61.9, 60.7, 61.0, 69.4, 53.2, 69.9, 52.0, 70.0, 52.7, 69.6, 54.4, 67.8, 62.8, 60.2, 69.8, 61.2, 52.8, 69.6, 51.9, 69.7, 56.6, 65.8, 64.3, 57.4, 70.6, 52.0, 69.8, 52.1, 69.5, 52.8, 63.3, 64.9, 66.4, 56.0, 69.8, 52.1, 70.4, 52.2, 70.1, 52.2, 70.2, 58.6, 63.9, 66.4, 54.9, 61.0, 69.8, 52.3, 70.1, 54.0, 68.4, 61.5, 60.6, 69.4, 53.1, 69.5, 52.4, 70.1, 52.7, 69.9]
2026-09-03 10:09:49,631 | Max Utilização CPU: 100.0
2026-09-03 10:09:49,631 | Média Utilização CPU: 67.55866666666667
2026-09-03 10:09:49,632 | P95 Utilização CPU: 99.9
2026-09-03 10:09:49,632 | Desvio Padrão Utilização CPU: 14.3498951757689

2026-09-03 10:09:49,632 | Logs Tokens/s: [215.75873922958405, 209.86723295769562, 202.47236830623578, 200.61955615502472, 198.69967994198265, 196.0501671158389, 196.57644975016225, 196.55397976981405, 196.30836121701105, 196.69555376511633]
2026-09-03 10:09:49,632 | Max Tokens/s: 215.75873922958405
2026-09-03 10:09:49,632 | Média Tokens/s: 200.96020882084653
2026-09-03 10:09:49,632 | P95 Tokens/s: 213.10756140723424
2026-09-03 10:09:49,632 | Desvio Padrão Tokens/s: 6.390711377080503

2026-09-03 10:09:49,632 | Logs Tempo Step: [100.26013350486755, 103.07469010353088, 106.8392698764801, 107.82597875595093, 108.8678150177002, 110.33910512924194, 110.04370069503784, 110.05628085136414, 110.19398188591003, 109.97706651687622]
2026-09-03 10:09:49,633 | Max Tempo Step: 110.33910512924194
2026-09-03 10:09:49,633 | Média Tempo Step: 107.74780223369598
2026-09-03 10:09:49,633 | P95 Tempo Step: 110.27379966974259
2026-09-03 10:09:49,633 | Desvio Padrão Tempo Step: 3.2902525636719946

2026-09-03 10:09:49,633 | Tempo Total de Treino: 1079.651652097702
2026-09-03 10:09:49,633 | Tempo por Effective Batch (Step): 107.9651652097702
2026-09-03 10:09:49,633 | Tempo por Micro Batch: 6.747822825610638
2026-09-03 10:09:49,633 | Tokens/s: 200.36092158031016

2026-09-03 10:09:49,633 | Logs Potência: [26.277, 26.277, 30.302, 60.157, 31.372, 61.396, 33.329, 63.711, 78.077, 76.413, 60.549, 78.224, 38.343, 59.862, 45.467, 73.034, 61.335, 37.06, 35.699, 72.348, 78.126, 61.433, 75.826, 50.952, 79.887, 73.869, 65.28, 71.814, 70.488, 65.222, 73.327, 76.805, 60.942, 61.569, 61.886, 37.653, 62.867, 36.863, 62.671, 75.141, 62.611, 72.054, 74.163, 75.631, 72.943, 62.377, 73.086, 76.073, 72.303, 37.949, 64.731, 51.838, 40.021, 62.731, 61.494, 64.496, 63.26, 62.867, 62.142, 68.823, 72.295, 70.335, 63.809, 69.061, 47.929, 63.515, 63.358, 41.083, 41.773, 41.773, 72.25, 72.446, 71.956, 72.25, 67.298, 75.095, 72.001, 71.716, 77.98, 74.704, 45.888, 41.378, 62.671, 71.814, 69.704, 63.652, 40.885, 70.684, 63.554, 52.889, 73.335, 73.523, 72.597, 42.636, 62.671, 64.143, 67.844, 71.716, 74.312, 67.241, 65.182, 69.704, 42.044, 42.044, 71.173, 71.075, 76.073, 63.26, 66.457, 64.496, 65.672, 66.906, 68.319, 66.457, 69.061, 62.377, 72.206, 61.984, 62.18, 37.828, 37.828, 75.435, 73.184, 67.592, 72.206, 63.907, 74.111, 75.635, 71.859, 75.779, 70.346, 64.201, 71.574, 74.404, 74.456, 47.535, 64.79, 39.406, 65.28, 69.747, 41.28, 49.711, 74.312, 64.692, 63.613, 70.139, 69.551, 68.18, 63.456, 64.103, 61.396, 70.292, 64.162, 65.534, 39.702, 62.241, 70.139, 72.793, 74.946, 71.075, 63.319, 76.464, 70.586, 64.398, 62.633, 72.891, 71.859, 71.521, 65.182, 65.378, 42.931]
2026-09-03 10:09:49,633 | Max Potência: 79.887
2026-09-03 10:09:49,634 | Média Potência: 63.1079649122807
2026-09-03 10:09:49,634 | P95 Potência: 76.073
2026-09-03 10:09:49,634 | Desvio Padrão Potência: 12.509479581124936

2026-09-03 10:09:49,634 | Energia Consumida: 21.654813108712965 Wh
2026-09-03 10:09:49,634 | Energia por Effective Batch (Step): 2.1654813108712965 Wh
2026-09-03 10:09:49,634 | Energia por Micro Batch: 0.13534258192945603 Wh
2026-09-03 10:09:49,634 | Energia por Token: 0.0001001054600069941 Wh
2026-09-03 10:09:49,634 | Energia por 1 Milhão de Tokens: 100.10546000699411 Wh
2026-09-03 10:09:49,635 | Energia por 10 Milhões de Tokens: 1001.054600069941 Wh
2026-09-03 10:09:49,635 | Energia por 100 Milhões de Tokens: 10010.54600069941 Wh
