2026-09-03 09:25:24,964 | Training Arguments: {'output_dir': 'trainer_output', 'per_device_train_batch_size': 1, 'num_train_epochs': 3.0, 'max_steps': 10, 'learning_rate': 0.0002, 'lr_scheduler_type': 'cosine', 'lr_scheduler_kwargs': None, 'warmup_steps': 2, 'optim': 'adamw_8bit', 'optim_args': None, 'weight_decay': 0.0, 'adam_beta1': 0.9, 'adam_beta2': 0.999, 'adam_epsilon': 1e-08, 'optim_target_modules': None, 'gradient_accumulation_steps': 16, 'average_tokens_across_devices': True, 'max_grad_norm': 1.0, 'label_smoothing_factor': 0.0, 'bf16': False, 'fp16': True, 'bf16_full_eval': False, 'fp16_full_eval': False, 'tf32': None, 'gradient_checkpointing': False, 'gradient_checkpointing_kwargs': None, 'torch_compile': False, 'torch_compile_backend': None, 'torch_compile_mode': None, 'use_liger_kernel': False, 'liger_kernel_config': None, 'use_cache': False, 'neftune_noise_alpha': None, 'torch_empty_cache_steps': None, 'auto_find_batch_size': False, 'logging_strategy': 'steps', 'logging_steps': 5, 'logging_first_step': False, 'log_on_each_node': True, 'logging_nan_inf_filter': True, 'include_num_input_tokens_seen': 'no', 'log_level': 'passive', 'log_level_replica': 'warning', 'disable_tqdm': False, 'report_to': [], 'run_name': None, 'project': 'huggingface', 'trackio_space_id': None, 'trackio_bucket_id': None, 'trackio_static_space_id': None, 'eval_strategy': 'no', 'eval_steps': None, 'eval_delay': 0, 'per_device_eval_batch_size': 8, 'prediction_loss_only': False, 'eval_on_start': False, 'eval_do_concat_batches': True, 'eval_use_gather_object': False, 'eval_accumulation_steps': None, 'include_for_metrics': [], 'batch_eval_metrics': False, 'save_only_model': False, 'save_strategy': 'steps', 'save_steps': 500, 'save_on_each_node': False, 'save_total_limit': None, 'enable_jit_checkpoint': False, 'push_to_hub': False, 'hub_token': '<HUB_TOKEN>', 'hub_private_repo': None, 'hub_model_id': None, 'hub_strategy': 'every_save', 'hub_always_push': False, 'hub_revision': None, 'load_best_model_at_end': False, 'metric_for_best_model': None, 'greater_is_better': None, 'ignore_data_skip': False, 'restore_callback_states_from_checkpoint': False, 'full_determinism': False, 'seed': 42, 'data_seed': None, 'use_cpu': False, 'accelerator_config': {'split_batches': False, 'dispatch_batches': None, 'even_batches': True, 'use_seedable_sampler': True, 'non_blocking': False, 'gradient_accumulation_kwargs': None}, 'parallelism_config': None, 'dataloader_drop_last': False, 'dataloader_num_workers': 0, 'dataloader_pin_memory': True, 'dataloader_persistent_workers': False, 'dataloader_prefetch_factor': None, 'dataloader_multiprocessing_context': None, 'dataloader_in_order': True, 'remove_unused_columns': True, 'label_names': None, 'train_sampling_strategy': 'random', 'length_column_name': 'length', 'ddp_find_unused_parameters': None, 'ddp_bucket_cap_mb': None, 'ddp_broadcast_buffers': None, 'ddp_static_graph': None, 'ddp_backend': None, 'ddp_timeout': 1800, 'fsdp': None, 'fsdp_config': None, 'deepspeed': None, 'debug': [], 'skip_memory_metrics': True, 'do_train': False, 'do_eval': False, 'do_predict': False, 'resume_from_checkpoint': None, 'local_rank': -1}

2026-09-03 09:25:25,414 | Optimizer: 0
2026-09-03 09:27:10,109 | Memória GPU Effective Usada: 13.41 GB
2026-09-03 09:27:10,109 | Memória Torch GPU Usada: 8.09 GB
2026-09-03 09:27:10,109 | Memória Torch GPU Reservada: 12.84 GB
2026-09-03 09:27:10,109 | Memória CPU Usada: 4.86 GB
2026-09-03 09:27:10,109 | Tempo do Step: 104.6898295879364 s
2026-09-03 09:27:10,109 | Tokens/s: 206.62943177140002 tok/s

2026-09-03 09:27:10,166 | Optimizer: 1
2026-09-03 09:29:02,216 | Memória GPU Effective Usada: 13.44 GB
2026-09-03 09:29:02,217 | Memória Torch GPU Usada: 8.09 GB
2026-09-03 09:29:02,217 | Memória Torch GPU Reservada: 12.86 GB
2026-09-03 09:29:02,217 | Memória CPU Usada: 4.81 GB
2026-09-03 09:29:02,217 | Tempo do Step: 112.05024671554565 s
2026-09-03 09:29:02,217 | Tokens/s: 193.05624605107465 tok/s

2026-09-03 09:29:02,271 | Optimizer: 2
2026-09-03 09:30:58,701 | Memória GPU Effective Usada: 13.44 GB
2026-09-03 09:30:58,701 | Memória Torch GPU Usada: 8.09 GB
2026-09-03 09:30:58,701 | Memória Torch GPU Reservada: 12.86 GB
2026-09-03 09:30:58,701 | Memória CPU Usada: 6.53 GB
2026-09-03 09:30:58,701 | Tempo do Step: 116.42875623703003 s
2026-09-03 09:30:58,701 | Tokens/s: 185.79602410216222 tok/s

2026-09-03 09:30:58,758 | Optimizer: 3
2026-09-03 09:32:58,375 | Memória GPU Effective Usada: 13.44 GB
2026-09-03 09:32:58,376 | Memória Torch GPU Usada: 8.09 GB
2026-09-03 09:32:58,376 | Memória Torch GPU Reservada: 12.86 GB
2026-09-03 09:32:58,376 | Memória CPU Usada: 6.34 GB
2026-09-03 09:32:58,376 | Tempo do Step: 119.61745095252991 s
2026-09-03 09:32:58,376 | Tokens/s: 180.84317821305726 tok/s

2026-09-03 09:32:58,434 | Optimizer: 4
2026-09-03 09:34:59,477 | Memória GPU Effective Usada: 13.44 GB
2026-09-03 09:34:59,477 | Memória Torch GPU Usada: 8.09 GB
2026-09-03 09:34:59,477 | Memória Torch GPU Reservada: 12.86 GB
2026-09-03 09:34:59,478 | Memória CPU Usada: 6.35 GB
2026-09-03 09:34:59,478 | Tempo do Step: 121.04284524917603 s
2026-09-03 09:34:59,478 | Tokens/s: 178.71357828270527 tok/s

2026-09-03 09:34:59,530 | Optimizer: 5
2026-09-03 09:37:00,511 | Memória GPU Effective Usada: 13.44 GB
2026-09-03 09:37:00,511 | Memória Torch GPU Usada: 8.09 GB
2026-09-03 09:37:00,511 | Memória Torch GPU Reservada: 12.86 GB
2026-09-03 09:37:00,511 | Memória CPU Usada: 6.34 GB
2026-09-03 09:37:00,511 | Tempo do Step: 120.98003220558167 s
2026-09-03 09:37:00,511 | Tokens/s: 178.80636668405484 tok/s

2026-09-03 09:37:00,569 | Optimizer: 6
2026-09-03 09:39:01,667 | Memória GPU Effective Usada: 13.44 GB
2026-09-03 09:39:01,668 | Memória Torch GPU Usada: 8.09 GB
2026-09-03 09:39:01,668 | Memória Torch GPU Reservada: 12.86 GB
2026-09-03 09:39:01,668 | Memória CPU Usada: 6.35 GB
2026-09-03 09:39:01,668 | Tempo do Step: 121.09815049171448 s
2026-09-03 09:39:01,668 | Tokens/s: 178.63196020883953 tok/s

2026-09-03 09:39:01,750 | Optimizer: 7
2026-09-03 09:41:02,802 | Memória GPU Effective Usada: 13.44 GB
2026-09-03 09:41:02,802 | Memória Torch GPU Usada: 8.09 GB
2026-09-03 09:41:02,802 | Memória Torch GPU Reservada: 12.86 GB
2026-09-03 09:41:02,802 | Memória CPU Usada: 6.35 GB
2026-09-03 09:41:02,802 | Tempo do Step: 121.05149912834167 s
2026-09-03 09:41:02,802 | Tokens/s: 178.700802185566 tok/s

2026-09-03 09:41:02,855 | Optimizer: 8
2026-09-03 09:43:03,919 | Memória GPU Effective Usada: 13.44 GB
2026-09-03 09:43:03,919 | Memória Torch GPU Usada: 8.09 GB
2026-09-03 09:43:03,919 | Memória Torch GPU Reservada: 12.86 GB
2026-09-03 09:43:03,919 | Memória CPU Usada: 6.33 GB
2026-09-03 09:43:03,919 | Tempo do Step: 121.06385588645935 s
2026-09-03 09:43:03,919 | Tokens/s: 178.68256253367426 tok/s

2026-09-03 09:43:03,972 | Optimizer: 9
2026-09-03 09:45:06,015 | Memória GPU Effective Usada: 13.44 GB
2026-09-03 09:45:06,015 | Memória Torch GPU Usada: 8.09 GB
2026-09-03 09:45:06,015 | Memória Torch GPU Reservada: 12.86 GB
2026-09-03 09:45:06,015 | Memória CPU Usada: 6.35 GB
2026-09-03 09:45:06,016 | Tempo do Step: 122.04295444488525 s
2026-09-03 09:45:06,016 | Tokens/s: 177.24906856273327 tok/s

2026-09-03 09:45:06,764 | Estatísticas do Treino Realizado
2026-09-03 09:45:06,764 | {'loss': 0.7645638465881348, 'grad_norm': 0.2756919264793396, 'learning_rate': 0.00017071067811865476, 'epoch': 0.23809523809523808, 'step': 5}
2026-09-03 09:45:06,764 | {'loss': 0.5323739528656006, 'grad_norm': 0.22885100543498993, 'learning_rate': 7.612046748871327e-06, 'epoch': 0.47619047619047616, 'step': 10}
2026-09-03 09:45:06,764 | {'train_runtime': 1181.8192, 'train_samples_per_second': 0.135, 'train_steps_per_second': 0.008, 'total_flos': 9843089025269760.0, 'train_loss': 0.6484688997268677, 'epoch': 0.47619047619047616, 'step': 10}

2026-09-03 09:45:06,764 | Estatísticas do Treino Realizado
2026-09-03 09:45:06,764 | Logs Memória GPU: [13.38299560546875, 13.41229248046875, 13.41229248046875, 13.41229248046875, 13.41229248046875, 13.41229248046875, 13.41229248046875, 13.41229248046875, 13.41229248046875, 13.41229248046875, 13.41229248046875, 13.41229248046875, 13.41229248046875, 13.41229248046875, 13.41229248046875, 13.41229248046875, 13.43963623046875, 13.43963623046875, 13.43963623046875, 13.43963623046875, 13.43963623046875, 13.43963623046875, 13.43963623046875, 13.43963623046875, 13.43963623046875, 13.43963623046875, 13.43963623046875, 13.43963623046875, 13.43963623046875, 13.43963623046875, 13.43963623046875, 13.43963623046875, 13.43963623046875, 13.43963623046875, 13.43963623046875, 13.43963623046875, 13.43963623046875, 13.43963623046875, 13.43963623046875, 13.43963623046875, 13.43963623046875, 13.43963623046875, 13.43963623046875, 13.43963623046875, 13.43963623046875, 13.43963623046875, 13.43963623046875, 13.43963623046875, 13.43963623046875, 13.43963623046875, 13.43963623046875, 13.43963623046875, 13.43963623046875, 13.43963623046875, 13.43963623046875, 13.43963623046875, 13.43963623046875, 13.43963623046875, 13.43963623046875, 13.43963623046875, 13.43963623046875, 13.43963623046875, 13.43963623046875, 13.43963623046875, 13.43963623046875, 13.43963623046875, 13.43963623046875, 13.43963623046875, 13.43963623046875, 13.43963623046875, 13.43963623046875, 13.43963623046875, 13.43963623046875, 13.43963623046875, 13.43963623046875, 13.43963623046875, 13.43963623046875, 13.43963623046875, 13.43963623046875, 13.43963623046875, 13.43963623046875, 13.43963623046875, 13.43963623046875, 13.43963623046875, 13.43963623046875, 13.43963623046875, 13.43963623046875, 13.43963623046875, 13.43963623046875, 13.43963623046875, 13.43963623046875, 13.43963623046875, 13.43963623046875, 13.43963623046875, 13.43963623046875, 13.43963623046875, 13.43963623046875, 13.43963623046875, 13.43963623046875, 13.43963623046875, 13.43963623046875, 13.43963623046875, 13.43963623046875, 13.43963623046875, 13.43963623046875, 13.43963623046875, 13.43963623046875, 13.43963623046875, 13.43963623046875, 13.43963623046875, 13.43963623046875, 13.43963623046875, 13.43963623046875, 13.43963623046875, 13.43963623046875, 13.43963623046875, 13.43963623046875, 13.43963623046875, 13.43963623046875, 13.43963623046875, 13.43963623046875, 13.43963623046875, 13.43963623046875, 13.43963623046875, 13.43963623046875, 13.43963623046875, 13.43963623046875, 13.43963623046875, 13.43963623046875, 13.43963623046875, 13.43963623046875, 13.43963623046875, 13.43963623046875, 13.43963623046875, 13.43963623046875, 13.43963623046875, 13.43963623046875, 13.43963623046875, 13.43963623046875, 13.43963623046875, 13.43963623046875, 13.43963623046875, 13.43963623046875, 13.43963623046875, 13.43963623046875, 13.43963623046875, 13.43963623046875, 13.43963623046875, 13.43963623046875, 13.43963623046875]
2026-09-03 09:45:06,764 | Max Memória GPU: 13.43963623046875
2026-09-03 09:45:06,765 | Média Memória GPU: 13.436524251302083
2026-09-03 09:45:09,467 | P95 Memória GPU: 13.43963623046875
2026-09-03 09:45:09,468 | Desvio Padrão Memória GPU: 0.009298999305037442

2026-09-03 09:45:09,468 | Logs Memória Alocada GPU Torch: [8.119682788848877, 8.119682788848877, 8.119682788848877, 8.119682788848877, 8.119682788848877, 8.119682788848877, 8.119682788848877, 8.119682788848877, 8.119682788848877, 8.119682788848877, 8.119682788848877, 8.119682788848877, 8.119682788848877, 8.119682788848877, 8.119682788848877, 8.148730278015137, 8.148730278015137, 8.148730278015137, 8.148730278015137, 8.148730278015137, 8.148730278015137, 8.148730278015137, 8.148730278015137, 8.148730278015137, 8.148730278015137, 8.148730278015137, 8.148730278015137, 8.148730278015137, 8.148730278015137, 8.148730278015137, 8.148730278015137, 8.148730278015137, 8.148730278015137, 8.148730278015137, 8.148730278015137, 8.148730278015137, 8.148730278015137, 8.148730278015137, 8.148730278015137, 8.148730278015137, 8.148730278015137, 8.148730278015137, 8.148730278015137, 8.148730278015137, 8.148730278015137, 8.148730278015137, 8.148730278015137, 8.148730278015137, 8.148730278015137, 8.148730278015137, 8.148730278015137, 8.148730278015137, 8.148730278015137, 8.148730278015137, 8.148730278015137, 8.148730278015137, 8.148730278015137, 8.148730278015137, 8.148730278015137, 8.148730278015137, 8.148730278015137, 8.148730278015137, 8.148730278015137, 8.148730278015137, 8.148730278015137, 8.148730278015137, 8.148730278015137, 8.148730278015137, 8.148730278015137, 8.148730278015137, 8.148730278015137, 8.148730278015137, 8.148730278015137, 8.148730278015137, 8.148730278015137, 8.148730278015137, 8.148730278015137, 8.148730278015137, 8.148730278015137, 8.148730278015137, 8.148730278015137, 8.148730278015137, 8.148730278015137, 8.148730278015137, 8.148730278015137, 8.148730278015137, 8.148730278015137, 8.148730278015137, 8.148730278015137, 8.148730278015137, 8.148730278015137, 8.148730278015137, 8.148730278015137, 8.148730278015137, 8.148730278015137, 8.148730278015137, 8.148730278015137, 8.148730278015137, 8.148730278015137, 8.148730278015137, 8.148730278015137, 8.148730278015137, 8.148730278015137, 8.148730278015137, 8.148730278015137, 8.148730278015137, 8.148730278015137, 8.148730278015137, 8.148730278015137, 8.148730278015137, 8.148730278015137, 8.148730278015137, 8.148730278015137, 8.148730278015137, 8.148730278015137, 8.148730278015137, 8.148730278015137, 8.148730278015137, 8.148730278015137, 8.148730278015137, 8.148730278015137, 8.148730278015137, 8.148730278015137, 8.148730278015137, 8.148730278015137, 8.148730278015137, 8.148730278015137, 8.148730278015137, 8.148730278015137, 8.148730278015137, 8.148730278015137, 8.148730278015137, 8.148730278015137, 8.148730278015137, 8.148730278015137, 8.148730278015137, 8.148730278015137, 8.148730278015137, 8.148730278015137, 8.148730278015137, 8.148730278015137, 8.148730278015137, 8.148730278015137, 8.148730278015137, 8.148730278015137, 8.148730278015137, 8.148730278015137, 8.148730278015137, 8.148730278015137, 8.148730278015137]
2026-09-03 09:45:09,468 | Max Memória Alocada GPU Torch: 8.148730278015137
2026-09-03 09:45:09,468 | Média Memória Alocada GPU Torch: 8.145825529098511
2026-09-03 09:45:09,468 | P95 Memória Alocada GPU Torch: 8.148730278015137
2026-09-03 09:45:09,469 | Desvio Padrão Memória Alocada GPU Torch: 0.008714246749877929

2026-09-03 09:45:09,469 | Logs Memória Reservada GPU Torch: [12.806640625, 12.8359375, 12.8359375, 12.8359375, 12.8359375, 12.8359375, 12.8359375, 12.8359375, 12.8359375, 12.8359375, 12.8359375, 12.8359375, 12.8359375, 12.8359375, 12.8359375, 12.8359375, 12.86328125, 12.86328125, 12.86328125, 12.86328125, 12.86328125, 12.86328125, 12.86328125, 12.86328125, 12.86328125, 12.86328125, 12.86328125, 12.86328125, 12.86328125, 12.86328125, 12.86328125, 12.86328125, 12.86328125, 12.86328125, 12.86328125, 12.86328125, 12.86328125, 12.86328125, 12.86328125, 12.86328125, 12.86328125, 12.86328125, 12.86328125, 12.86328125, 12.86328125, 12.86328125, 12.86328125, 12.86328125, 12.86328125, 12.86328125, 12.86328125, 12.86328125, 12.86328125, 12.86328125, 12.86328125, 12.86328125, 12.86328125, 12.86328125, 12.86328125, 12.86328125, 12.86328125, 12.86328125, 12.86328125, 12.86328125, 12.86328125, 12.86328125, 12.86328125, 12.86328125, 12.86328125, 12.86328125, 12.86328125, 12.86328125, 12.86328125, 12.86328125, 12.86328125, 12.86328125, 12.86328125, 12.86328125, 12.86328125, 12.86328125, 12.86328125, 12.86328125, 12.86328125, 12.86328125, 12.86328125, 12.86328125, 12.86328125, 12.86328125, 12.86328125, 12.86328125, 12.86328125, 12.86328125, 12.86328125, 12.86328125, 12.86328125, 12.86328125, 12.86328125, 12.86328125, 12.86328125, 12.86328125, 12.86328125, 12.86328125, 12.86328125, 12.86328125, 12.86328125, 12.86328125, 12.86328125, 12.86328125, 12.86328125, 12.86328125, 12.86328125, 12.86328125, 12.86328125, 12.86328125, 12.86328125, 12.86328125, 12.86328125, 12.86328125, 12.86328125, 12.86328125, 12.86328125, 12.86328125, 12.86328125, 12.86328125, 12.86328125, 12.86328125, 12.86328125, 12.86328125, 12.86328125, 12.86328125, 12.86328125, 12.86328125, 12.86328125, 12.86328125, 12.86328125, 12.86328125, 12.86328125, 12.86328125, 12.86328125, 12.86328125, 12.86328125, 12.86328125, 12.86328125, 12.86328125, 12.86328125, 12.86328125, 12.86328125, 12.86328125, 12.86328125, 12.86328125]
2026-09-03 09:45:09,469 | Max Memória Reservada GPU Torch: 12.86328125
2026-09-03 09:45:09,469 | Média Memória Reservada GPU Torch: 12.860169270833333
2026-09-03 09:45:09,469 | P95 Memória Reservada GPU Torch: 12.86328125
2026-09-03 09:45:09,469 | Desvio Padrão Memória Reservada GPU Torch: 0.009298999305037442

2026-09-03 09:45:09,469 | Logs Percentagem de Utilização da Memória GPU: [89.219970703125, 89.415283203125, 89.415283203125, 89.415283203125, 89.415283203125, 89.415283203125, 89.415283203125, 89.415283203125, 89.415283203125, 89.415283203125, 89.415283203125, 89.415283203125, 89.415283203125, 89.415283203125, 89.415283203125, 89.415283203125, 89.59757486979166, 89.59757486979166, 89.59757486979166, 89.59757486979166, 89.59757486979166, 89.59757486979166, 89.59757486979166, 89.59757486979166, 89.59757486979166, 89.59757486979166, 89.59757486979166, 89.59757486979166, 89.59757486979166, 89.59757486979166, 89.59757486979166, 89.59757486979166, 89.59757486979166, 89.59757486979166, 89.59757486979166, 89.59757486979166, 89.59757486979166, 89.59757486979166, 89.59757486979166, 89.59757486979166, 89.59757486979166, 89.59757486979166, 89.59757486979166, 89.59757486979166, 89.59757486979166, 89.59757486979166, 89.59757486979166, 89.59757486979166, 89.59757486979166, 89.59757486979166, 89.59757486979166, 89.59757486979166, 89.59757486979166, 89.59757486979166, 89.59757486979166, 89.59757486979166, 89.59757486979166, 89.59757486979166, 89.59757486979166, 89.59757486979166, 89.59757486979166, 89.59757486979166, 89.59757486979166, 89.59757486979166, 89.59757486979166, 89.59757486979166, 89.59757486979166, 89.59757486979166, 89.59757486979166, 89.59757486979166, 89.59757486979166, 89.59757486979166, 89.59757486979166, 89.59757486979166, 89.59757486979166, 89.59757486979166, 89.59757486979166, 89.59757486979166, 89.59757486979166, 89.59757486979166, 89.59757486979166, 89.59757486979166, 89.59757486979166, 89.59757486979166, 89.59757486979166, 89.59757486979166, 89.59757486979166, 89.59757486979166, 89.59757486979166, 89.59757486979166, 89.59757486979166, 89.59757486979166, 89.59757486979166, 89.59757486979166, 89.59757486979166, 89.59757486979166, 89.59757486979166, 89.59757486979166, 89.59757486979166, 89.59757486979166, 89.59757486979166, 89.59757486979166, 89.59757486979166, 89.59757486979166, 89.59757486979166, 89.59757486979166, 89.59757486979166, 89.59757486979166, 89.59757486979166, 89.59757486979166, 89.59757486979166, 89.59757486979166, 89.59757486979166, 89.59757486979166, 89.59757486979166, 89.59757486979166, 89.59757486979166, 89.59757486979166, 89.59757486979166, 89.59757486979166, 89.59757486979166, 89.59757486979166, 89.59757486979166, 89.59757486979166, 89.59757486979166, 89.59757486979166, 89.59757486979166, 89.59757486979166, 89.59757486979166, 89.59757486979166, 89.59757486979166, 89.59757486979166, 89.59757486979166, 89.59757486979166, 89.59757486979166, 89.59757486979166, 89.59757486979166, 89.59757486979166, 89.59757486979166, 89.59757486979166, 89.59757486979166, 89.59757486979166, 89.59757486979166, 89.59757486979166, 89.59757486979166, 89.59757486979166, 89.59757486979166, 89.59757486979166, 89.59757486979166, 89.59757486979166]
2026-09-03 09:45:09,470 | Max Percentagem de Utilização da Memória GPU: 89.59757486979166
2026-09-03 09:45:09,470 | Média Percentagem de Utilização da Memória GPU: 89.57682834201388
2026-09-03 09:45:09,470 | P95 Percentagem de Utilização da Memória GPU: 89.59757486979166
2026-09-03 09:45:09,470 | Desvio Padrão Percentagem de Utilização da Memória GPU: 0.06199332870024678

2026-09-03 09:45:09,470 | Logs Percentagem de Utilização da GPU: [93, 100, 100, 100, 100, 100, 100, 99, 100, 100, 100, 100, 100, 88, 100, 100, 100, 100, 100, 100, 100, 97, 100, 73, 100, 100, 100, 100, 98, 96, 100, 100, 100, 90, 100, 100, 100, 100, 100, 100, 100, 100, 88, 100, 100, 100, 100, 100, 100, 96, 100, 100, 100, 100, 100, 100, 100, 100, 100, 100, 99, 100, 100, 91, 100, 100, 100, 100, 100, 97, 100, 100, 95, 100, 100, 100, 100, 100, 100, 100, 100, 100, 100, 100, 100, 100, 100, 100, 100, 100, 100, 91, 100, 100, 100, 100, 100, 100, 100, 100, 90, 100, 100, 100, 100, 100, 100, 100, 100, 100, 100, 99, 100, 100, 91, 100, 100, 100, 100, 100, 100, 100, 100, 100, 100, 100, 95, 100, 100, 100, 100, 100, 100, 100, 100, 100, 100, 100, 100, 100, 91, 100, 100, 100, 100, 100, 100, 100, 100, 100]
2026-09-03 09:45:09,470 | Max Percentagem de Utilização da GPU: 100
2026-09-03 09:45:09,470 | Média Percentagem de Utilização da GPU: 99.04666666666667
2026-09-03 09:45:09,471 | P95 Percentagem de Utilização da GPU: 100.0
2026-09-03 09:45:09,471 | Desvio Padrão Percentagem de Utilização da GPU: 3.225598996913424

2026-09-03 09:45:09,471 | Logs Clock Memória GPU: [5000, 5000, 5000, 5000, 5000, 5000, 5000, 5000, 5000, 5000, 5000, 5000, 5000, 5000, 5000, 5000, 5000, 5000, 5000, 5000, 5000, 5000, 5000, 5000, 5000, 5000, 5000, 5000, 5000, 5000, 5000, 5000, 5000, 5000, 5000, 5000, 5000, 5000, 5000, 5000, 5000, 5000, 5000, 5000, 5000, 5000, 5000, 5000, 5000, 5000, 5000, 5000, 5000, 5000, 5000, 5000, 5000, 5000, 5000, 5000, 5000, 5000, 5000, 5000, 5000, 5000, 5000, 5000, 5000, 5000, 5000, 5000, 5000, 5000, 5000, 5000, 5000, 5000, 5000, 5000, 5000, 5000, 5000, 5000, 5000, 5000, 5000, 5000, 5000, 5000, 5000, 5000, 5000, 5000, 5000, 5000, 5000, 5000, 5000, 5000, 5000, 5000, 5000, 5000, 5000, 5000, 5000, 5000, 5000, 5000, 5000, 5000, 5000, 5000, 5000, 5000, 5000, 5000, 5000, 5000, 5000, 5000, 5000, 5000, 5000, 5000, 5000, 5000, 5000, 5000, 5000, 5000, 5000, 5000, 5000, 5000, 5000, 5000, 5000, 5000, 5000, 5000, 5000, 5000, 5000, 5000, 5000, 5000, 5000, 5000]
2026-09-03 09:45:09,471 | Max Clock Memória GPU: 5000
2026-09-03 09:45:09,471 | Média Clock Memória GPU: 5000.0
2026-09-03 09:45:09,471 | P95 Clock Memória GPU: 5000.0
2026-09-03 09:45:09,471 | Desvio Padrão Clock Memória GPU: 0.0

2026-09-03 09:45:09,471 | Logs Clock SM GPU: [1425, 1380, 1545, 1125, 990, 1575, 1245, 960, 1275, 1215, 915, 1080, 1095, 885, 810, 885, 1065, 915, 1080, 1110, 765, 1080, 1020, 1425, 1395, 1185, 1020, 855, 1065, 750, 930, 765, 1035, 945, 735, 735, 990, 885, 1155, 1155, 810, 1005, 1470, 1275, 780, 795, 810, 1035, 795, 1005, 840, 1065, 930, 1350, 765, 915, 690, 780, 960, 885, 870, 840, 690, 975, 810, 690, 690, 675, 765, 690, 675, 705, 675, 1005, 690, 690, 795, 885, 690, 870, 825, 825, 780, 825, 825, 690, 855, 690, 705, 825, 780, 975, 825, 960, 690, 690, 705, 855, 780, 675, 765, 690, 825, 900, 690, 690, 690, 780, 855, 690, 885, 825, 690, 1020, 1005, 690, 1005, 720, 690, 705, 795, 810, 855, 765, 795, 915, 900, 810, 990, 840, 855, 690, 690, 675, 810, 690, 675, 690, 690, 885, 825, 1095, 690, 675, 660, 735, 720, 675, 1080, 825]
2026-09-03 09:45:09,472 | Max Clock SM GPU: 1575
2026-09-03 09:45:09,472 | Média Clock SM GPU: 881.3
2026-09-03 09:45:09,472 | P95 Clock SM GPU: 1316.2499999999986
2026-09-03 09:45:09,472 | Desvio Padrão Clock SM GPU: 199.53899368293906

2026-09-03 09:45:09,472 | Logs Temperatura GPU: [49, 51, 53, 55, 56, 57, 59, 60, 61, 62, 63, 64, 64, 65, 66, 67, 68, 68, 69, 69, 70, 70, 70, 70, 71, 71, 71, 72, 72, 72, 73, 73, 73, 73, 73, 74, 73, 74, 74, 74, 74, 74, 74, 74, 74, 75, 75, 75, 75, 75, 75, 75, 75, 75, 76, 76, 76, 76, 76, 76, 76, 76, 76, 76, 76, 76, 76, 76, 76, 76, 76, 76, 76, 76, 76, 76, 76, 76, 76, 76, 76, 76, 76, 76, 76, 76, 76, 76, 76, 76, 76, 76, 76, 76, 76, 76, 76, 76, 76, 76, 76, 76, 76, 76, 76, 76, 76, 76, 76, 76, 76, 76, 76, 76, 76, 76, 76, 76, 76, 76, 76, 76, 76, 76, 76, 76, 76, 76, 76, 76, 76, 76, 76, 76, 76, 76, 76, 76, 76, 76, 76, 76, 76, 76, 76, 76, 76, 76, 76, 76]
2026-09-03 09:45:09,472 | Max Temperatura GPU: 76
2026-09-03 09:45:09,472 | Média Temperatura GPU: 73.4
2026-09-03 09:45:09,472 | P95 Temperatura GPU: 76.0
2026-09-03 09:45:09,473 | Desvio Padrão Temperatura GPU: 5.408635071192485

2026-09-03 09:45:09,473 | Logs Memória CPU: [6.825248718261719, 6.987888336181641, 7.215358734130859, 6.774051666259766, 4.328701019287109, 4.607513427734375, 4.7467193603515625, 4.942401885986328, 4.851749420166016, 4.8633270263671875, 4.863224029541016, 4.840381622314453, 4.8537139892578125, 4.847049713134766, 4.846923828125, 4.8625030517578125, 4.901130676269531, 4.900753021240234, 4.900482177734375, 4.900177001953125, 4.892486572265625, 4.892311096191406, 4.887020111083984, 4.887302398681641, 4.798130035400391, 4.80230712890625, 4.802101135253906, 4.805706024169922, 4.805271148681641, 4.815082550048828, 4.814281463623047, 4.8143157958984375, 4.802253723144531, 4.808162689208984, 4.809303283691406, 4.81500244140625, 4.815029144287109, 4.790191650390625, 4.977230072021484, 5.332344055175781, 5.746437072753906, 6.094753265380859, 6.294197082519531, 6.429340362548828, 6.543460845947266, 6.531059265136719, 6.531681060791016, 6.531330108642578, 6.531543731689453, 6.529903411865234, 6.531700134277344, 6.534297943115234, 6.542110443115234, 6.349887847900391, 6.333469390869141, 6.348724365234375, 6.349231719970703, 6.349174499511719, 6.349113464355469, 6.342456817626953, 6.341770172119141, 6.353885650634766, 6.353843688964844, 6.353832244873047, 6.353782653808594, 6.327888488769531, 6.336513519287109, 6.337684631347656, 6.344097137451172, 6.344272613525391, 6.345649719238281, 6.346263885498047, 6.354648590087891, 6.3277587890625, 6.344226837158203, 6.345237731933594, 6.345005035400391, 6.328971862792969, 6.338039398193359, 6.336509704589844, 6.33642578125, 6.336353302001953, 6.322257995605469, 6.324069976806641, 6.3425445556640625, 6.342491149902344, 6.342460632324219, 6.342411041259766, 6.3430938720703125, 6.343303680419922, 6.349094390869141, 6.3490447998046875, 6.32977294921875, 6.325603485107422, 6.329185485839844, 6.352203369140625, 6.352199554443359, 6.352397918701172, 6.352363586425781, 6.324909210205078, 6.331123352050781, 6.331310272216797, 6.3453521728515625, 6.345329284667969, 6.327911376953125, 6.348278045654297, 6.3318023681640625, 6.331966400146484, 6.340061187744141, 6.349552154541016, 6.349754333496094, 6.342552185058594, 6.342506408691406, 6.323375701904297, 6.3344268798828125, 6.340419769287109, 6.325054168701172, 6.333789825439453, 6.349399566650391, 6.312828063964844, 6.354534149169922, 6.325138092041016, 6.327606201171875, 6.341255187988281, 6.342926025390625, 6.325664520263672, 6.353733062744141, 6.324989318847656, 6.339870452880859, 6.332000732421875, 6.308937072753906, 6.336994171142578, 6.348991394042969, 6.351879119873047, 6.322967529296875, 6.340415954589844, 6.340644836425781, 6.348545074462891, 6.340702056884766, 6.340328216552734, 6.341468811035156, 6.35101318359375, 6.351482391357422, 6.3413543701171875, 6.341335296630859, 6.3305511474609375, 6.340370178222656, 6.341087341308594, 6.342037200927734, 6.3420257568359375]
2026-09-03 09:45:09,473 | Max Memória CPU: 7.215358734130859
2026-09-03 09:45:09,473 | Média Memória CPU: 6.002524770100911
2026-09-03 09:45:09,473 | P95 Memória CPU: 6.531691551208496
2026-09-03 09:45:09,473 | Desvio Padrão Memória CPU: 0.6682748806792971

2026-09-03 09:45:09,473 | Logs Utilização CPU: [37.9, 100.0, 100.0, 99.9, 99.4, 99.8, 99.5, 99.9, 99.8, 70.0, 58.9, 67.9, 57.4, 71.5, 54.8, 62.8, 72.7, 52.6, 72.0, 52.4, 71.9, 53.0, 71.2, 72.2, 100.0, 71.2, 58.7, 71.7, 52.3, 72.3, 61.9, 52.8, 71.7, 61.8, 62.0, 70.9, 52.5, 71.5, 86.7, 99.9, 99.7, 99.9, 99.9, 99.8, 82.3, 64.0, 53.0, 70.9, 57.5, 66.2, 69.5, 54.0, 71.6, 92.5, 79.4, 57.4, 66.6, 70.3, 52.7, 70.7, 61.7, 66.0, 57.4, 71.3, 52.3, 71.1, 59.5, 63.8, 70.6, 52.8, 70.8, 53.8, 69.3, 67.7, 56.1, 61.8, 71.1, 62.0, 61.8, 71.1, 52.8, 70.8, 55.4, 67.6, 69.2, 53.9, 70.8, 52.6, 70.1, 63.8, 64.6, 52.2, 70.4, 59.5, 63.3, 70.2, 52.5, 70.7, 54.3, 68.0, 68.7, 53.6, 70.6, 52.2, 70.4, 61.8, 69.7, 52.3, 70.3, 60.4, 63.3, 70.1, 52.7, 71.4, 53.9, 68.6, 67.7, 55.8, 70.6, 52.6, 66.7, 60.7, 70.7, 52.6, 72.0, 55.5, 67.4, 69.7, 54.1, 70.4, 52.7, 70.7, 65.0, 58.7, 70.4, 61.9, 59.2, 63.4, 71.0, 52.7, 70.5, 55.5, 67.4, 70.1, 52.1, 70.1, 53.4, 69.2, 67.6, 54.7]
2026-09-03 09:45:09,473 | Max Utilização CPU: 100.0
2026-09-03 09:45:09,473 | Média Utilização CPU: 67.13866666666667
2026-09-03 09:45:09,474 | P95 Utilização CPU: 99.855
2026-09-03 09:45:09,474 | Desvio Padrão Utilização CPU: 13.211604932364914

2026-09-03 09:45:09,474 | Logs Tokens/s: [206.62943177140002, 193.05624605107465, 185.79602410216222, 180.84317821305726, 178.71357828270527, 178.80636668405484, 178.63196020883953, 178.700802185566, 178.68256253367426, 177.24906856273327]
2026-09-03 09:45:09,474 | Max Tokens/s: 206.62943177140002
2026-09-03 09:45:09,474 | Média Tokens/s: 183.71092185952674
2026-09-03 09:45:09,474 | P95 Tokens/s: 200.52149819725358
2026-09-03 09:45:09,474 | Desvio Padrão Tokens/s: 8.90016846042618

2026-09-03 09:45:09,474 | Logs Tempo Step: [104.6898295879364, 112.05024671554565, 116.42875623703003, 119.61745095252991, 121.04284524917603, 120.98003220558167, 121.09815049171448, 121.05149912834167, 121.06385588645935, 122.04295444488525]
2026-09-03 09:45:09,474 | Max Tempo Step: 122.04295444488525
2026-09-03 09:45:09,474 | Média Tempo Step: 118.00656208992004
2026-09-03 09:45:09,474 | P95 Tempo Step: 121.6177926659584
2026-09-03 09:45:09,475 | Desvio Padrão Tempo Step: 5.295536805396088

2026-09-03 09:45:09,475 | Tempo Total de Treino: 1184.4894399642944
2026-09-03 09:45:09,475 | Tempo por Effective Batch (Step): 118.44894399642945
2026-09-03 09:45:09,475 | Tempo por Micro Batch: 7.403058999776841
2026-09-03 09:45:09,475 | Tokens/s: 182.62720856888416

2026-09-03 09:45:09,475 | Logs Potência: [28.902, 28.902, 73.876, 75.881, 62.535, 74.416, 76.857, 37.532, 64.808, 73.68, 42.61, 76.467, 73.041, 77.346, 77.688, 62.888, 64.162, 43.989, 43.989, 63.144, 63.084, 76.076, 73.191, 66.865, 64.808, 60.77, 51.155, 39.482, 70.89, 63.927, 70.553, 70.205, 60.672, 64.906, 41.133, 43.497, 63.672, 63.437, 54.07, 63.966, 63.046, 65.044, 71.085, 63.28, 36.645, 71.476, 63.144, 62.3, 44.823, 69.912, 69.521, 40.27, 40.27, 63.242, 73.732, 69.227, 72.801, 54.692, 61.419, 72.507, 64.906, 64.417, 63.574, 63.084, 62.007, 63.242, 71.53, 63.437, 61.615, 42.118, 70.205, 70.053, 63.672, 70.988, 62.202, 47.577, 66.236, 61.358, 63.868, 71.921, 62.007, 51.057, 69.912, 61.909, 63.79, 42.044, 42.044, 65.298, 62.948, 69.466, 63.672, 70.205, 62.752, 71.823, 64.162, 64.162, 61.615, 48.335, 68.305, 63.672, 69.368, 63.711, 47.057, 47.057, 67.802, 62.3, 61.321, 63.731, 71.868, 63.535, 67.06, 62.986, 72.063, 68.389, 61.554, 63.868, 71.476, 68.487, 61.554, 45.243, 40.763, 55.641, 69.618, 62.888, 72.116, 65.102, 65.885, 60.831, 52.531, 65.649, 64.652, 72.312, 69.227, 65.298, 62.458, 70.792, 65.2, 40.247, 69.325, 61.125, 43.668, 67.411, 63.437, 64.377, 64.025, 68.194, 65.2, 63.574, 66.041, 54.757, 69.172, 68.976, 61.419, 62.85, 43.274, 71.726, 51.284, 62.007, 64.064, 67.411, 71.672, 61.419, 63.633, 70.499, 63.28, 66.921, 70.64, 54.757, 57.667, 62.633, 66.824]
2026-09-03 09:45:09,475 | Max Potência: 77.688
2026-09-03 09:45:09,475 | Média Potência: 62.21987134502924
2026-09-03 09:45:09,475 | P95 Potência: 73.706
2026-09-03 09:45:09,475 | Desvio Padrão Potência: 9.990158919402127

2026-09-03 09:45:09,475 | Energia Consumida: 22.79352512304624 Wh
2026-09-03 09:45:09,475 | Energia por Effective Batch (Step): 2.279352512304624 Wh
2026-09-03 09:45:09,475 | Energia por Micro Batch: 0.142459532019039 Wh
2026-09-03 09:45:09,476 | Energia por Token: 0.00010536947634544304 Wh
2026-09-03 09:45:09,476 | Energia por 1 Milhão de Tokens: 105.36947634544305 Wh
2026-09-03 09:45:09,476 | Energia por 10 Milhões de Tokens: 1053.6947634544304 Wh
2026-09-03 09:45:09,476 | Energia por 100 Milhões de Tokens: 10536.947634544304 Wh