2026-09-02 16:04:39,564 | Training Arguments: {'output_dir': 'trainer_output', 'per_device_train_batch_size': 1, 'num_train_epochs': 3.0, 'max_steps': 10, 'learning_rate': 0.0002, 'lr_scheduler_type': 'cosine', 'lr_scheduler_kwargs': None, 'warmup_steps': 2, 'optim': 'adamw_8bit', 'optim_args': None, 'weight_decay': 0.0, 'adam_beta1': 0.9, 'adam_beta2': 0.999, 'adam_epsilon': 1e-08, 'optim_target_modules': None, 'gradient_accumulation_steps': 16, 'average_tokens_across_devices': True, 'max_grad_norm': 1.0, 'label_smoothing_factor': 0.0, 'bf16': False, 'fp16': True, 'bf16_full_eval': False, 'fp16_full_eval': False, 'tf32': None, 'gradient_checkpointing': False, 'gradient_checkpointing_kwargs': None, 'torch_compile': False, 'torch_compile_backend': None, 'torch_compile_mode': None, 'use_liger_kernel': False, 'liger_kernel_config': None, 'use_cache': False, 'neftune_noise_alpha': None, 'torch_empty_cache_steps': None, 'auto_find_batch_size': False, 'logging_strategy': 'steps', 'logging_steps': 5, 'logging_first_step': False, 'log_on_each_node': True, 'logging_nan_inf_filter': True, 'include_num_input_tokens_seen': 'no', 'log_level': 'passive', 'log_level_replica': 'warning', 'disable_tqdm': False, 'report_to': [], 'run_name': None, 'project': 'huggingface', 'trackio_space_id': None, 'trackio_bucket_id': None, 'trackio_static_space_id': None, 'eval_strategy': 'no', 'eval_steps': None, 'eval_delay': 0, 'per_device_eval_batch_size': 8, 'prediction_loss_only': False, 'eval_on_start': False, 'eval_do_concat_batches': True, 'eval_use_gather_object': False, 'eval_accumulation_steps': None, 'include_for_metrics': [], 'batch_eval_metrics': False, 'save_only_model': False, 'save_strategy': 'steps', 'save_steps': 500, 'save_on_each_node': False, 'save_total_limit': None, 'enable_jit_checkpoint': False, 'push_to_hub': False, 'hub_token': '<HUB_TOKEN>', 'hub_private_repo': None, 'hub_model_id': None, 'hub_strategy': 'every_save', 'hub_always_push': False, 'hub_revision': None, 'load_best_model_at_end': False, 'metric_for_best_model': None, 'greater_is_better': None, 'ignore_data_skip': False, 'restore_callback_states_from_checkpoint': False, 'full_determinism': False, 'seed': 42, 'data_seed': None, 'use_cpu': False, 'accelerator_config': {'split_batches': False, 'dispatch_batches': None, 'even_batches': True, 'use_seedable_sampler': True, 'non_blocking': False, 'gradient_accumulation_kwargs': None}, 'parallelism_config': None, 'dataloader_drop_last': False, 'dataloader_num_workers': 0, 'dataloader_pin_memory': True, 'dataloader_persistent_workers': False, 'dataloader_prefetch_factor': None, 'dataloader_multiprocessing_context': None, 'dataloader_in_order': True, 'remove_unused_columns': True, 'label_names': None, 'train_sampling_strategy': 'random', 'length_column_name': 'length', 'ddp_find_unused_parameters': None, 'ddp_bucket_cap_mb': None, 'ddp_broadcast_buffers': None, 'ddp_static_graph': None, 'ddp_backend': None, 'ddp_timeout': 1800, 'fsdp': None, 'fsdp_config': None, 'deepspeed': None, 'debug': [], 'skip_memory_metrics': True, 'do_train': False, 'do_eval': False, 'do_predict': False, 'resume_from_checkpoint': None, 'local_rank': -1}

2026-09-02 16:04:39,748 | Optimizer: 0
2026-09-02 16:05:37,930 | Memória GPU Effective Usada: 11.94 GB
2026-09-02 16:05:37,931 | Memória Torch GPU Usada: 8.09 GB
2026-09-02 16:05:37,931 | Memória Torch GPU Reservada: 11.36 GB
2026-09-02 16:05:37,931 | Memória CPU Usada: 4.18 GB
2026-09-02 16:05:37,931 | Tempo do Step: 58.18114876747131 s
2026-09-02 16:05:37,931 | Tokens/s: 199.92730027536638 tok/s

2026-09-02 16:05:37,962 | Optimizer: 1
2026-09-02 16:06:46,713 | Memória GPU Effective Usada: 11.97 GB
2026-09-02 16:06:46,713 | Memória Torch GPU Usada: 8.09 GB
2026-09-02 16:06:46,713 | Memória Torch GPU Reservada: 11.39 GB
2026-09-02 16:06:46,713 | Memória CPU Usada: 4.21 GB
2026-09-02 16:06:46,713 | Tempo do Step: 68.75140309333801 s
2026-09-02 16:06:46,713 | Tokens/s: 169.18927435136428 tok/s

2026-09-02 16:06:46,746 | Optimizer: 2
2026-09-02 16:07:55,394 | Memória GPU Effective Usada: 11.97 GB
2026-09-02 16:07:55,394 | Memória Torch GPU Usada: 8.09 GB
2026-09-02 16:07:55,394 | Memória Torch GPU Reservada: 11.39 GB
2026-09-02 16:07:55,395 | Memória CPU Usada: 4.13 GB
2026-09-02 16:07:55,395 | Tempo do Step: 68.64823031425476 s
2026-09-02 16:07:55,395 | Tokens/s: 169.44355224820154 tok/s

2026-09-02 16:07:55,431 | Optimizer: 3
2026-09-02 16:09:04,372 | Memória GPU Effective Usada: 11.97 GB
2026-09-02 16:09:04,372 | Memória Torch GPU Usada: 8.09 GB
2026-09-02 16:09:04,372 | Memória Torch GPU Reservada: 11.39 GB
2026-09-02 16:09:04,372 | Memória CPU Usada: 4.13 GB
2026-09-02 16:09:04,372 | Tempo do Step: 68.94095373153687 s
2026-09-02 16:09:04,372 | Tokens/s: 168.72409461140035 tok/s

2026-09-02 16:09:04,403 | Optimizer: 4
2026-09-02 16:10:13,145 | Memória GPU Effective Usada: 11.97 GB
2026-09-02 16:10:13,146 | Memória Torch GPU Usada: 8.09 GB
2026-09-02 16:10:13,146 | Memória Torch GPU Reservada: 11.39 GB
2026-09-02 16:10:13,146 | Memória CPU Usada: 4.12 GB
2026-09-02 16:10:13,146 | Tempo do Step: 68.74232053756714 s
2026-09-02 16:10:13,146 | Tokens/s: 169.21162842681755 tok/s

2026-09-02 16:10:13,183 | Optimizer: 5
2026-09-02 16:11:22,283 | Memória GPU Effective Usada: 11.97 GB
2026-09-02 16:11:22,284 | Memória Torch GPU Usada: 8.09 GB
2026-09-02 16:11:22,284 | Memória Torch GPU Reservada: 11.39 GB
2026-09-02 16:11:22,284 | Memória CPU Usada: 4.12 GB
2026-09-02 16:11:22,284 | Tempo do Step: 69.10051894187927 s
2026-09-02 16:11:22,284 | Tokens/s: 168.3344811025764 tok/s

2026-09-02 16:11:22,316 | Optimizer: 6
2026-09-02 16:12:31,087 | Memória GPU Effective Usada: 11.97 GB
2026-09-02 16:12:31,087 | Memória Torch GPU Usada: 8.09 GB
2026-09-02 16:12:31,087 | Memória Torch GPU Reservada: 11.39 GB
2026-09-02 16:12:31,087 | Memória CPU Usada: 4.13 GB
2026-09-02 16:12:31,087 | Tempo do Step: 68.77092099189758 s
2026-09-02 16:12:31,087 | Tokens/s: 169.14125668566302 tok/s

2026-09-02 16:12:31,117 | Optimizer: 7
2026-09-02 16:13:39,966 | Memória GPU Effective Usada: 11.97 GB
2026-09-02 16:13:39,966 | Memória Torch GPU Usada: 8.09 GB
2026-09-02 16:13:39,966 | Memória Torch GPU Reservada: 11.39 GB
2026-09-02 16:13:39,966 | Memória CPU Usada: 4.12 GB
2026-09-02 16:13:39,966 | Tempo do Step: 68.84841012954712 s
2026-09-02 16:13:39,966 | Tokens/s: 168.95088758205017 tok/s

2026-09-02 16:13:39,999 | Optimizer: 8
2026-09-02 16:14:48,626 | Memória GPU Effective Usada: 11.97 GB
2026-09-02 16:14:48,627 | Memória Torch GPU Usada: 8.09 GB
2026-09-02 16:14:48,627 | Memória Torch GPU Reservada: 11.39 GB
2026-09-02 16:14:48,627 | Memória CPU Usada: 4.12 GB
2026-09-02 16:14:48,627 | Tempo do Step: 68.6272919178009 s
2026-09-02 16:14:48,627 | Tokens/s: 169.49524999372488 tok/s

2026-09-02 16:14:48,670 | Optimizer: 9
2026-09-02 16:15:57,040 | Memória GPU Effective Usada: 11.97 GB
2026-09-02 16:15:57,040 | Memória Torch GPU Usada: 8.09 GB
2026-09-02 16:15:57,040 | Memória Torch GPU Reservada: 11.39 GB
2026-09-02 16:15:57,040 | Memória CPU Usada: 2.48 GB
2026-09-02 16:15:57,040 | Tempo do Step: 68.37008309364319 s
2026-09-02 16:15:57,040 | Tokens/s: 170.1328925411457 tok/s

2026-09-02 16:15:57,688 | Estatísticas do Treino Realizado
2026-09-02 16:15:57,688 | {'loss': 1.5178059577941894, 'grad_norm': 0.4876135289669037, 'learning_rate': 0.00017071067811865476, 'epoch': 0.20833333333333334, 'step': 5}
2026-09-02 16:15:57,688 | {'loss': 1.124325942993164, 'grad_norm': 0.41110068559646606, 'learning_rate': 7.612046748871327e-06, 'epoch': 0.4166666666666667, 'step': 10}
2026-09-02 16:15:57,688 | {'train_runtime': 678.1293, 'train_samples_per_second': 0.236, 'train_steps_per_second': 0.015, 'total_flos': 5292844468469760.0, 'train_loss': 1.3210659503936768, 'epoch': 0.4166666666666667, 'step': 10}

2026-09-02 16:15:57,688 | Estatísticas do Treino Realizado
2026-09-02 16:15:57,688 | Logs Memória GPU: [11.90838623046875, 11.93768310546875, 11.93768310546875, 11.93768310546875, 11.93768310546875, 11.93768310546875, 11.93768310546875, 11.93768310546875, 11.93768310546875, 11.93768310546875, 11.93768310546875, 11.93768310546875, 11.93768310546875, 11.93768310546875, 11.93768310546875, 11.93768310546875, 11.96697998046875, 11.96697998046875, 11.96697998046875, 11.96697998046875, 11.96697998046875, 11.96697998046875, 11.96697998046875, 11.96697998046875, 11.96697998046875, 11.96697998046875, 11.96697998046875, 11.96697998046875, 11.96697998046875, 11.96697998046875, 11.96697998046875, 11.96697998046875, 11.96697998046875, 11.96697998046875, 11.96697998046875, 11.96697998046875, 11.96697998046875, 11.96697998046875, 11.96697998046875, 11.96697998046875, 11.96697998046875, 11.96697998046875, 11.96697998046875, 11.96697998046875, 11.96697998046875, 11.96697998046875, 11.96697998046875, 11.96697998046875, 11.96697998046875, 11.96697998046875, 11.96697998046875, 11.96697998046875, 11.96697998046875, 11.96697998046875, 11.96697998046875, 11.96697998046875, 11.96697998046875, 11.96697998046875, 11.96697998046875, 11.96697998046875, 11.96697998046875, 11.96697998046875, 11.96697998046875, 11.96697998046875, 11.96697998046875, 11.96697998046875, 11.96697998046875, 11.96697998046875, 11.96697998046875, 11.96697998046875, 11.96697998046875, 11.96697998046875, 11.96697998046875, 11.96697998046875, 11.96697998046875, 11.96697998046875, 11.96697998046875, 11.96697998046875, 11.96697998046875, 11.96697998046875, 11.96697998046875, 11.96697998046875, 11.96697998046875, 11.96697998046875, 11.96697998046875, 11.96697998046875, 11.96697998046875, 11.96697998046875, 11.96697998046875, 11.96697998046875, 11.96697998046875, 11.96697998046875, 11.96697998046875, 11.96697998046875, 11.96697998046875, 11.96697998046875, 11.96697998046875, 11.96697998046875, 11.96697998046875, 11.96697998046875, 11.96697998046875, 11.96697998046875, 11.96697998046875, 11.96697998046875, 11.96697998046875, 11.96697998046875, 11.96697998046875, 11.96697998046875, 11.96697998046875, 11.96697998046875, 11.96697998046875, 11.96697998046875, 11.96697998046875, 11.96697998046875, 11.96697998046875, 11.96697998046875, 11.96697998046875, 11.96697998046875, 11.96697998046875, 11.96697998046875, 11.96697998046875, 11.96697998046875, 11.96697998046875, 11.96697998046875, 11.96697998046875, 11.96697998046875, 11.96697998046875, 11.96697998046875, 11.96697998046875, 11.96697998046875, 11.96697998046875, 11.96697998046875, 11.96697998046875, 11.96697998046875, 11.96697998046875, 11.96697998046875, 11.96697998046875, 11.96697998046875, 11.96697998046875, 11.96697998046875, 11.96697998046875, 11.96697998046875, 11.96697998046875, 11.96697998046875, 11.96697998046875, 11.96697998046875, 11.96697998046875, 11.96697998046875, 11.96697998046875, 11.96697998046875]
2026-09-02 16:15:57,689 | Max Memória GPU: 11.96697998046875
2026-09-02 16:15:57,690 | Média Memória GPU: 11.96365966796875
2026-09-02 16:15:57,709 | P95 Memória GPU: 11.96697998046875
2026-09-02 16:15:57,709 | Desvio Padrão Memória GPU: 0.009884047600687496

2026-09-02 16:15:57,709 | Logs Memória Alocada GPU Torch: [8.11988115310669, 8.11988115310669, 8.11988115310669, 8.11988115310669, 8.11988115310669, 8.11988115310669, 8.11988115310669, 8.11988115310669, 8.11988115310669, 8.11988115310669, 8.11988115310669, 8.11988115310669, 8.11988115310669, 8.11988115310669, 8.11988115310669, 8.14892864227295, 8.14892864227295, 8.14892864227295, 8.14892864227295, 8.14892864227295, 8.14892864227295, 8.14892864227295, 8.14892864227295, 8.14892864227295, 8.14892864227295, 8.14892864227295, 8.14892864227295, 8.14892864227295, 8.14892864227295, 8.14892864227295, 8.14892864227295, 8.14892864227295, 8.14892864227295, 8.14892864227295, 8.14892864227295, 8.14892864227295, 8.14892864227295, 8.14892864227295, 8.14892864227295, 8.14892864227295, 8.14892864227295, 8.14892864227295, 8.14892864227295, 8.14892864227295, 8.14892864227295, 8.14892864227295, 8.14892864227295, 8.14892864227295, 8.14892864227295, 8.14892864227295, 8.14892864227295, 8.14892864227295, 8.14892864227295, 8.14892864227295, 8.14892864227295, 8.14892864227295, 8.14892864227295, 8.14892864227295, 8.14892864227295, 8.14892864227295, 8.14892864227295, 8.14892864227295, 8.14892864227295, 8.14892864227295, 8.14892864227295, 8.14892864227295, 8.14892864227295, 8.14892864227295, 8.14892864227295, 8.14892864227295, 8.14892864227295, 8.14892864227295, 8.14892864227295, 8.14892864227295, 8.14892864227295, 8.14892864227295, 8.14892864227295, 8.14892864227295, 8.14892864227295, 8.14892864227295, 8.14892864227295, 8.14892864227295, 8.14892864227295, 8.14892864227295, 8.14892864227295, 8.14892864227295, 8.14892864227295, 8.14892864227295, 8.14892864227295, 8.14892864227295, 8.14892864227295, 8.14892864227295, 8.14892864227295, 8.14892864227295, 8.14892864227295, 8.14892864227295, 8.14892864227295, 8.14892864227295, 8.14892864227295, 8.14892864227295, 8.14892864227295, 8.14892864227295, 8.14892864227295, 8.14892864227295, 8.14892864227295, 8.14892864227295, 8.14892864227295, 8.14892864227295, 8.14892864227295, 8.14892864227295, 8.14892864227295, 8.14892864227295, 8.14892864227295, 8.14892864227295, 8.14892864227295, 8.14892864227295, 8.14892864227295, 8.14892864227295, 8.14892864227295, 8.14892864227295, 8.14892864227295, 8.14892864227295, 8.14892864227295, 8.14892864227295, 8.14892864227295, 8.14892864227295, 8.14892864227295, 8.14892864227295, 8.14892864227295, 8.14892864227295, 8.14892864227295, 8.14892864227295, 8.14892864227295, 8.14892864227295, 8.14892864227295, 8.14892864227295, 8.14892864227295, 8.14892864227295, 8.14892864227295, 8.14892864227295, 8.14892864227295, 8.14892864227295, 8.14892864227295, 8.14892864227295, 8.14892864227295, 8.14892864227295, 8.14892864227295, 8.14892864227295, 8.14892864227295, 8.14892864227295]
2026-09-02 16:15:57,710 | Max Memória Alocada GPU Torch: 8.14892864227295
2026-09-02 16:15:57,710 | Média Memória Alocada GPU Torch: 8.146023893356324
2026-09-02 16:15:57,710 | P95 Memória Alocada GPU Torch: 8.14892864227295
2026-09-02 16:15:57,710 | Desvio Padrão Memória Alocada GPU Torch: 0.008714246749877929

2026-09-02 16:15:57,710 | Logs Memória Reservada GPU Torch: [11.33203125, 11.361328125, 11.361328125, 11.361328125, 11.361328125, 11.361328125, 11.361328125, 11.361328125, 11.361328125, 11.361328125, 11.361328125, 11.361328125, 11.361328125, 11.361328125, 11.361328125, 11.361328125, 11.390625, 11.390625, 11.390625, 11.390625, 11.390625, 11.390625, 11.390625, 11.390625, 11.390625, 11.390625, 11.390625, 11.390625, 11.390625, 11.390625, 11.390625, 11.390625, 11.390625, 11.390625, 11.390625, 11.390625, 11.390625, 11.390625, 11.390625, 11.390625, 11.390625, 11.390625, 11.390625, 11.390625, 11.390625, 11.390625, 11.390625, 11.390625, 11.390625, 11.390625, 11.390625, 11.390625, 11.390625, 11.390625, 11.390625, 11.390625, 11.390625, 11.390625, 11.390625, 11.390625, 11.390625, 11.390625, 11.390625, 11.390625, 11.390625, 11.390625, 11.390625, 11.390625, 11.390625, 11.390625, 11.390625, 11.390625, 11.390625, 11.390625, 11.390625, 11.390625, 11.390625, 11.390625, 11.390625, 11.390625, 11.390625, 11.390625, 11.390625, 11.390625, 11.390625, 11.390625, 11.390625, 11.390625, 11.390625, 11.390625, 11.390625, 11.390625, 11.390625, 11.390625, 11.390625, 11.390625, 11.390625, 11.390625, 11.390625, 11.390625, 11.390625, 11.390625, 11.390625, 11.390625, 11.390625, 11.390625, 11.390625, 11.390625, 11.390625, 11.390625, 11.390625, 11.390625, 11.390625, 11.390625, 11.390625, 11.390625, 11.390625, 11.390625, 11.390625, 11.390625, 11.390625, 11.390625, 11.390625, 11.390625, 11.390625, 11.390625, 11.390625, 11.390625, 11.390625, 11.390625, 11.390625, 11.390625, 11.390625, 11.390625, 11.390625, 11.390625, 11.390625, 11.390625, 11.390625, 11.390625, 11.390625, 11.390625, 11.390625, 11.390625, 11.390625, 11.390625, 11.390625, 11.390625, 11.390625, 11.390625]
2026-09-02 16:15:57,711 | Max Memória Reservada GPU Torch: 11.390625
2026-09-02 16:15:57,711 | Média Memória Reservada GPU Torch: 11.3873046875
2026-09-02 16:15:57,711 | P95 Memória Reservada GPU Torch: 11.390625
2026-09-02 16:15:57,711 | Desvio Padrão Memória Reservada GPU Torch: 0.009884047600687496

2026-09-02 16:15:57,711 | Logs Percentagem de Utilização da Memória GPU: [79.38924153645833, 79.58455403645833, 79.58455403645833, 79.58455403645833, 79.58455403645833, 79.58455403645833, 79.58455403645833, 79.58455403645833, 79.58455403645833, 79.58455403645833, 79.58455403645833, 79.58455403645833, 79.58455403645833, 79.58455403645833, 79.58455403645833, 79.58455403645833, 79.77986653645833, 79.77986653645833, 79.77986653645833, 79.77986653645833, 79.77986653645833, 79.77986653645833, 79.77986653645833, 79.77986653645833, 79.77986653645833, 79.77986653645833, 79.77986653645833, 79.77986653645833, 79.77986653645833, 79.77986653645833, 79.77986653645833, 79.77986653645833, 79.77986653645833, 79.77986653645833, 79.77986653645833, 79.77986653645833, 79.77986653645833, 79.77986653645833, 79.77986653645833, 79.77986653645833, 79.77986653645833, 79.77986653645833, 79.77986653645833, 79.77986653645833, 79.77986653645833, 79.77986653645833, 79.77986653645833, 79.77986653645833, 79.77986653645833, 79.77986653645833, 79.77986653645833, 79.77986653645833, 79.77986653645833, 79.77986653645833, 79.77986653645833, 79.77986653645833, 79.77986653645833, 79.77986653645833, 79.77986653645833, 79.77986653645833, 79.77986653645833, 79.77986653645833, 79.77986653645833, 79.77986653645833, 79.77986653645833, 79.77986653645833, 79.77986653645833, 79.77986653645833, 79.77986653645833, 79.77986653645833, 79.77986653645833, 79.77986653645833, 79.77986653645833, 79.77986653645833, 79.77986653645833, 79.77986653645833, 79.77986653645833, 79.77986653645833, 79.77986653645833, 79.77986653645833, 79.77986653645833, 79.77986653645833, 79.77986653645833, 79.77986653645833, 79.77986653645833, 79.77986653645833, 79.77986653645833, 79.77986653645833, 79.77986653645833, 79.77986653645833, 79.77986653645833, 79.77986653645833, 79.77986653645833, 79.77986653645833, 79.77986653645833, 79.77986653645833, 79.77986653645833, 79.77986653645833, 79.77986653645833, 79.77986653645833, 79.77986653645833, 79.77986653645833, 79.77986653645833, 79.77986653645833, 79.77986653645833, 79.77986653645833, 79.77986653645833, 79.77986653645833, 79.77986653645833, 79.77986653645833, 79.77986653645833, 79.77986653645833, 79.77986653645833, 79.77986653645833, 79.77986653645833, 79.77986653645833, 79.77986653645833, 79.77986653645833, 79.77986653645833, 79.77986653645833, 79.77986653645833, 79.77986653645833, 79.77986653645833, 79.77986653645833, 79.77986653645833, 79.77986653645833, 79.77986653645833, 79.77986653645833, 79.77986653645833, 79.77986653645833, 79.77986653645833, 79.77986653645833, 79.77986653645833, 79.77986653645833, 79.77986653645833, 79.77986653645833, 79.77986653645833, 79.77986653645833, 79.77986653645833, 79.77986653645833, 79.77986653645833, 79.77986653645833, 79.77986653645833, 79.77986653645833, 79.77986653645833, 79.77986653645833, 79.77986653645833, 79.77986653645833, 79.77986653645833, 79.77986653645833]
2026-09-02 16:15:57,711 | Max Percentagem de Utilização da Memória GPU: 79.77986653645833
2026-09-02 16:15:57,711 | Média Percentagem de Utilização da Memória GPU: 79.75773111979166
2026-09-02 16:15:57,711 | P95 Percentagem de Utilização da Memória GPU: 79.77986653645833
2026-09-02 16:15:57,712 | Desvio Padrão Percentagem de Utilização da Memória GPU: 0.06589365067124998

2026-09-02 16:15:57,712 | Logs Percentagem de Utilização da GPU: [100, 100, 100, 92, 100, 100, 100, 78, 100, 100, 100, 100, 100, 100, 89, 100, 100, 94, 100, 100, 100, 100, 100, 100, 100, 100, 100, 100, 100, 100, 100, 100, 100, 100, 100, 90, 100, 100, 100, 100, 100, 100, 100, 98, 100, 100, 100, 100, 100, 100, 100, 100, 100, 95, 100, 100, 100, 100, 100, 100, 100, 100, 100, 100, 100, 100, 100, 100, 100, 100, 100, 100, 95, 100, 100, 100, 100, 100, 100, 100, 100, 100, 100, 100, 100, 100, 100, 100, 100, 100, 100, 100, 100, 100, 100, 100, 100, 99, 100, 100, 100, 100, 100, 100, 100, 100, 100, 100, 100, 100, 100, 100, 100, 100, 100, 100, 100, 100, 100, 100, 100, 100, 100, 100, 100, 100, 100, 100, 100, 100, 100, 100, 100, 100, 96, 100, 100, 100, 100, 100, 89, 100, 100, 100, 100, 100, 100, 100, 100, 100]
2026-09-02 16:15:57,712 | Max Percentagem de Utilização da GPU: 100
2026-09-02 16:15:57,712 | Média Percentagem de Utilização da GPU: 99.43333333333334
2026-09-02 16:15:57,713 | P95 Percentagem de Utilização da GPU: 100.0
2026-09-02 16:15:57,713 | Desvio Padrão Percentagem de Utilização da GPU: 2.515065715951684

2026-09-02 16:15:57,713 | Logs Clock Memória GPU: [5000, 5000, 5000, 5000, 5000, 5000, 5000, 5000, 5000, 5000, 5000, 5000, 5000, 5000, 5000, 5000, 5000, 5000, 5000, 5000, 5000, 5000, 5000, 5000, 5000, 5000, 5000, 5000, 5000, 5000, 5000, 5000, 5000, 5000, 5000, 5000, 5000, 5000, 5000, 5000, 5000, 5000, 5000, 5000, 5000, 5000, 5000, 5000, 5000, 5000, 5000, 5000, 5000, 5000, 5000, 5000, 5000, 5000, 5000, 5000, 5000, 5000, 5000, 5000, 5000, 5000, 5000, 5000, 5000, 5000, 5000, 5000, 5000, 5000, 5000, 5000, 5000, 5000, 5000, 5000, 5000, 5000, 5000, 5000, 5000, 5000, 5000, 5000, 5000, 5000, 5000, 5000, 5000, 5000, 5000, 5000, 5000, 5000, 5000, 5000, 5000, 5000, 5000, 5000, 5000, 5000, 5000, 5000, 5000, 5000, 5000, 5000, 5000, 5000, 5000, 5000, 5000, 5000, 5000, 5000, 5000, 5000, 5000, 5000, 5000, 5000, 5000, 5000, 5000, 5000, 5000, 5000, 5000, 5000, 5000, 5000, 5000, 5000, 5000, 5000, 5000, 5000, 5000, 5000, 5000, 5000, 5000, 5000, 5000, 5000]
2026-09-02 16:15:57,713 | Max Clock Memória GPU: 5000
2026-09-02 16:15:57,713 | Média Clock Memória GPU: 5000.0
2026-09-02 16:15:57,714 | P95 Clock Memória GPU: 5000.0
2026-09-02 16:15:57,714 | Desvio Padrão Clock Memória GPU: 0.0

2026-09-02 16:15:57,714 | Logs Clock SM GPU: [1425, 1485, 690, 990, 990, 1365, 1455, 1365, 870, 1125, 1470, 675, 675, 660, 930, 600, 540, 840, 570, 510, 525, 645, 510, 840, 720, 900, 705, 510, 540, 780, 780, 810, 765, 540, 675, 1200, 1290, 915, 525, 660, 510, 555, 540, 510, 540, 630, 660, 570, 555, 750, 855, 540, 570, 525, 540, 525, 810, 540, 540, 540, 840, 765, 750, 540, 810, 810, 765, 810, 555, 555, 525, 645, 540, 540, 525, 525, 540, 750, 540, 540, 525, 525, 540, 660, 945, 540, 525, 525, 540, 525, 525, 540, 525, 750, 960, 540, 780, 540, 675, 525, 555, 780, 525, 525, 525, 765, 765, 840, 525, 525, 810, 525, 735, 525, 570, 525, 525, 705, 525, 555, 525, 630, 540, 525, 765, 600, 615, 870, 810, 525, 540, 615, 720, 645, 525, 540, 555, 525, 555, 735, 825, 750, 795, 555, 540, 840, 840, 525, 750, 675]
2026-09-02 16:15:57,714 | Max Clock SM GPU: 1485
2026-09-02 16:15:57,714 | Média Clock SM GPU: 684.9
2026-09-02 16:15:57,714 | P95 Clock SM GPU: 1166.2499999999986
2026-09-02 16:15:57,714 | Desvio Padrão Clock SM GPU: 213.88429114827483

2026-09-02 16:15:57,715 | Logs Temperatura GPU: [56, 57, 59, 60, 61, 62, 63, 64, 66, 67, 67, 69, 70, 71, 72, 74, 75, 75, 76, 77, 78, 79, 80, 80, 80, 79, 78, 77, 77, 76, 75, 75, 75, 75, 75, 76, 76, 77, 77, 78, 78, 77, 77, 77, 77, 77, 76, 76, 76, 76, 76, 76, 77, 77, 77, 77, 77, 77, 77, 77, 76, 76, 76, 76, 76, 76, 76, 76, 76, 77, 77, 77, 77, 77, 77, 77, 77, 77, 77, 77, 77, 77, 77, 77, 76, 77, 77, 77, 77, 77, 77, 77, 77, 77, 76, 76, 76, 76, 77, 77, 76, 76, 76, 77, 76, 76, 77, 76, 77, 77, 77, 77, 77, 77, 77, 77, 76, 76, 77, 77, 77, 77, 77, 77, 77, 77, 76, 76, 76, 76, 76, 76, 76, 76, 76, 76, 76, 76, 76, 76, 76, 76, 76, 76, 76, 76, 76, 76, 76, 76]
2026-09-02 16:15:57,715 | Max Temperatura GPU: 80
2026-09-02 16:15:57,715 | Média Temperatura GPU: 75.35333333333334
2026-09-02 16:15:57,715 | P95 Temperatura GPU: 78.0
2026-09-02 16:15:57,715 | Desvio Padrão Temperatura GPU: 4.099002588706455

2026-09-02 16:15:57,715 | Logs Memória CPU: [2.7135047912597656, 2.9020004272460938, 3.0913658142089844, 3.2379684448242188, 3.4654884338378906, 3.734233856201172, 3.8942222595214844, 4.004764556884766, 4.083229064941406, 4.196006774902344, 4.264381408691406, 4.200580596923828, 4.2004547119140625, 4.1705780029296875, 4.170570373535156, 4.214199066162109, 4.214576721191406, 4.214561462402344, 4.197509765625, 4.197467803955078, 4.197410583496094, 4.210334777832031, 4.210174560546875, 4.2160186767578125, 4.228672027587891, 4.228626251220703, 4.228977203369141, 4.228824615478516, 4.228748321533203, 4.209354400634766, 4.209407806396484, 4.220127105712891, 4.222911834716797, 4.2227325439453125, 4.202625274658203, 4.1348114013671875, 4.132999420166016, 4.143646240234375, 4.135356903076172, 4.135261535644531, 4.144603729248047, 4.144504547119141, 4.144279479980469, 4.132503509521484, 4.132427215576172, 4.104499816894531, 4.105201721191406, 4.105201721191406, 4.132038116455078, 4.131740570068359, 4.131721496582031, 4.138683319091797, 4.138683319091797, 4.138683319091797, 4.127429962158203, 4.127326965332031, 4.134052276611328, 4.1342926025390625, 4.1342926025390625, 4.13427734375, 4.134235382080078, 4.134151458740234, 4.137241363525391, 4.137199401855469, 4.139335632324219, 4.118061065673828, 4.118045806884766, 4.131221771240234, 4.131141662597656, 4.131103515625, 4.136821746826172, 4.136753082275391, 4.136699676513672, 4.121204376220703, 4.121185302734375, 4.128196716308594, 4.1278533935546875, 4.115322113037109, 4.115756988525391, 4.115684509277344, 4.114952087402344, 4.118904113769531, 4.125732421875, 4.125598907470703, 4.118370056152344, 4.118206024169922, 4.118865966796875, 4.118770599365234, 4.118690490722656, 4.1185760498046875, 4.1245269775390625, 4.125225067138672, 4.125469207763672, 4.125450134277344, 4.129875183105469, 4.131065368652344, 4.1310577392578125, 4.131050109863281, 4.131046295166016, 4.131034851074219, 4.108257293701172, 4.108253479003906, 4.120258331298828, 4.128177642822266, 4.128177642822266, 4.128406524658203, 4.09521484375, 4.096397399902344, 4.080455780029297, 4.081630706787109, 4.082313537597656, 4.110408782958984, 4.110389709472656, 4.113979339599609, 4.120937347412109, 4.120552062988281, 4.096652984619141, 4.098945617675781, 4.098903656005859, 4.118282318115234, 4.118228912353516, 4.130161285400391, 4.112079620361328, 4.11199951171875, 4.093791961669922, 4.096611022949219, 4.096595764160156, 4.115032196044922, 4.119022369384766, 4.1189422607421875, 4.118824005126953, 4.1188201904296875, 4.118770599365234, 4.118610382080078, 4.118549346923828, 4.1188812255859375, 4.118797302246094, 4.118797302246094, 4.109760284423828, 2.475727081298828, 2.477336883544922, 2.4905128479003906, 2.490509033203125, 2.4904823303222656, 2.4775962829589844, 2.4776077270507812, 2.483448028564453, 2.483440399169922, 2.483440399169922, 2.471729278564453]
2026-09-02 16:15:57,716 | Max Memória CPU: 4.264381408691406
2026-09-02 16:15:57,716 | Média Memória CPU: 3.977343419392904
2026-09-02 16:15:57,716 | P95 Memória CPU: 4.221560096740722
2026-09-02 16:15:57,716 | Desvio Padrão Memória CPU: 0.4665531903941501

2026-09-02 16:15:57,716 | Logs Utilização CPU: [49.7, 99.7, 99.4, 99.6, 99.6, 99.9, 99.9, 99.7, 99.7, 99.9, 100.0, 94.9, 62.8, 73.6, 52.3, 66.7, 53.0, 52.1, 80.1, 52.4, 52.0, 78.4, 52.5, 56.6, 73.7, 52.1, 67.9, 63.2, 52.2, 73.5, 55.5, 74.4, 57.3, 52.3, 73.7, 99.9, 99.3, 79.9, 55.2, 52.4, 78.7, 52.6, 52.7, 79.7, 52.0, 67.0, 52.1, 52.9, 81.5, 53.5, 52.1, 82.8, 52.5, 52.1, 80.5, 52.7, 57.9, 75.3, 52.1, 62.8, 60.8, 67.8, 65.6, 52.2, 70.4, 62.1, 52.0, 72.5, 59.3, 53.1, 76.5, 55.1, 52.0, 79.4, 52.3, 66.0, 52.8, 52.8, 79.9, 52.1, 52.6, 80.2, 53.2, 52.8, 78.8, 52.0, 57.2, 74.4, 52.4, 62.8, 60.5, 67.6, 63.5, 52.3, 72.4, 59.8, 52.0, 77.1, 54.0, 52.0, 79.6, 52.0, 53.1, 79.6, 52.0, 65.8, 52.5, 52.3, 80.8, 52.0, 52.0, 80.4, 51.9, 55.5, 76.5, 53.1, 58.9, 72.6, 51.9, 63.8, 59.9, 69.1, 64.1, 52.0, 71.6, 60.1, 52.3, 75.3, 56.8, 52.0, 78.9, 52.5, 52.0, 80.2, 51.9, 66.1, 52.0, 51.9, 79.8, 55.9, 52.0, 77.0, 52.6, 52.8, 76.9, 51.9, 58.1, 71.7, 51.9, 64.3]
2026-09-02 16:15:57,717 | Max Utilização CPU: 100.0
2026-09-02 16:15:57,717 | Média Utilização CPU: 64.95133333333332
2026-09-02 16:15:57,717 | P95 Utilização CPU: 99.655
2026-09-02 16:15:57,717 | Desvio Padrão Utilização CPU: 14.690539979486422

2026-09-02 16:15:57,717 | Logs Tokens/s: [199.92730027536638, 169.18927435136428, 169.44355224820154, 168.72409461140035, 169.21162842681755, 168.3344811025764, 169.14125668566302, 168.95088758205017, 169.49524999372488, 170.1328925411457]
2026-09-02 16:15:57,717 | Max Tokens/s: 199.92730027536638
2026-09-02 16:15:57,717 | Média Tokens/s: 172.25506178183105
2026-09-02 16:15:57,718 | P95 Tokens/s: 186.51981679496706
2026-09-02 16:15:57,718 | Desvio Padrão Tokens/s: 9.235210354878276

2026-09-02 16:15:57,718 | Logs Tempo Step: [58.18114876747131, 68.75140309333801, 68.64823031425476, 68.94095373153687, 68.74232053756714, 69.10051894187927, 68.77092099189758, 68.84841012954712, 68.6272919178009, 68.37008309364319]
2026-09-02 16:15:57,718 | Max Tempo Step: 69.10051894187927
2026-09-02 16:15:57,718 | Média Tempo Step: 67.69812815189361
2026-09-02 16:15:57,718 | P95 Tempo Step: 69.02871459722519
2026-09-02 16:15:57,719 | Desvio Padrão Tempo Step: 3.1776647678061134

2026-09-02 16:15:57,719 | Tempo Total de Treino: 678.1388320922852
2026-09-02 16:15:57,719 | Tempo por Effective Batch (Step): 67.81388320922852
2026-09-02 16:15:57,719 | Tempo por Micro Batch: 4.238367700576783
2026-09-02 16:15:57,719 | Tokens/s: 171.52829847704473

2026-09-02 16:15:57,719 | Logs Potência: [29.084, 29.084, 32.508, 68.636, 73.458, 64.862, 73.121, 69.22, 66.633, 69.22, 58.301, 70.734, 70.389, 68.387, 64.823, 68.442, 62.932, 42.533, 42.533, 69.026, 63.985, 62.64, 70.15, 63.068, 68.344, 63.399, 61.996, 47.672, 65.407, 66.341, 62.093, 55.307, 68.831, 67.649, 67.023, 39.32, 69.653, 68.247, 63.79, 64.082, 65.448, 69.848, 68.192, 64.043, 63.985, 65.935, 64.512, 67.413, 66.48, 66.049, 68.094, 52.439, 52.439, 63.497, 63.594, 63.945, 63.399, 63.731, 63.399, 67.413, 62.034, 69.458, 69.263, 67.747, 69.556, 67.259, 64.277, 64.18, 68.137, 39.638, 64.765, 63.731, 67.844, 68.776, 68.624, 68.234, 68.234, 67.162, 63.985, 67.942, 46.721, 64.765, 67.942, 63.438, 52.928, 46.161, 46.161, 68.387, 66.13, 44.298, 65.992, 67.844, 64.472, 68.819, 64.57, 69.263, 64.219, 64.277, 67.162, 48.877, 66.48, 68.234, 51.069, 51.069, 51.002, 68.387, 64.667, 67.649, 65.058, 67.162, 63.302, 65.643, 63.146, 67.552, 64.082, 62.912, 68.916, 64.57, 64.414, 40.152, 40.152, 63.985, 63.341, 68.332, 57.59, 68.971, 64.219, 68.916, 63.497, 67.844, 63.926, 68.764, 64.317, 68.234, 64.122, 69.111, 51.589, 51.589, 56.514, 69.653, 62.912, 64.512, 66.326, 62.501, 68.776, 64.18, 66.228, 67.593, 46.063, 68.137, 67.064, 63.594, 46.651, 63.243, 63.243, 58.568, 63.985, 68.429, 69.891, 66.618, 63.692, 57.101, 65.253, 67.705, 48.681, 60.547, 67.162, 69.501, 66.382, 66.618, 40.718]
2026-09-02 16:15:57,719 | Max Potência: 73.458
2026-09-02 16:15:57,719 | Média Potência: 62.58512280701755
2026-09-02 16:15:57,720 | P95 Potência: 69.6045
2026-09-02 16:15:57,720 | Desvio Padrão Potência: 8.593103856320091

2026-09-02 16:15:57,720 | Energia Consumida: 12.831046004828348 Wh
2026-09-02 16:15:57,720 | Energia por Effective Batch (Step): 1.2831046004828348 Wh
2026-09-02 16:15:57,720 | Energia por Micro Batch: 0.08019403753017718 Wh
2026-09-02 16:15:57,720 | Energia por Token: 0.00011030816716668112 Wh
2026-09-02 16:15:57,720 | Energia por 1 Milhão de Tokens: 110.30816716668112 Wh
2026-09-02 16:15:57,720 | Energia por 10 Milhões de Tokens: 1103.0816716668112 Wh
2026-09-02 16:15:57,720 | Energia por 100 Milhões de Tokens: 11030.816716668112 Wh
