2026-09-03 11:43:48,884 | Training Arguments: {'output_dir': 'trainer_output', 'per_device_train_batch_size': 1, 'num_train_epochs': 3.0, 'max_steps': 10, 'learning_rate': 0.0002, 'lr_scheduler_type': 'cosine', 'lr_scheduler_kwargs': None, 'warmup_steps': 2, 'optim': 'adamw_8bit', 'optim_args': None, 'weight_decay': 0.0, 'adam_beta1': 0.9, 'adam_beta2': 0.999, 'adam_epsilon': 1e-08, 'optim_target_modules': None, 'gradient_accumulation_steps': 16, 'average_tokens_across_devices': True, 'max_grad_norm': 1.0, 'label_smoothing_factor': 0.0, 'bf16': False, 'fp16': True, 'bf16_full_eval': False, 'fp16_full_eval': False, 'tf32': None, 'gradient_checkpointing': False, 'gradient_checkpointing_kwargs': None, 'torch_compile': False, 'torch_compile_backend': None, 'torch_compile_mode': None, 'use_liger_kernel': False, 'liger_kernel_config': None, 'use_cache': False, 'neftune_noise_alpha': None, 'torch_empty_cache_steps': None, 'auto_find_batch_size': False, 'logging_strategy': 'steps', 'logging_steps': 5, 'logging_first_step': False, 'log_on_each_node': True, 'logging_nan_inf_filter': True, 'include_num_input_tokens_seen': 'no', 'log_level': 'passive', 'log_level_replica': 'warning', 'disable_tqdm': False, 'report_to': [], 'run_name': None, 'project': 'huggingface', 'trackio_space_id': None, 'trackio_bucket_id': None, 'trackio_static_space_id': None, 'eval_strategy': 'no', 'eval_steps': None, 'eval_delay': 0, 'per_device_eval_batch_size': 8, 'prediction_loss_only': False, 'eval_on_start': False, 'eval_do_concat_batches': True, 'eval_use_gather_object': False, 'eval_accumulation_steps': None, 'include_for_metrics': [], 'batch_eval_metrics': False, 'save_only_model': False, 'save_strategy': 'steps', 'save_steps': 500, 'save_on_each_node': False, 'save_total_limit': None, 'enable_jit_checkpoint': False, 'push_to_hub': False, 'hub_token': '<HUB_TOKEN>', 'hub_private_repo': None, 'hub_model_id': None, 'hub_strategy': 'every_save', 'hub_always_push': False, 'hub_revision': None, 'load_best_model_at_end': False, 'metric_for_best_model': None, 'greater_is_better': None, 'ignore_data_skip': False, 'restore_callback_states_from_checkpoint': False, 'full_determinism': False, 'seed': 42, 'data_seed': None, 'use_cpu': False, 'accelerator_config': {'split_batches': False, 'dispatch_batches': None, 'even_batches': True, 'use_seedable_sampler': True, 'non_blocking': False, 'gradient_accumulation_kwargs': None}, 'parallelism_config': None, 'dataloader_drop_last': False, 'dataloader_num_workers': 0, 'dataloader_pin_memory': True, 'dataloader_persistent_workers': False, 'dataloader_prefetch_factor': None, 'dataloader_multiprocessing_context': None, 'dataloader_in_order': True, 'remove_unused_columns': True, 'label_names': None, 'train_sampling_strategy': 'random', 'length_column_name': 'length', 'ddp_find_unused_parameters': None, 'ddp_bucket_cap_mb': None, 'ddp_broadcast_buffers': None, 'ddp_static_graph': None, 'ddp_backend': None, 'ddp_timeout': 1800, 'fsdp': None, 'fsdp_config': None, 'deepspeed': None, 'debug': [], 'skip_memory_metrics': True, 'do_train': False, 'do_eval': False, 'do_predict': False, 'resume_from_checkpoint': None, 'local_rank': -1}

2026-09-03 11:43:49,426 | Optimizer: 0
2026-09-03 11:46:05,506 | Memória GPU Effective Usada: 14.27 GB
2026-09-03 11:46:05,506 | Memória Torch GPU Usada: 8.09 GB
2026-09-03 11:46:05,506 | Memória Torch GPU Reservada: 13.70 GB
2026-09-03 11:46:05,506 | Memória CPU Usada: 4.42 GB
2026-09-03 11:46:05,506 | Tempo do Step: 136.07851433753967 s
2026-09-03 11:46:05,506 | Tokens/s: 187.42121138049689 tok/s

2026-09-03 11:46:05,563 | Optimizer: 1
2026-09-03 11:48:26,126 | Memória GPU Effective Usada: 14.30 GB
2026-09-03 11:48:26,127 | Memória Torch GPU Usada: 8.09 GB
2026-09-03 11:48:26,127 | Memória Torch GPU Reservada: 13.72 GB
2026-09-03 11:48:26,127 | Memória CPU Usada: 4.37 GB
2026-09-03 11:48:26,127 | Tempo do Step: 140.563570022583 s
2026-09-03 11:48:26,127 | Tokens/s: 181.4410376451204 tok/s

2026-09-03 11:48:26,230 | Optimizer: 2
2026-09-03 11:50:46,935 | Memória GPU Effective Usada: 14.30 GB
2026-09-03 11:50:46,935 | Memória Torch GPU Usada: 8.09 GB
2026-09-03 11:50:46,935 | Memória Torch GPU Reservada: 13.72 GB
2026-09-03 11:50:46,935 | Memória CPU Usada: 4.39 GB
2026-09-03 11:50:46,935 | Tempo do Step: 140.70385932922363 s
2026-09-03 11:50:46,935 | Tokens/s: 181.26013118321708 tok/s

2026-09-03 11:50:47,043 | Optimizer: 3
2026-09-03 11:53:07,933 | Memória GPU Effective Usada: 14.30 GB
2026-09-03 11:53:07,934 | Memória Torch GPU Usada: 8.09 GB
2026-09-03 11:53:07,934 | Memória Torch GPU Reservada: 13.72 GB
2026-09-03 11:53:07,934 | Memória CPU Usada: 4.37 GB
2026-09-03 11:53:07,934 | Tempo do Step: 140.8901698589325 s
2026-09-03 11:53:07,934 | Tokens/s: 181.02043617050148 tok/s

2026-09-03 11:53:07,995 | Optimizer: 4
2026-09-03 11:55:28,917 | Memória GPU Effective Usada: 14.30 GB
2026-09-03 11:55:28,917 | Memória Torch GPU Usada: 8.09 GB
2026-09-03 11:55:28,917 | Memória Torch GPU Reservada: 13.72 GB
2026-09-03 11:55:28,917 | Memória CPU Usada: 4.37 GB
2026-09-03 11:55:28,917 | Tempo do Step: 140.9217884540558 s
2026-09-03 11:55:28,917 | Tokens/s: 180.97982064934533 tok/s

2026-09-03 11:55:28,975 | Optimizer: 5
2026-09-03 11:57:50,025 | Memória GPU Effective Usada: 14.30 GB
2026-09-03 11:57:50,025 | Memória Torch GPU Usada: 8.09 GB
2026-09-03 11:57:50,025 | Memória Torch GPU Reservada: 13.72 GB
2026-09-03 11:57:50,025 | Memória CPU Usada: 4.37 GB
2026-09-03 11:57:50,025 | Tempo do Step: 141.04972887039185 s
2026-09-03 11:57:50,025 | Tokens/s: 180.81566128663164 tok/s

2026-09-03 11:57:50,085 | Optimizer: 6
2026-09-03 12:00:11,097 | Memória GPU Effective Usada: 14.30 GB
2026-09-03 12:00:11,097 | Memória Torch GPU Usada: 8.09 GB
2026-09-03 12:00:11,097 | Memória Torch GPU Reservada: 13.72 GB
2026-09-03 12:00:11,098 | Memória CPU Usada: 4.37 GB
2026-09-03 12:00:11,098 | Tempo do Step: 141.0116982460022 s
2026-09-03 12:00:11,098 | Tokens/s: 180.8644269747532 tok/s

2026-09-03 12:00:11,162 | Optimizer: 7
2026-09-03 12:02:32,184 | Memória GPU Effective Usada: 14.30 GB
2026-09-03 12:02:32,185 | Memória Torch GPU Usada: 8.09 GB
2026-09-03 12:02:32,185 | Memória Torch GPU Reservada: 13.72 GB
2026-09-03 12:02:32,185 | Memória CPU Usada: 4.36 GB
2026-09-03 12:02:32,185 | Tempo do Step: 141.02223205566406 s
2026-09-03 12:02:32,185 | Tokens/s: 180.85091710882227 tok/s

2026-09-03 12:02:32,246 | Optimizer: 8
2026-09-03 12:04:53,267 | Memória GPU Effective Usada: 14.30 GB
2026-09-03 12:04:53,267 | Memória Torch GPU Usada: 8.09 GB
2026-09-03 12:04:53,267 | Memória Torch GPU Reservada: 13.72 GB
2026-09-03 12:04:53,267 | Memória CPU Usada: 4.37 GB
2026-09-03 12:04:53,267 | Tempo do Step: 141.02055859565735 s
2026-09-03 12:04:53,267 | Tokens/s: 180.8530632269484 tok/s

2026-09-03 12:04:53,325 | Optimizer: 9
2026-09-03 12:07:14,309 | Memória GPU Effective Usada: 14.30 GB
2026-09-03 12:07:14,309 | Memória Torch GPU Usada: 8.09 GB
2026-09-03 12:07:14,309 | Memória Torch GPU Reservada: 13.72 GB
2026-09-03 12:07:14,309 | Memória CPU Usada: 4.35 GB
2026-09-03 12:07:14,310 | Tempo do Step: 140.98365116119385 s
2026-09-03 12:07:14,310 | Tokens/s: 180.90040788374793 tok/s

2026-09-03 12:07:15,389 | Estatísticas do Treino Realizado
2026-09-03 12:07:15,389 | {'loss': 1.00720157623291, 'grad_norm': 0.30150893330574036, 'learning_rate': 0.00017071067811865476, 'epoch': 0.22988505747126436, 'step': 5}
2026-09-03 12:07:15,389 | {'loss': 0.7515860557556152, 'grad_norm': 0.2929331362247467, 'learning_rate': 7.612046748871327e-06, 'epoch': 0.45977011494252873, 'step': 10}
2026-09-03 12:07:15,389 | {'train_runtime': 1406.5225, 'train_samples_per_second': 0.114, 'train_steps_per_second': 0.007, 'total_flos': 1.160494371766272e+16, 'train_loss': 0.8793938159942627, 'epoch': 0.45977011494252873, 'step': 10}

2026-09-03 12:07:15,389 | Estatísticas do Treino Realizado
2026-09-03 12:07:15,389 | Logs Memória GPU: [14.24432373046875, 14.27166748046875, 14.27166748046875, 14.27166748046875, 14.27166748046875, 14.27166748046875, 14.27166748046875, 14.27166748046875, 14.27166748046875, 14.27166748046875, 14.27166748046875, 14.27166748046875, 14.27166748046875, 14.27166748046875, 14.27166748046875, 14.27362060546875, 14.30096435546875, 14.30096435546875, 14.30096435546875, 14.30096435546875, 14.30096435546875, 14.30096435546875, 14.30096435546875, 14.30096435546875, 14.30096435546875, 14.30096435546875, 14.30096435546875, 14.30096435546875, 14.30096435546875, 14.30096435546875, 14.30096435546875, 14.30096435546875, 14.30096435546875, 14.30096435546875, 14.30096435546875, 14.30096435546875, 14.30096435546875, 14.30096435546875, 14.30096435546875, 14.30096435546875, 14.30096435546875, 14.30096435546875, 14.30096435546875, 14.30096435546875, 14.30096435546875, 14.30096435546875, 14.30096435546875, 14.30096435546875, 14.30096435546875, 14.30096435546875, 14.30096435546875, 14.30096435546875, 14.30096435546875, 14.30096435546875, 14.30096435546875, 14.30096435546875, 14.30096435546875, 14.30096435546875, 14.30096435546875, 14.30096435546875, 14.30096435546875, 14.30096435546875, 14.30096435546875, 14.30096435546875, 14.30096435546875, 14.30096435546875, 14.30096435546875, 14.30096435546875, 14.30096435546875, 14.30096435546875, 14.30096435546875, 14.30096435546875, 14.30096435546875, 14.30096435546875, 14.30096435546875, 14.30096435546875, 14.30096435546875, 14.30096435546875, 14.30096435546875, 14.30096435546875, 14.30096435546875, 14.30096435546875, 14.30096435546875, 14.30096435546875, 14.30096435546875, 14.30096435546875, 14.30096435546875, 14.30096435546875, 14.30096435546875, 14.30096435546875, 14.30096435546875, 14.30096435546875, 14.30096435546875, 14.30096435546875, 14.30096435546875, 14.30096435546875, 14.30096435546875, 14.30096435546875, 14.30096435546875, 14.30096435546875, 14.30096435546875, 14.30096435546875, 14.30096435546875, 14.30096435546875, 14.30096435546875, 14.30096435546875, 14.30096435546875, 14.30096435546875, 14.30096435546875, 14.30096435546875, 14.30096435546875, 14.30096435546875, 14.30096435546875, 14.30096435546875, 14.30096435546875, 14.30096435546875, 14.30096435546875, 14.30096435546875, 14.30096435546875, 14.30096435546875, 14.30096435546875, 14.30096435546875, 14.30096435546875, 14.30096435546875, 14.30096435546875, 14.30096435546875, 14.30096435546875, 14.30096435546875, 14.30096435546875, 14.30096435546875, 14.30096435546875, 14.30096435546875, 14.30096435546875, 14.30096435546875, 14.30096435546875, 14.30096435546875, 14.30096435546875, 14.30096435546875, 14.30096435546875, 14.30096435546875, 14.30096435546875, 14.30096435546875, 14.30096435546875, 14.30096435546875, 14.30096435546875, 14.30096435546875, 14.30096435546875, 14.30096435546875, 14.30096435546875, 14.30096435546875]
2026-09-03 12:07:15,389 | Max Memória GPU: 14.30096435546875
2026-09-03 12:07:15,390 | Média Memória GPU: 14.297670084635417
2026-09-03 12:07:15,399 | P95 Memória GPU: 14.30096435546875
2026-09-03 12:07:15,399 | Desvio Padrão Memória GPU: 0.00977899258706106

2026-09-03 12:07:15,399 | Logs Memória Alocada GPU Torch: [8.119751453399658, 8.119751453399658, 8.119751453399658, 8.119751453399658, 8.119751453399658, 8.119751453399658, 8.119751453399658, 8.119751453399658, 8.119751453399658, 8.119751453399658, 8.119751453399658, 8.119751453399658, 8.119751453399658, 8.119751453399658, 8.119751453399658, 8.148798942565918, 8.148798942565918, 8.148798942565918, 8.148798942565918, 8.148798942565918, 8.148798942565918, 8.148798942565918, 8.148798942565918, 8.148798942565918, 8.148798942565918, 8.148798942565918, 8.148798942565918, 8.148798942565918, 8.148798942565918, 8.148798942565918, 8.148798942565918, 8.148798942565918, 8.148798942565918, 8.148798942565918, 8.148798942565918, 8.148798942565918, 8.148798942565918, 8.148798942565918, 8.148798942565918, 8.148798942565918, 8.148798942565918, 8.148798942565918, 8.148798942565918, 8.148798942565918, 8.148798942565918, 8.148798942565918, 8.148798942565918, 8.148798942565918, 8.148798942565918, 8.148798942565918, 8.148798942565918, 8.148798942565918, 8.148798942565918, 8.148798942565918, 8.148798942565918, 8.148798942565918, 8.148798942565918, 8.148798942565918, 8.148798942565918, 8.148798942565918, 8.148798942565918, 8.148798942565918, 8.148798942565918, 8.148798942565918, 8.148798942565918, 8.148798942565918, 8.148798942565918, 8.148798942565918, 8.148798942565918, 8.148798942565918, 8.148798942565918, 8.148798942565918, 8.148798942565918, 8.148798942565918, 8.148798942565918, 8.148798942565918, 8.148798942565918, 8.148798942565918, 8.148798942565918, 8.148798942565918, 8.148798942565918, 8.148798942565918, 8.148798942565918, 8.148798942565918, 8.148798942565918, 8.148798942565918, 8.148798942565918, 8.148798942565918, 8.148798942565918, 8.148798942565918, 8.148798942565918, 8.148798942565918, 8.148798942565918, 8.148798942565918, 8.148798942565918, 8.148798942565918, 8.148798942565918, 8.148798942565918, 8.148798942565918, 8.148798942565918, 8.148798942565918, 8.148798942565918, 8.148798942565918, 8.148798942565918, 8.148798942565918, 8.148798942565918, 8.148798942565918, 8.148798942565918, 8.148798942565918, 8.148798942565918, 8.148798942565918, 8.148798942565918, 8.148798942565918, 8.148798942565918, 8.148798942565918, 8.148798942565918, 8.148798942565918, 8.148798942565918, 8.148798942565918, 8.148798942565918, 8.148798942565918, 8.148798942565918, 8.148798942565918, 8.148798942565918, 8.148798942565918, 8.148798942565918, 8.148798942565918, 8.148798942565918, 8.148798942565918, 8.148798942565918, 8.148798942565918, 8.148798942565918, 8.148798942565918, 8.148798942565918, 8.148798942565918, 8.148798942565918, 8.148798942565918, 8.148798942565918, 8.148798942565918, 8.148798942565918, 8.148798942565918, 8.148798942565918, 8.148798942565918, 8.148798942565918, 8.148798942565918, 8.148798942565918, 8.148798942565918, 8.148798942565918, 8.148798942565918, 8.148798942565918]
2026-09-03 12:07:15,399 | Max Memória Alocada GPU Torch: 8.148798942565918
2026-09-03 12:07:15,399 | Média Memória Alocada GPU Torch: 8.145894193649292
2026-09-03 12:07:15,400 | P95 Memória Alocada GPU Torch: 8.148798942565918
2026-09-03 12:07:15,400 | Desvio Padrão Memória Alocada GPU Torch: 0.008714246749877929

2026-09-03 12:07:15,400 | Logs Memória Reservada GPU Torch: [13.66796875, 13.6953125, 13.6953125, 13.6953125, 13.6953125, 13.6953125, 13.6953125, 13.6953125, 13.6953125, 13.6953125, 13.6953125, 13.6953125, 13.6953125, 13.6953125, 13.6953125, 13.697265625, 13.724609375, 13.724609375, 13.724609375, 13.724609375, 13.724609375, 13.724609375, 13.724609375, 13.724609375, 13.724609375, 13.724609375, 13.724609375, 13.724609375, 13.724609375, 13.724609375, 13.724609375, 13.724609375, 13.724609375, 13.724609375, 13.724609375, 13.724609375, 13.724609375, 13.724609375, 13.724609375, 13.724609375, 13.724609375, 13.724609375, 13.724609375, 13.724609375, 13.724609375, 13.724609375, 13.724609375, 13.724609375, 13.724609375, 13.724609375, 13.724609375, 13.724609375, 13.724609375, 13.724609375, 13.724609375, 13.724609375, 13.724609375, 13.724609375, 13.724609375, 13.724609375, 13.724609375, 13.724609375, 13.724609375, 13.724609375, 13.724609375, 13.724609375, 13.724609375, 13.724609375, 13.724609375, 13.724609375, 13.724609375, 13.724609375, 13.724609375, 13.724609375, 13.724609375, 13.724609375, 13.724609375, 13.724609375, 13.724609375, 13.724609375, 13.724609375, 13.724609375, 13.724609375, 13.724609375, 13.724609375, 13.724609375, 13.724609375, 13.724609375, 13.724609375, 13.724609375, 13.724609375, 13.724609375, 13.724609375, 13.724609375, 13.724609375, 13.724609375, 13.724609375, 13.724609375, 13.724609375, 13.724609375, 13.724609375, 13.724609375, 13.724609375, 13.724609375, 13.724609375, 13.724609375, 13.724609375, 13.724609375, 13.724609375, 13.724609375, 13.724609375, 13.724609375, 13.724609375, 13.724609375, 13.724609375, 13.724609375, 13.724609375, 13.724609375, 13.724609375, 13.724609375, 13.724609375, 13.724609375, 13.724609375, 13.724609375, 13.724609375, 13.724609375, 13.724609375, 13.724609375, 13.724609375, 13.724609375, 13.724609375, 13.724609375, 13.724609375, 13.724609375, 13.724609375, 13.724609375, 13.724609375, 13.724609375, 13.724609375, 13.724609375, 13.724609375, 13.724609375, 13.724609375, 13.724609375, 13.724609375, 13.724609375, 13.724609375, 13.724609375, 13.724609375, 13.724609375]
2026-09-03 12:07:15,400 | Max Memória Reservada GPU Torch: 13.724609375
2026-09-03 12:07:15,400 | Média Memória Reservada GPU Torch: 13.721315104166667
2026-09-03 12:07:15,400 | P95 Memória Reservada GPU Torch: 13.724609375
2026-09-03 12:07:15,400 | Desvio Padrão Memória Reservada GPU Torch: 0.00977899258706106

2026-09-03 12:07:15,400 | Logs Percentagem de Utilização da Memória GPU: [94.962158203125, 95.14444986979167, 95.14444986979167, 95.14444986979167, 95.14444986979167, 95.14444986979167, 95.14444986979167, 95.14444986979167, 95.14444986979167, 95.14444986979167, 95.14444986979167, 95.14444986979167, 95.14444986979167, 95.14444986979167, 95.14444986979167, 95.157470703125, 95.33976236979167, 95.33976236979167, 95.33976236979167, 95.33976236979167, 95.33976236979167, 95.33976236979167, 95.33976236979167, 95.33976236979167, 95.33976236979167, 95.33976236979167, 95.33976236979167, 95.33976236979167, 95.33976236979167, 95.33976236979167, 95.33976236979167, 95.33976236979167, 95.33976236979167, 95.33976236979167, 95.33976236979167, 95.33976236979167, 95.33976236979167, 95.33976236979167, 95.33976236979167, 95.33976236979167, 95.33976236979167, 95.33976236979167, 95.33976236979167, 95.33976236979167, 95.33976236979167, 95.33976236979167, 95.33976236979167, 95.33976236979167, 95.33976236979167, 95.33976236979167, 95.33976236979167, 95.33976236979167, 95.33976236979167, 95.33976236979167, 95.33976236979167, 95.33976236979167, 95.33976236979167, 95.33976236979167, 95.33976236979167, 95.33976236979167, 95.33976236979167, 95.33976236979167, 95.33976236979167, 95.33976236979167, 95.33976236979167, 95.33976236979167, 95.33976236979167, 95.33976236979167, 95.33976236979167, 95.33976236979167, 95.33976236979167, 95.33976236979167, 95.33976236979167, 95.33976236979167, 95.33976236979167, 95.33976236979167, 95.33976236979167, 95.33976236979167, 95.33976236979167, 95.33976236979167, 95.33976236979167, 95.33976236979167, 95.33976236979167, 95.33976236979167, 95.33976236979167, 95.33976236979167, 95.33976236979167, 95.33976236979167, 95.33976236979167, 95.33976236979167, 95.33976236979167, 95.33976236979167, 95.33976236979167, 95.33976236979167, 95.33976236979167, 95.33976236979167, 95.33976236979167, 95.33976236979167, 95.33976236979167, 95.33976236979167, 95.33976236979167, 95.33976236979167, 95.33976236979167, 95.33976236979167, 95.33976236979167, 95.33976236979167, 95.33976236979167, 95.33976236979167, 95.33976236979167, 95.33976236979167, 95.33976236979167, 95.33976236979167, 95.33976236979167, 95.33976236979167, 95.33976236979167, 95.33976236979167, 95.33976236979167, 95.33976236979167, 95.33976236979167, 95.33976236979167, 95.33976236979167, 95.33976236979167, 95.33976236979167, 95.33976236979167, 95.33976236979167, 95.33976236979167, 95.33976236979167, 95.33976236979167, 95.33976236979167, 95.33976236979167, 95.33976236979167, 95.33976236979167, 95.33976236979167, 95.33976236979167, 95.33976236979167, 95.33976236979167, 95.33976236979167, 95.33976236979167, 95.33976236979167, 95.33976236979167, 95.33976236979167, 95.33976236979167, 95.33976236979167, 95.33976236979167, 95.33976236979167, 95.33976236979167, 95.33976236979167, 95.33976236979167, 95.33976236979167, 95.33976236979167]
2026-09-03 12:07:15,401 | Max Percentagem de Utilização da Memória GPU: 95.33976236979167
2026-09-03 12:07:15,401 | Média Percentagem de Utilização da Memória GPU: 95.31780056423612
2026-09-03 12:07:15,401 | P95 Percentagem de Utilização da Memória GPU: 95.33976236979167
2026-09-03 12:07:15,401 | Desvio Padrão Percentagem de Utilização da Memória GPU: 0.06519328391374064

2026-09-03 12:07:15,401 | Logs Percentagem de Utilização da GPU: [100, 83, 100, 100, 100, 100, 100, 100, 100, 100, 100, 100, 100, 100, 100, 91, 100, 100, 100, 86, 100, 100, 100, 100, 100, 100, 100, 100, 100, 100, 100, 100, 100, 100, 100, 100, 100, 100, 100, 100, 100, 100, 100, 100, 100, 100, 100, 100, 100, 100, 100, 100, 100, 100, 100, 100, 100, 100, 100, 100, 100, 96, 100, 100, 100, 100, 100, 100, 100, 100, 100, 100, 100, 100, 100, 100, 100, 94, 100, 88, 100, 100, 100, 91, 100, 93, 100, 95, 100, 100, 100, 100, 100, 100, 100, 100, 100, 95, 100, 100, 100, 100, 100, 100, 100, 100, 100, 100, 100, 100, 100, 100, 100, 100, 100, 100, 100, 100, 100, 100, 100, 100, 100, 100, 100, 100, 91, 100, 98, 100, 100, 100, 100, 100, 100, 100, 100, 100, 100, 100, 96, 100, 100, 100, 100, 100, 100, 100, 92, 100]
2026-09-03 12:07:15,401 | Max Percentagem de Utilização da GPU: 100
2026-09-03 12:07:15,401 | Média Percentagem de Utilização da GPU: 99.26
2026-09-03 12:07:15,402 | P95 Percentagem de Utilização da GPU: 100.0
2026-09-03 12:07:15,402 | Desvio Padrão Percentagem de Utilização da GPU: 2.6138859959837575

2026-09-03 12:07:15,402 | Logs Clock Memória GPU: [5000, 5000, 5000, 5000, 5000, 5000, 5000, 5000, 5000, 5000, 5000, 5000, 5000, 5000, 5000, 5000, 5000, 5000, 5000, 5000, 5000, 5000, 5000, 5000, 5000, 5000, 5000, 5000, 5000, 5000, 5000, 5000, 5000, 5000, 5000, 5000, 5000, 5000, 5000, 5000, 5000, 5000, 5000, 5000, 5000, 5000, 5000, 5000, 5000, 5000, 5000, 5000, 5000, 5000, 5000, 5000, 5000, 5000, 5000, 5000, 5000, 5000, 5000, 5000, 5000, 5000, 5000, 5000, 5000, 5000, 5000, 5000, 5000, 5000, 5000, 5000, 5000, 5000, 5000, 5000, 5000, 5000, 5000, 5000, 5000, 5000, 5000, 5000, 5000, 5000, 5000, 5000, 5000, 5000, 5000, 5000, 5000, 5000, 5000, 5000, 5000, 5000, 5000, 5000, 5000, 5000, 5000, 5000, 5000, 5000, 5000, 5000, 5000, 5000, 5000, 5000, 5000, 5000, 5000, 5000, 5000, 5000, 5000, 5000, 5000, 5000, 5000, 5000, 5000, 5000, 5000, 5000, 5000, 5000, 5000, 5000, 5000, 5000, 5000, 5000, 5000, 5000, 5000, 5000, 5000, 5000, 5000, 5000, 5000, 5000]
2026-09-03 12:07:15,402 | Max Clock Memória GPU: 5000
2026-09-03 12:07:15,402 | Média Clock Memória GPU: 5000.0
2026-09-03 12:07:15,402 | P95 Clock Memória GPU: 5000.0
2026-09-03 12:07:15,402 | Desvio Padrão Clock Memória GPU: 0.0

2026-09-03 12:07:15,403 | Logs Clock SM GPU: [1440, 1425, 1260, 1260, 1470, 1110, 825, 765, 750, 1035, 1065, 930, 825, 915, 825, 855, 750, 1485, 1155, 1440, 930, 765, 795, 780, 1170, 780, 825, 1170, 750, 1095, 780, 795, 1170, 750, 870, 795, 795, 930, 735, 765, 780, 750, 840, 780, 750, 780, 780, 765, 750, 810, 1125, 930, 750, 750, 780, 930, 1155, 750, 750, 1155, 1005, 870, 750, 900, 960, 780, 795, 780, 825, 750, 780, 1155, 765, 795, 1140, 795, 1170, 780, 750, 1125, 795, 795, 1155, 870, 735, 1020, 930, 1095, 915, 750, 900, 780, 795, 945, 780, 930, 870, 1155, 795, 795, 750, 915, 990, 1140, 750, 1005, 750, 855, 1065, 780, 780, 1140, 780, 1050, 795, 765, 795, 840, 1155, 780, 1170, 1065, 750, 1155, 795, 765, 930, 735, 750, 1155, 870, 750, 885, 765, 750, 1080, 1050, 795, 900, 750, 780, 1125, 750, 1095, 1125, 900, 780, 720, 1110, 780]
2026-09-03 12:07:15,403 | Max Clock SM GPU: 1485
2026-09-03 12:07:15,403 | Média Clock SM GPU: 908.5
2026-09-03 12:07:15,403 | P95 Clock SM GPU: 1170.0
2026-09-03 12:07:15,403 | Desvio Padrão Clock SM GPU: 180.1450804213093

2026-09-03 12:07:15,403 | Logs Temperatura GPU: [58, 62, 65, 67, 70, 73, 75, 77, 79, 80, 79, 77, 76, 75, 75, 76, 77, 77, 77, 77, 77, 77, 77, 76, 76, 76, 76, 76, 76, 76, 76, 76, 76, 76, 76, 76, 77, 76, 76, 77, 76, 76, 77, 77, 77, 76, 76, 76, 77, 77, 77, 77, 77, 77, 77, 76, 76, 77, 77, 77, 77, 77, 77, 77, 77, 77, 77, 77, 77, 77, 77, 76, 77, 77, 77, 77, 77, 77, 77, 76, 77, 77, 77, 77, 77, 77, 77, 77, 77, 77, 77, 77, 77, 77, 77, 77, 77, 77, 77, 77, 77, 77, 77, 77, 77, 77, 77, 77, 77, 77, 77, 77, 77, 77, 77, 77, 77, 77, 77, 77, 77, 77, 77, 77, 77, 77, 77, 77, 77, 77, 77, 77, 76, 77, 77, 76, 76, 77, 77, 77, 77, 77, 77, 77, 77, 77, 77, 77, 77, 77]
2026-09-03 12:07:15,403 | Max Temperatura GPU: 80
2026-09-03 12:07:15,403 | Média Temperatura GPU: 76.36666666666666
2026-09-03 12:07:15,403 | P95 Temperatura GPU: 77.0
2026-09-03 12:07:15,404 | Desvio Padrão Temperatura GPU: 2.4397176521520314

2026-09-03 12:07:15,404 | Logs Memória CPU: [4.5893096923828125, 4.882110595703125, 5.229389190673828, 4.061931610107422, 4.30010986328125, 4.4789886474609375, 4.3902435302734375, 4.398471832275391, 4.422771453857422, 4.400917053222656, 4.416831970214844, 4.417938232421875, 4.417491912841797, 4.395050048828125, 4.409778594970703, 4.445213317871094, 4.446201324462891, 4.4442901611328125, 4.375652313232422, 4.391826629638672, 4.392040252685547, 4.377967834472656, 4.37841796875, 4.384204864501953, 4.384067535400391, 4.366722106933594, 4.382389068603516, 4.360263824462891, 4.381427764892578, 4.373695373535156, 4.380321502685547, 4.366847991943359, 4.379585266113281, 4.3826904296875, 4.382850646972656, 4.375614166259766, 4.375511169433594, 4.3848419189453125, 4.384639739990234, 4.384559631347656, 4.374240875244141, 4.377048492431641, 4.376918792724609, 4.378246307373047, 4.3827056884765625, 4.369541168212891, 4.376274108886719, 4.3841552734375, 4.384513854980469, 4.371284484863281, 4.385612487792969, 4.3760223388671875, 4.3537139892578125, 4.376472473144531, 4.376430511474609, 4.352649688720703, 4.3626708984375, 4.362632751464844, 4.364448547363281, 4.3684844970703125, 4.383476257324219, 4.362522125244141, 4.368938446044922, 4.367805480957031, 4.371097564697266, 4.37384033203125, 4.385505676269531, 4.3861236572265625, 4.386043548583984, 4.374225616455078, 4.374122619628906, 4.375041961669922, 4.375720977783203, 4.371467590332031, 4.376667022705078, 4.374217987060547, 4.379894256591797, 4.379852294921875, 4.385353088378906, 4.359619140625, 4.3572540283203125, 4.378559112548828, 4.3601226806640625, 4.372669219970703, 4.356616973876953, 4.367401123046875, 4.367595672607422, 4.368644714355469, 4.370326995849609, 4.370208740234375, 4.371105194091797, 4.371044158935547, 4.377254486083984, 4.377220153808594, 4.377197265625, 4.381500244140625, 4.355968475341797, 4.362174987792969, 4.3717803955078125, 4.373691558837891, 4.375110626220703, 4.375789642333984, 4.3547210693359375, 4.366218566894531, 4.374168395996094, 4.3874969482421875, 4.387439727783203, 4.387432098388672, 4.3856353759765625, 4.385509490966797, 4.379909515380859, 4.3803558349609375, 4.380298614501953, 4.3877410888671875, 4.374828338623047, 4.375011444091797, 4.373359680175781, 4.373588562011719, 4.3735809326171875, 4.380748748779297, 4.366649627685547, 4.3737945556640625, 4.3869781494140625, 4.368537902832031, 4.368762969970703, 4.371128082275391, 4.371101379394531, 4.371036529541016, 4.372768402099609, 4.372585296630859, 4.373298645019531, 4.384464263916016, 4.384426116943359, 4.384407043457031, 4.367740631103516, 4.37078857421875, 4.371978759765625, 4.373706817626953, 4.381870269775391, 4.384006500244141, 4.367313385009766, 4.356483459472656, 4.37176513671875, 4.378486633300781, 4.378467559814453, 4.3802490234375, 4.364875793457031, 4.365333557128906, 4.365322113037109, 4.371559143066406]
2026-09-03 12:07:15,404 | Max Memória CPU: 5.229389190673828
2026-09-03 12:07:15,404 | Média Memória CPU: 4.386706314086914
2026-09-03 12:07:15,404 | P95 Memória CPU: 4.420596504211426
2026-09-03 12:07:15,404 | Desvio Padrão Memória CPU: 0.0880098785204815

2026-09-03 12:07:15,404 | Logs Utilização CPU: [35.1, 99.9, 99.6, 99.6, 99.7, 99.9, 95.4, 52.7, 68.5, 67.6, 55.3, 65.6, 68.9, 56.9, 64.7, 62.9, 64.0, 81.8, 62.5, 67.8, 88.8, 59.9, 62.0, 68.4, 61.6, 60.0, 69.1, 63.1, 58.3, 68.9, 60.5, 68.7, 67.2, 54.5, 68.4, 68.7, 52.6, 68.1, 68.2, 52.9, 68.2, 68.1, 52.8, 68.6, 67.9, 60.4, 68.1, 56.5, 64.3, 68.3, 59.2, 61.4, 68.4, 61.8, 58.4, 68.1, 64.5, 56.0, 68.7, 67.3, 60.7, 68.3, 52.8, 69.0, 68.2, 52.9, 68.6, 69.2, 52.4, 68.3, 68.6, 54.7, 66.4, 68.6, 56.7, 66.5, 59.2, 62.0, 68.5, 61.6, 59.0, 69.2, 63.6, 57.2, 68.7, 65.6, 54.9, 68.6, 68.0, 52.4, 68.4, 52.4, 67.9, 68.6, 52.4, 68.1, 68.2, 55.3, 65.6, 67.8, 57.8, 62.7, 69.1, 60.7, 60.4, 66.0, 56.9, 68.2, 67.0, 53.8, 68.6, 68.3, 52.2, 68.4, 68.0, 52.4, 68.3, 68.6, 52.7, 67.7, 61.9, 64.8, 68.5, 58.7, 61.7, 68.0, 62.2, 58.8, 68.0, 64.8, 56.1, 68.0, 67.0, 53.1, 68.2, 60.3, 68.1, 68.5, 52.6, 68.3, 68.1, 53.7, 67.1, 67.9, 56.9, 63.8, 68.1, 59.6, 60.6, 68.3]
2026-09-03 12:07:15,404 | Max Utilização CPU: 99.9
2026-09-03 12:07:15,405 | Média Utilização CPU: 64.79933333333334
2026-09-03 12:07:15,405 | P95 Utilização CPU: 76.12999999999978
2026-09-03 12:07:15,405 | Desvio Padrão Utilização CPU: 9.556174246120788

2026-09-03 12:07:15,405 | Logs Tokens/s: [187.42121138049689, 181.4410376451204, 181.26013118321708, 181.02043617050148, 180.97982064934533, 180.81566128663164, 180.8644269747532, 180.85091710882227, 180.8530632269484, 180.90040788374793]
2026-09-03 12:07:15,405 | Max Tokens/s: 187.42121138049689
2026-09-03 12:07:15,405 | Média Tokens/s: 181.64071135095847
2026-09-03 12:07:15,405 | P95 Tokens/s: 184.73013319957747
2026-09-03 12:07:15,405 | Desvio Padrão Tokens/s: 1.9363870491320323

2026-09-03 12:07:15,405 | Logs Tempo Step: [136.07851433753967, 140.563570022583, 140.70385932922363, 140.8901698589325, 140.9217884540558, 141.04972887039185, 141.0116982460022, 141.02223205566406, 141.02055859565735, 140.98365116119385]
2026-09-03 12:07:15,405 | Max Tempo Step: 141.04972887039185
2026-09-03 12:07:15,406 | Média Tempo Step: 140.42457709312438
2026-09-03 12:07:15,406 | P95 Tempo Step: 141.03735530376434
2026-09-03 12:07:15,406 | Desvio Padrão Tempo Step: 1.4563670571084577

2026-09-03 12:07:15,406 | Tempo Total de Treino: 1406.4915997982025
2026-09-03 12:07:15,406 | Tempo por Effective Batch (Step): 140.64915997982024
2026-09-03 12:07:15,406 | Tempo por Micro Batch: 8.790572498738765
2026-09-03 12:07:15,406 | Tokens/s: 181.3306243966136

2026-09-03 12:07:15,406 | Logs Potência: [27.305, 27.305, 72.169, 32.502, 69.771, 59.103, 48.404, 63.007, 63.301, 62.948, 60.304, 63.399, 60.537, 55.671, 62.164, 63.79, 52.401, 42.954, 42.684, 68.641, 50.143, 35.441, 60.989, 35.264, 63.535, 63.046, 53.284, 64.377, 69.869, 64.769, 74.416, 62.105, 61.125, 68.738, 38.966, 42.29, 68.291, 61.223, 64.025, 62.888, 67.802, 67.606, 63.535, 61.419, 53.088, 65.788, 61.223, 62.888, 64.26, 55.052, 69.129, 36.447, 42.413, 60.868, 64.612, 63.417, 63.084, 48.827, 69.227, 66.334, 64.946, 60.182, 64.319, 61.027, 60.28, 60.378, 60.574, 60.28, 61.321, 38.89, 62.594, 65.69, 60.966, 63.77, 62.594, 64.515, 56.686, 70.01, 64.417, 62.79, 61.713, 62.496, 67.606, 68.291, 66.473, 38.913, 38.913, 66.277, 66.53, 46.129, 73.094, 69.27, 46.692, 69.521, 64.652, 68.683, 71.672, 68.096, 68.389, 69.912, 62.3, 49.416, 43.3, 37.927, 67.411, 71.726, 47.872, 68.291, 56.622, 43.398, 67.215, 66.726, 71.53, 49.023, 46.888, 63.084, 63.046, 59.924, 50.793, 51.253, 41.231, 55.085, 63.927, 63.084, 63.868, 58.648, 56.819, 37.532, 45.243, 53.677, 63.476, 62.79, 64.025, 62.752, 56.524, 63.084, 63.868, 40.27, 63.242, 61.75, 63.476, 60.182, 61.223, 62.986, 64.319, 61.419, 60.672, 60.083, 62.986, 64.221, 61.125, 62.105, 61.223, 61.652, 38.223, 61.554, 62.105, 60.378, 60.672, 64.946, 64.319, 63.476, 62.398, 61.223, 61.26, 60.77, 64.906, 54.201, 45.243, 73.973, 39.186]
2026-09-03 12:07:15,406 | Max Potência: 74.416
2026-09-03 12:07:15,406 | Média Potência: 59.03426315789474
2026-09-03 12:07:15,406 | P95 Potência: 69.8905
2026-09-03 12:07:15,407 | Desvio Padrão Potência: 9.856933489069556

2026-09-03 12:07:15,407 | Energia Consumida: 25.159399875612454 Wh
2026-09-03 12:07:15,407 | Energia por Effective Batch (Step): 2.5159399875612456 Wh
2026-09-03 12:07:15,407 | Energia por Micro Batch: 0.15724624922257785 Wh
2026-09-03 12:07:15,407 | Energia por Token: 9.864883891002373e-05 Wh
2026-09-03 12:07:15,407 | Energia por 1 Milhão de Tokens: 98.64883891002373 Wh
2026-09-03 12:07:15,407 | Energia por 10 Milhões de Tokens: 986.4883891002373 Wh
2026-09-03 12:07:15,407 | Energia por 100 Milhões de Tokens: 9864.883891002373 Wh