2026-09-03 11:01:39,217 | Training Arguments: {'output_dir': 'trainer_output', 'per_device_train_batch_size': 1, 'num_train_epochs': 3.0, 'max_steps': 10, 'learning_rate': 0.0002, 'lr_scheduler_type': 'cosine', 'lr_scheduler_kwargs': None, 'warmup_steps': 2, 'optim': 'adamw_8bit', 'optim_args': None, 'weight_decay': 0.0, 'adam_beta1': 0.9, 'adam_beta2': 0.999, 'adam_epsilon': 1e-08, 'optim_target_modules': None, 'gradient_accumulation_steps': 16, 'average_tokens_across_devices': True, 'max_grad_norm': 1.0, 'label_smoothing_factor': 0.0, 'bf16': False, 'fp16': True, 'bf16_full_eval': False, 'fp16_full_eval': False, 'tf32': None, 'gradient_checkpointing': False, 'gradient_checkpointing_kwargs': None, 'torch_compile': False, 'torch_compile_backend': None, 'torch_compile_mode': None, 'use_liger_kernel': False, 'liger_kernel_config': None, 'use_cache': False, 'neftune_noise_alpha': None, 'torch_empty_cache_steps': None, 'auto_find_batch_size': False, 'logging_strategy': 'steps', 'logging_steps': 5, 'logging_first_step': False, 'log_on_each_node': True, 'logging_nan_inf_filter': True, 'include_num_input_tokens_seen': 'no', 'log_level': 'passive', 'log_level_replica': 'warning', 'disable_tqdm': False, 'report_to': [], 'run_name': None, 'project': 'huggingface', 'trackio_space_id': None, 'trackio_bucket_id': None, 'trackio_static_space_id': None, 'eval_strategy': 'no', 'eval_steps': None, 'eval_delay': 0, 'per_device_eval_batch_size': 8, 'prediction_loss_only': False, 'eval_on_start': False, 'eval_do_concat_batches': True, 'eval_use_gather_object': False, 'eval_accumulation_steps': None, 'include_for_metrics': [], 'batch_eval_metrics': False, 'save_only_model': False, 'save_strategy': 'steps', 'save_steps': 500, 'save_on_each_node': False, 'save_total_limit': None, 'enable_jit_checkpoint': False, 'push_to_hub': False, 'hub_token': '<HUB_TOKEN>', 'hub_private_repo': None, 'hub_model_id': None, 'hub_strategy': 'every_save', 'hub_always_push': False, 'hub_revision': None, 'load_best_model_at_end': False, 'metric_for_best_model': None, 'greater_is_better': None, 'ignore_data_skip': False, 'restore_callback_states_from_checkpoint': False, 'full_determinism': False, 'seed': 42, 'data_seed': None, 'use_cpu': False, 'accelerator_config': {'split_batches': False, 'dispatch_batches': None, 'even_batches': True, 'use_seedable_sampler': True, 'non_blocking': False, 'gradient_accumulation_kwargs': None}, 'parallelism_config': None, 'dataloader_drop_last': False, 'dataloader_num_workers': 0, 'dataloader_pin_memory': True, 'dataloader_persistent_workers': False, 'dataloader_prefetch_factor': None, 'dataloader_multiprocessing_context': None, 'dataloader_in_order': True, 'remove_unused_columns': True, 'label_names': None, 'train_sampling_strategy': 'random', 'length_column_name': 'length', 'ddp_find_unused_parameters': None, 'ddp_bucket_cap_mb': None, 'ddp_broadcast_buffers': None, 'ddp_static_graph': None, 'ddp_backend': None, 'ddp_timeout': 1800, 'fsdp': None, 'fsdp_config': None, 'deepspeed': None, 'debug': [], 'skip_memory_metrics': True, 'do_train': False, 'do_eval': False, 'do_predict': False, 'resume_from_checkpoint': None, 'local_rank': -1}

2026-09-03 11:01:39,665 | Optimizer: 0
2026-09-03 11:03:42,524 | Memória GPU Effective Usada: 14.27 GB
2026-09-03 11:03:42,525 | Memória Torch GPU Usada: 8.09 GB
2026-09-03 11:03:42,525 | Memória Torch GPU Reservada: 13.70 GB
2026-09-03 11:03:42,525 | Memória CPU Usada: 4.10 GB
2026-09-03 11:03:42,525 | Tempo do Step: 122.84754395484924 s
2026-09-03 11:03:42,525 | Tokens/s: 207.6069181275094 tok/s

2026-09-03 11:03:42,616 | Optimizer: 1
2026-09-03 11:05:52,348 | Memória GPU Effective Usada: 14.30 GB
2026-09-03 11:05:52,348 | Memória Torch GPU Usada: 8.09 GB
2026-09-03 11:05:52,348 | Memória Torch GPU Reservada: 13.72 GB
2026-09-03 11:05:52,348 | Memória CPU Usada: 4.04 GB
2026-09-03 11:05:52,348 | Tempo do Step: 129.7310333251953 s
2026-09-03 11:05:52,348 | Tokens/s: 196.59135787556252 tok/s

2026-09-03 11:05:52,406 | Optimizer: 2
2026-09-03 11:08:03,807 | Memória GPU Effective Usada: 14.30 GB
2026-09-03 11:08:03,807 | Memória Torch GPU Usada: 8.09 GB
2026-09-03 11:08:03,807 | Memória Torch GPU Reservada: 13.72 GB
2026-09-03 11:08:03,807 | Memória CPU Usada: 4.01 GB
2026-09-03 11:08:03,807 | Tempo do Step: 131.40025925636292 s
2026-09-03 11:08:03,807 | Tokens/s: 194.09398538736139 tok/s

2026-09-03 11:08:03,860 | Optimizer: 3
2026-09-03 11:10:15,048 | Memória GPU Effective Usada: 14.30 GB
2026-09-03 11:10:15,048 | Memória Torch GPU Usada: 8.09 GB
2026-09-03 11:10:15,048 | Memória Torch GPU Reservada: 13.72 GB
2026-09-03 11:10:15,048 | Memória CPU Usada: 4.01 GB
2026-09-03 11:10:15,049 | Tempo do Step: 131.1881341934204 s
2026-09-03 11:10:15,049 | Tokens/s: 194.40782626268287 tok/s

2026-09-03 11:10:15,121 | Optimizer: 4
2026-09-03 11:12:26,315 | Memória GPU Effective Usada: 14.30 GB
2026-09-03 11:12:26,316 | Memória Torch GPU Usada: 8.09 GB
2026-09-03 11:12:26,316 | Memória Torch GPU Reservada: 13.72 GB
2026-09-03 11:12:26,316 | Memória CPU Usada: 4.03 GB
2026-09-03 11:12:26,316 | Tempo do Step: 131.19431924819946 s
2026-09-03 11:12:26,316 | Tokens/s: 194.3986610559742 tok/s

2026-09-03 11:12:26,375 | Optimizer: 5
2026-09-03 11:14:37,845 | Memória GPU Effective Usada: 14.30 GB
2026-09-03 11:14:37,845 | Memória Torch GPU Usada: 8.09 GB
2026-09-03 11:14:37,845 | Memória Torch GPU Reservada: 13.72 GB
2026-09-03 11:14:37,845 | Memória CPU Usada: 4.03 GB
2026-09-03 11:14:37,845 | Tempo do Step: 131.4695017337799 s
2026-09-03 11:14:37,845 | Tokens/s: 193.99175978961648 tok/s

2026-09-03 11:14:37,940 | Optimizer: 6
2026-09-03 11:16:49,553 | Memória GPU Effective Usada: 14.30 GB
2026-09-03 11:16:49,553 | Memória Torch GPU Usada: 8.09 GB
2026-09-03 11:16:49,553 | Memória Torch GPU Reservada: 13.72 GB
2026-09-03 11:16:49,553 | Memória CPU Usada: 4.02 GB
2026-09-03 11:16:49,553 | Tempo do Step: 131.61210894584656 s
2026-09-03 11:16:49,553 | Tokens/s: 193.78156162282863 tok/s

2026-09-03 11:16:49,605 | Optimizer: 7
2026-09-03 11:19:01,140 | Memória GPU Effective Usada: 14.30 GB
2026-09-03 11:19:01,140 | Memória Torch GPU Usada: 8.09 GB
2026-09-03 11:19:01,140 | Memória Torch GPU Reservada: 13.72 GB
2026-09-03 11:19:01,140 | Memória CPU Usada: 4.01 GB
2026-09-03 11:19:01,140 | Tempo do Step: 131.5341649055481 s
2026-09-03 11:19:01,140 | Tokens/s: 193.89639200061737 tok/s

2026-09-03 11:19:01,230 | Optimizer: 8
2026-09-03 11:21:12,770 | Memória GPU Effective Usada: 14.30 GB
2026-09-03 11:21:12,770 | Memória Torch GPU Usada: 8.09 GB
2026-09-03 11:21:12,770 | Memória Torch GPU Reservada: 13.72 GB
2026-09-03 11:21:12,770 | Memória CPU Usada: 4.02 GB
2026-09-03 11:21:12,770 | Tempo do Step: 131.53958797454834 s
2026-09-03 11:21:12,770 | Tokens/s: 193.8883981066961 tok/s

2026-09-03 11:21:12,840 | Optimizer: 9
2026-09-03 11:23:24,067 | Memória GPU Effective Usada: 14.30 GB
2026-09-03 11:23:24,067 | Memória Torch GPU Usada: 8.09 GB
2026-09-03 11:23:24,067 | Memória Torch GPU Reservada: 13.72 GB
2026-09-03 11:23:24,067 | Memória CPU Usada: 4.02 GB
2026-09-03 11:23:24,067 | Tempo do Step: 131.22687697410583 s
2026-09-03 11:23:24,067 | Tokens/s: 194.35043024785648 tok/s

2026-09-03 11:23:24,809 | Estatísticas do Treino Realizado
2026-09-03 11:23:24,809 | {'loss': 1.0079176902770997, 'grad_norm': 0.2947440445423126, 'learning_rate': 0.00017071067811865476, 'epoch': 0.22988505747126436, 'step': 5}
2026-09-03 11:23:24,809 | {'loss': 0.7530924320220947, 'grad_norm': 0.2868584096431732, 'learning_rate': 7.612046748871327e-06, 'epoch': 0.45977011494252873, 'step': 10}
2026-09-03 11:23:24,809 | {'train_runtime': 1305.6094, 'train_samples_per_second': 0.123, 'train_steps_per_second': 0.008, 'total_flos': 1.160494371766272e+16, 'train_loss': 0.8805050611495971, 'epoch': 0.45977011494252873, 'step': 10}

2026-09-03 11:23:24,809 | Estatísticas do Treino Realizado
2026-09-03 11:23:24,809 | Logs Memória GPU: [14.24432373046875, 14.27166748046875, 14.27166748046875, 14.27166748046875, 14.27166748046875, 14.27166748046875, 14.27166748046875, 14.27166748046875, 14.27166748046875, 14.27166748046875, 14.27166748046875, 14.27166748046875, 14.27166748046875, 14.27166748046875, 14.27166748046875, 14.27362060546875, 14.30096435546875, 14.30096435546875, 14.30096435546875, 14.30096435546875, 14.30096435546875, 14.30096435546875, 14.30096435546875, 14.30096435546875, 14.30096435546875, 14.30096435546875, 14.30096435546875, 14.30096435546875, 14.30096435546875, 14.30096435546875, 14.30096435546875, 14.30096435546875, 14.30096435546875, 14.30096435546875, 14.30096435546875, 14.30096435546875, 14.30096435546875, 14.30096435546875, 14.30096435546875, 14.30096435546875, 14.30096435546875, 14.30096435546875, 14.30096435546875, 14.30096435546875, 14.30096435546875, 14.30096435546875, 14.30096435546875, 14.30096435546875, 14.30096435546875, 14.30096435546875, 14.30096435546875, 14.30096435546875, 14.30096435546875, 14.30096435546875, 14.30096435546875, 14.30096435546875, 14.30096435546875, 14.30096435546875, 14.30096435546875, 14.30096435546875, 14.30096435546875, 14.30096435546875, 14.30096435546875, 14.30096435546875, 14.30096435546875, 14.30096435546875, 14.30096435546875, 14.30096435546875, 14.30096435546875, 14.30096435546875, 14.30096435546875, 14.30096435546875, 14.30096435546875, 14.30096435546875, 14.30096435546875, 14.30096435546875, 14.30096435546875, 14.30096435546875, 14.30096435546875, 14.30096435546875, 14.30096435546875, 14.30096435546875, 14.30096435546875, 14.30096435546875, 14.30096435546875, 14.30096435546875, 14.30096435546875, 14.30096435546875, 14.30096435546875, 14.30096435546875, 14.30096435546875, 14.30096435546875, 14.30096435546875, 14.30096435546875, 14.30096435546875, 14.30096435546875, 14.30096435546875, 14.30096435546875, 14.30096435546875, 14.30096435546875, 14.30096435546875, 14.30096435546875, 14.30096435546875, 14.30096435546875, 14.30096435546875, 14.30096435546875, 14.30096435546875, 14.30096435546875, 14.30096435546875, 14.30096435546875, 14.30096435546875, 14.30096435546875, 14.30096435546875, 14.30096435546875, 14.30096435546875, 14.30096435546875, 14.30096435546875, 14.30096435546875, 14.30096435546875, 14.30096435546875, 14.30096435546875, 14.30096435546875, 14.30096435546875, 14.30096435546875, 14.30096435546875, 14.30096435546875, 14.30096435546875, 14.30096435546875, 14.30096435546875, 14.30096435546875, 14.30096435546875, 14.30096435546875, 14.30096435546875, 14.30096435546875, 14.30096435546875, 14.30096435546875, 14.30096435546875, 14.30096435546875, 14.30096435546875, 14.30096435546875, 14.30096435546875, 14.30096435546875, 14.30096435546875, 14.30096435546875, 14.30096435546875, 14.30096435546875, 14.30096435546875, 14.30096435546875, 14.30096435546875, 14.30096435546875]
2026-09-03 11:23:24,810 | Max Memória GPU: 14.30096435546875
2026-09-03 11:23:24,812 | Média Memória GPU: 14.297670084635417
2026-09-03 11:23:24,824 | P95 Memória GPU: 14.30096435546875
2026-09-03 11:23:24,824 | Desvio Padrão Memória GPU: 0.00977899258706106

2026-09-03 11:23:24,824 | Logs Memória Alocada GPU Torch: [8.119751453399658, 8.119751453399658, 8.119751453399658, 8.119751453399658, 8.119751453399658, 8.119751453399658, 8.119751453399658, 8.119751453399658, 8.119751453399658, 8.119751453399658, 8.119751453399658, 8.119751453399658, 8.119751453399658, 8.119751453399658, 8.119751453399658, 8.148798942565918, 8.148798942565918, 8.148798942565918, 8.148798942565918, 8.148798942565918, 8.148798942565918, 8.148798942565918, 8.148798942565918, 8.148798942565918, 8.148798942565918, 8.148798942565918, 8.148798942565918, 8.148798942565918, 8.148798942565918, 8.148798942565918, 8.148798942565918, 8.148798942565918, 8.148798942565918, 8.148798942565918, 8.148798942565918, 8.148798942565918, 8.148798942565918, 8.148798942565918, 8.148798942565918, 8.148798942565918, 8.148798942565918, 8.148798942565918, 8.148798942565918, 8.148798942565918, 8.148798942565918, 8.148798942565918, 8.148798942565918, 8.148798942565918, 8.148798942565918, 8.148798942565918, 8.148798942565918, 8.148798942565918, 8.148798942565918, 8.148798942565918, 8.148798942565918, 8.148798942565918, 8.148798942565918, 8.148798942565918, 8.148798942565918, 8.148798942565918, 8.148798942565918, 8.148798942565918, 8.148798942565918, 8.148798942565918, 8.148798942565918, 8.148798942565918, 8.148798942565918, 8.148798942565918, 8.148798942565918, 8.148798942565918, 8.148798942565918, 8.148798942565918, 8.148798942565918, 8.148798942565918, 8.148798942565918, 8.148798942565918, 8.148798942565918, 8.148798942565918, 8.148798942565918, 8.148798942565918, 8.148798942565918, 8.148798942565918, 8.148798942565918, 8.148798942565918, 8.148798942565918, 8.148798942565918, 8.148798942565918, 8.148798942565918, 8.148798942565918, 8.148798942565918, 8.148798942565918, 8.148798942565918, 8.148798942565918, 8.148798942565918, 8.148798942565918, 8.148798942565918, 8.148798942565918, 8.148798942565918, 8.148798942565918, 8.148798942565918, 8.148798942565918, 8.148798942565918, 8.148798942565918, 8.148798942565918, 8.148798942565918, 8.148798942565918, 8.148798942565918, 8.148798942565918, 8.148798942565918, 8.148798942565918, 8.148798942565918, 8.148798942565918, 8.148798942565918, 8.148798942565918, 8.148798942565918, 8.148798942565918, 8.148798942565918, 8.148798942565918, 8.148798942565918, 8.148798942565918, 8.148798942565918, 8.148798942565918, 8.148798942565918, 8.148798942565918, 8.148798942565918, 8.148798942565918, 8.148798942565918, 8.148798942565918, 8.148798942565918, 8.148798942565918, 8.148798942565918, 8.148798942565918, 8.148798942565918, 8.148798942565918, 8.148798942565918, 8.148798942565918, 8.148798942565918, 8.148798942565918, 8.148798942565918, 8.148798942565918, 8.148798942565918, 8.148798942565918, 8.148798942565918, 8.148798942565918, 8.148798942565918, 8.148798942565918, 8.148798942565918, 8.148798942565918, 8.148798942565918, 8.148798942565918]
2026-09-03 11:23:24,825 | Max Memória Alocada GPU Torch: 8.148798942565918
2026-09-03 11:23:24,825 | Média Memória Alocada GPU Torch: 8.145894193649292
2026-09-03 11:23:24,825 | P95 Memória Alocada GPU Torch: 8.148798942565918
2026-09-03 11:23:24,825 | Desvio Padrão Memória Alocada GPU Torch: 0.008714246749877929

2026-09-03 11:23:24,826 | Logs Memória Reservada GPU Torch: [13.66796875, 13.6953125, 13.6953125, 13.6953125, 13.6953125, 13.6953125, 13.6953125, 13.6953125, 13.6953125, 13.6953125, 13.6953125, 13.6953125, 13.6953125, 13.6953125, 13.6953125, 13.697265625, 13.724609375, 13.724609375, 13.724609375, 13.724609375, 13.724609375, 13.724609375, 13.724609375, 13.724609375, 13.724609375, 13.724609375, 13.724609375, 13.724609375, 13.724609375, 13.724609375, 13.724609375, 13.724609375, 13.724609375, 13.724609375, 13.724609375, 13.724609375, 13.724609375, 13.724609375, 13.724609375, 13.724609375, 13.724609375, 13.724609375, 13.724609375, 13.724609375, 13.724609375, 13.724609375, 13.724609375, 13.724609375, 13.724609375, 13.724609375, 13.724609375, 13.724609375, 13.724609375, 13.724609375, 13.724609375, 13.724609375, 13.724609375, 13.724609375, 13.724609375, 13.724609375, 13.724609375, 13.724609375, 13.724609375, 13.724609375, 13.724609375, 13.724609375, 13.724609375, 13.724609375, 13.724609375, 13.724609375, 13.724609375, 13.724609375, 13.724609375, 13.724609375, 13.724609375, 13.724609375, 13.724609375, 13.724609375, 13.724609375, 13.724609375, 13.724609375, 13.724609375, 13.724609375, 13.724609375, 13.724609375, 13.724609375, 13.724609375, 13.724609375, 13.724609375, 13.724609375, 13.724609375, 13.724609375, 13.724609375, 13.724609375, 13.724609375, 13.724609375, 13.724609375, 13.724609375, 13.724609375, 13.724609375, 13.724609375, 13.724609375, 13.724609375, 13.724609375, 13.724609375, 13.724609375, 13.724609375, 13.724609375, 13.724609375, 13.724609375, 13.724609375, 13.724609375, 13.724609375, 13.724609375, 13.724609375, 13.724609375, 13.724609375, 13.724609375, 13.724609375, 13.724609375, 13.724609375, 13.724609375, 13.724609375, 13.724609375, 13.724609375, 13.724609375, 13.724609375, 13.724609375, 13.724609375, 13.724609375, 13.724609375, 13.724609375, 13.724609375, 13.724609375, 13.724609375, 13.724609375, 13.724609375, 13.724609375, 13.724609375, 13.724609375, 13.724609375, 13.724609375, 13.724609375, 13.724609375, 13.724609375, 13.724609375, 13.724609375, 13.724609375, 13.724609375, 13.724609375]
2026-09-03 11:23:24,826 | Max Memória Reservada GPU Torch: 13.724609375
2026-09-03 11:23:24,826 | Média Memória Reservada GPU Torch: 13.721315104166667
2026-09-03 11:23:24,826 | P95 Memória Reservada GPU Torch: 13.724609375
2026-09-03 11:23:24,826 | Desvio Padrão Memória Reservada GPU Torch: 0.00977899258706106

2026-09-03 11:23:24,826 | Logs Percentagem de Utilização da Memória GPU: [94.962158203125, 95.14444986979167, 95.14444986979167, 95.14444986979167, 95.14444986979167, 95.14444986979167, 95.14444986979167, 95.14444986979167, 95.14444986979167, 95.14444986979167, 95.14444986979167, 95.14444986979167, 95.14444986979167, 95.14444986979167, 95.14444986979167, 95.157470703125, 95.33976236979167, 95.33976236979167, 95.33976236979167, 95.33976236979167, 95.33976236979167, 95.33976236979167, 95.33976236979167, 95.33976236979167, 95.33976236979167, 95.33976236979167, 95.33976236979167, 95.33976236979167, 95.33976236979167, 95.33976236979167, 95.33976236979167, 95.33976236979167, 95.33976236979167, 95.33976236979167, 95.33976236979167, 95.33976236979167, 95.33976236979167, 95.33976236979167, 95.33976236979167, 95.33976236979167, 95.33976236979167, 95.33976236979167, 95.33976236979167, 95.33976236979167, 95.33976236979167, 95.33976236979167, 95.33976236979167, 95.33976236979167, 95.33976236979167, 95.33976236979167, 95.33976236979167, 95.33976236979167, 95.33976236979167, 95.33976236979167, 95.33976236979167, 95.33976236979167, 95.33976236979167, 95.33976236979167, 95.33976236979167, 95.33976236979167, 95.33976236979167, 95.33976236979167, 95.33976236979167, 95.33976236979167, 95.33976236979167, 95.33976236979167, 95.33976236979167, 95.33976236979167, 95.33976236979167, 95.33976236979167, 95.33976236979167, 95.33976236979167, 95.33976236979167, 95.33976236979167, 95.33976236979167, 95.33976236979167, 95.33976236979167, 95.33976236979167, 95.33976236979167, 95.33976236979167, 95.33976236979167, 95.33976236979167, 95.33976236979167, 95.33976236979167, 95.33976236979167, 95.33976236979167, 95.33976236979167, 95.33976236979167, 95.33976236979167, 95.33976236979167, 95.33976236979167, 95.33976236979167, 95.33976236979167, 95.33976236979167, 95.33976236979167, 95.33976236979167, 95.33976236979167, 95.33976236979167, 95.33976236979167, 95.33976236979167, 95.33976236979167, 95.33976236979167, 95.33976236979167, 95.33976236979167, 95.33976236979167, 95.33976236979167, 95.33976236979167, 95.33976236979167, 95.33976236979167, 95.33976236979167, 95.33976236979167, 95.33976236979167, 95.33976236979167, 95.33976236979167, 95.33976236979167, 95.33976236979167, 95.33976236979167, 95.33976236979167, 95.33976236979167, 95.33976236979167, 95.33976236979167, 95.33976236979167, 95.33976236979167, 95.33976236979167, 95.33976236979167, 95.33976236979167, 95.33976236979167, 95.33976236979167, 95.33976236979167, 95.33976236979167, 95.33976236979167, 95.33976236979167, 95.33976236979167, 95.33976236979167, 95.33976236979167, 95.33976236979167, 95.33976236979167, 95.33976236979167, 95.33976236979167, 95.33976236979167, 95.33976236979167, 95.33976236979167, 95.33976236979167, 95.33976236979167, 95.33976236979167, 95.33976236979167, 95.33976236979167, 95.33976236979167, 95.33976236979167, 95.33976236979167]
2026-09-03 11:23:24,827 | Max Percentagem de Utilização da Memória GPU: 95.33976236979167
2026-09-03 11:23:24,827 | Média Percentagem de Utilização da Memória GPU: 95.31780056423612
2026-09-03 11:23:24,827 | P95 Percentagem de Utilização da Memória GPU: 95.33976236979167
2026-09-03 11:23:24,827 | Desvio Padrão Percentagem de Utilização da Memória GPU: 0.06519328391374064

2026-09-03 11:23:24,828 | Logs Percentagem de Utilização da GPU: [100, 96, 100, 100, 93, 100, 100, 100, 100, 100, 100, 100, 100, 100, 100, 100, 100, 100, 100, 75, 100, 100, 100, 100, 100, 100, 100, 100, 100, 100, 100, 100, 100, 100, 100, 100, 100, 100, 100, 100, 100, 88, 100, 95, 100, 100, 100, 100, 100, 100, 100, 100, 100, 100, 100, 100, 100, 100, 98, 100, 100, 100, 100, 100, 100, 100, 100, 100, 91, 100, 99, 100, 100, 100, 100, 100, 100, 100, 95, 100, 100, 100, 100, 100, 100, 100, 100, 100, 100, 100, 100, 100, 100, 100, 100, 100, 100, 100, 100, 100, 100, 100, 100, 100, 100, 100, 100, 100, 100, 100, 98, 100, 100, 100, 98, 100, 100, 100, 100, 100, 100, 100, 100, 100, 100, 100, 100, 100, 100, 100, 100, 100, 96, 100, 100, 100, 100, 96, 100, 100, 100, 100, 100, 100, 100, 100, 100, 100, 100, 100]
2026-09-03 11:23:24,828 | Max Percentagem de Utilização da GPU: 100
2026-09-03 11:23:24,828 | Média Percentagem de Utilização da GPU: 99.45333333333333
2026-09-03 11:23:24,829 | P95 Percentagem de Utilização da GPU: 100.0
2026-09-03 11:23:24,829 | Desvio Padrão Percentagem de Utilização da GPU: 2.536629434680771

2026-09-03 11:23:24,829 | Logs Clock Memória GPU: [5000, 5000, 5000, 5000, 5000, 5000, 5000, 5000, 5000, 5000, 5000, 5000, 5000, 5000, 5000, 5000, 5000, 5000, 5000, 5000, 5000, 5000, 5000, 5000, 5000, 5000, 5000, 5000, 5000, 5000, 5000, 5000, 5000, 5000, 5000, 5000, 5000, 5000, 5000, 5000, 5000, 5000, 5000, 5000, 5000, 5000, 5000, 5000, 5000, 5000, 5000, 5000, 5000, 5000, 5000, 5000, 5000, 5000, 5000, 5000, 5000, 5000, 5000, 5000, 5000, 5000, 5000, 5000, 5000, 5000, 5000, 5000, 5000, 5000, 5000, 5000, 5000, 5000, 5000, 5000, 5000, 5000, 5000, 5000, 5000, 5000, 5000, 5000, 5000, 5000, 5000, 5000, 5000, 5000, 5000, 5000, 5000, 5000, 5000, 5000, 5000, 5000, 5000, 5000, 5000, 5000, 5000, 5000, 5000, 5000, 5000, 5000, 5000, 5000, 5000, 5000, 5000, 5000, 5000, 5000, 5000, 5000, 5000, 5000, 5000, 5000, 5000, 5000, 5000, 5000, 5000, 5000, 5000, 5000, 5000, 5000, 5000, 5000, 5000, 5000, 5000, 5000, 5000, 5000, 5000, 5000, 5000, 5000, 5000, 5000]
2026-09-03 11:23:24,829 | Max Clock Memória GPU: 5000
2026-09-03 11:23:24,829 | Média Clock Memória GPU: 5000.0
2026-09-03 11:23:24,829 | P95 Clock Memória GPU: 5000.0
2026-09-03 11:23:24,830 | Desvio Padrão Clock Memória GPU: 0.0

2026-09-03 11:23:24,830 | Logs Clock SM GPU: [1530, 1380, 1455, 1215, 1320, 960, 1035, 1275, 1110, 990, 930, 945, 1245, 930, 930, 900, 1155, 1140, 855, 1500, 900, 1080, 1095, 840, 855, 1065, 1155, 1050, 885, 1020, 855, 1035, 840, 840, 825, 855, 885, 870, 825, 1095, 855, 1155, 840, 975, 900, 825, 1035, 870, 840, 975, 885, 840, 1185, 1080, 855, 840, 1095, 1110, 840, 900, 1035, 1035, 900, 855, 870, 1155, 1095, 840, 1170, 975, 900, 1140, 885, 870, 975, 870, 1155, 840, 945, 1125, 840, 840, 840, 825, 1140, 1140, 825, 1005, 855, 840, 885, 930, 1125, 870, 840, 840, 840, 1035, 1080, 975, 855, 855, 1095, 930, 870, 1140, 840, 870, 945, 855, 870, 1065, 960, 1020, 840, 855, 930, 840, 825, 855, 855, 870, 1110, 855, 900, 825, 855, 840, 840, 1140, 840, 855, 1095, 915, 840, 870, 855, 840, 1140, 855, 855, 1170, 1005, 855, 1080, 870, 840, 1125, 1140, 840]
2026-09-03 11:23:24,830 | Max Clock SM GPU: 1530
2026-09-03 11:23:24,830 | Média Clock SM GPU: 967.1
2026-09-03 11:23:24,830 | P95 Clock SM GPU: 1201.4999999999995
2026-09-03 11:23:24,830 | Desvio Padrão Clock SM GPU: 148.17587522940437

2026-09-03 11:23:24,830 | Logs Temperatura GPU: [49, 52, 54, 57, 58, 60, 62, 63, 64, 65, 67, 68, 69, 70, 71, 72, 73, 74, 75, 75, 77, 78, 78, 78, 78, 77, 76, 76, 76, 76, 76, 77, 77, 77, 77, 77, 77, 77, 77, 77, 77, 77, 77, 77, 77, 76, 77, 77, 77, 77, 77, 77, 76, 77, 77, 77, 76, 76, 77, 77, 76, 76, 76, 77, 77, 76, 76, 77, 76, 77, 77, 76, 77, 77, 77, 76, 76, 76, 77, 76, 77, 77, 77, 77, 76, 76, 76, 76, 77, 77, 77, 77, 77, 77, 76, 77, 77, 77, 76, 77, 77, 77, 76, 77, 77, 77, 77, 77, 77, 77, 76, 76, 76, 77, 76, 76, 76, 76, 76, 76, 76, 77, 76, 76, 76, 77, 77, 77, 77, 77, 77, 77, 76, 77, 77, 76, 76, 76, 76, 77, 76, 76, 76, 76, 76, 76, 76, 76, 76, 76]
2026-09-03 11:23:24,831 | Max Temperatura GPU: 78
2026-09-03 11:23:24,831 | Média Temperatura GPU: 75.04666666666667
2026-09-03 11:23:24,831 | P95 Temperatura GPU: 77.0
2026-09-03 11:23:24,831 | Desvio Padrão Temperatura GPU: 4.896715452445877

2026-09-03 11:23:24,831 | Logs Memória CPU: [5.95379638671875, 6.200405120849609, 6.3858642578125, 3.648529052734375, 3.889392852783203, 4.100421905517578, 4.075923919677734, 4.06976318359375, 4.0741424560546875, 4.082942962646484, 4.0825653076171875, 4.061229705810547, 4.073925018310547, 4.05194091796875, 4.079296112060547, 4.112262725830078, 4.111392974853516, 4.111351013183594, 4.1117401123046875, 4.048061370849609, 4.048065185546875, 4.026397705078125, 4.0299530029296875, 4.029502868652344, 4.029842376708984, 4.041500091552734, 4.041267395019531, 4.041057586669922, 4.019672393798828, 4.018501281738281, 4.040073394775391, 4.03997802734375, 4.03985595703125, 4.0395660400390625, 4.025737762451172, 4.035255432128906, 4.035007476806641, 4.013740539550781, 4.027008056640625, 4.027015686035156, 4.024524688720703, 4.030632019042969, 4.030384063720703, 4.031787872314453, 4.00018310546875, 4.034557342529297, 4.037677764892578, 4.017822265625, 4.031131744384766, 4.031299591064453, 4.031208038330078, 4.0069122314453125, 3.9924468994140625, 4.019901275634766, 3.9974594116210938, 3.9979820251464844, 4.027885437011719, 4.0298919677734375, 4.029632568359375, 4.028675079345703, 4.008716583251953, 4.021728515625, 4.023151397705078, 4.0230255126953125, 4.013267517089844, 4.0194244384765625, 4.020320892333984, 4.033287048339844, 4.033660888671875, 4.011623382568359, 4.0190582275390625, 4.020854949951172, 4.017642974853516, 4.025672912597656, 4.025474548339844, 4.027698516845703, 4.0276336669921875, 4.0274810791015625, 4.016143798828125, 4.016239166259766, 4.030040740966797, 4.002952575683594, 4.01751708984375, 3.997325897216797, 4.022796630859375, 4.022624969482422, 4.022411346435547, 4.031715393066406, 4.020084381103516, 4.0337066650390625, 4.030601501464844, 4.027793884277344, 4.027751922607422, 4.0277099609375, 4.0284271240234375, 4.028873443603516, 4.020740509033203, 4.020709991455078, 4.020664215087891, 4.029666900634766, 4.030250549316406, 4.030010223388672, 4.02984619140625, 4.021629333496094, 4.021583557128906, 4.013832092285156, 4.013721466064453, 4.021587371826172, 4.030937194824219, 4.031749725341797, 4.031742095947266, 4.019428253173828, 4.019557952880859, 4.028186798095703, 4.0312957763671875, 4.031482696533203, 4.0314178466796875, 4.017265319824219, 4.019187927246094, 3.9986648559570312, 4.026641845703125, 4.027774810791016, 4.027667999267578, 4.027519226074219, 4.027690887451172, 4.027660369873047, 4.020973205566406, 4.030307769775391, 4.030307769775391, 4.030975341796875, 4.02276611328125, 4.022804260253906, 4.006877899169922, 4.017799377441406, 4.023662567138672, 4.016365051269531, 4.027336120605469, 4.027454376220703, 4.028408050537109, 4.0287017822265625, 3.991840362548828, 4.014862060546875, 4.017265319824219, 4.023658752441406, 4.027408599853516, 4.027626037597656, 4.026866912841797, 4.026817321777344, 4.015869140625, 4.023502349853516]
2026-09-03 11:23:24,831 | Max Memória CPU: 6.3858642578125
2026-09-03 11:23:24,832 | Média Memória CPU: 4.069806340535481
2026-09-03 11:23:24,832 | P95 Memória CPU: 4.092556381225585
2026-09-03 11:23:24,832 | Desvio Padrão Memória CPU: 0.3050209701251401

2026-09-03 11:23:24,832 | Logs Utilização CPU: [41.8, 100.0, 99.9, 99.5, 99.7, 99.7, 98.3, 60.9, 59.8, 67.9, 52.1, 68.3, 65.1, 54.8, 67.9, 59.5, 67.3, 52.0, 66.9, 76.3, 86.6, 66.9, 61.2, 58.5, 66.7, 58.1, 61.2, 66.9, 54.4, 64.4, 59.6, 66.6, 66.7, 52.4, 67.2, 66.6, 52.5, 67.3, 66.7, 52.2, 66.8, 65.2, 54.4, 67.0, 62.5, 61.8, 59.5, 59.6, 67.0, 56.5, 63.0, 67.2, 53.0, 67.3, 67.9, 52.2, 66.7, 66.9, 52.6, 67.0, 59.2, 68.2, 63.5, 55.8, 67.4, 59.8, 58.9, 66.9, 57.2, 61.9, 67.0, 54.0, 65.3, 66.8, 52.2, 66.9, 52.0, 67.9, 67.1, 52.3, 66.9, 66.9, 52.7, 67.5, 64.2, 55.4, 66.9, 61.1, 58.0, 67.2, 59.4, 67.4, 56.3, 62.9, 66.9, 53.7, 65.6, 66.6, 52.3, 67.4, 66.5, 52.2, 67.1, 67.2, 52.1, 67.3, 52.1, 66.8, 65.5, 53.8, 66.8, 63.1, 55.9, 67.2, 59.9, 58.6, 67.2, 57.0, 61.7, 67.1, 59.7, 67.2, 52.3, 67.1, 66.5, 52.2, 67.3, 66.8, 52.1, 66.9, 67.1, 52.1, 67.0, 66.1, 53.1, 65.4, 54.8, 67.0, 61.7, 57.4, 67.2, 58.7, 59.8, 66.9, 56.7, 62.5, 67.2, 52.5, 66.9, 66.9]
2026-09-03 11:23:24,832 | Max Utilização CPU: 100.0
2026-09-03 11:23:24,832 | Média Utilização CPU: 63.53533333333332
2026-09-03 11:23:24,833 | P95 Utilização CPU: 72.69999999999986
2026-09-03 11:23:24,833 | Desvio Padrão Utilização CPU: 9.645400538886685

2026-09-03 11:23:24,833 | Logs Tokens/s: [207.6069181275094, 196.59135787556252, 194.09398538736139, 194.40782626268287, 194.3986610559742, 193.99175978961648, 193.78156162282863, 193.89639200061737, 193.8883981066961, 194.35043024785648]
2026-09-03 11:23:24,833 | Max Tokens/s: 207.6069181275094
2026-09-03 11:23:24,833 | Média Tokens/s: 195.70072904767054
2026-09-03 11:23:24,834 | P95 Tokens/s: 202.64991601413328
2026-09-03 11:23:24,834 | Desvio Padrão Tokens/s: 4.0430981186168164

2026-09-03 11:23:24,834 | Logs Tempo Step: [122.84754395484924, 129.7310333251953, 131.40025925636292, 131.1881341934204, 131.19431924819946, 131.4695017337799, 131.61210894584656, 131.5341649055481, 131.53958797454834, 131.22687697410583]
2026-09-03 11:23:24,834 | Max Tempo Step: 131.61210894584656
2026-09-03 11:23:24,834 | Média Tempo Step: 130.3743530511856
2026-09-03 11:23:24,834 | P95 Tempo Step: 131.57947450876236
2026-09-03 11:23:24,834 | Desvio Padrão Tempo Step: 2.561540680744986

2026-09-03 11:23:24,835 | Tempo Total de Treino: 1305.583690404892
2026-09-03 11:23:24,835 | Tempo por Effective Batch (Step): 130.5583690404892
2026-09-03 11:23:24,835 | Tempo por Micro Batch: 8.159898065030575
2026-09-03 11:23:24,835 | Tokens/s: 195.3455775178274

2026-09-03 11:23:24,835 | Logs Potência: [25.951, 25.951, 69.564, 64.456, 39.679, 77.248, 60.733, 76.029, 81.299, 75.002, 63.731, 65.102, 43.963, 77.981, 80.566, 55.837, 60.145, 36.25, 36.25, 47.282, 71.041, 78.176, 71.965, 35.362, 75.099, 61.811, 72.507, 62.85, 63.242, 66.236, 76.419, 63.046, 63.144, 61.909, 64.71, 36.94, 76.517, 70.26, 66.334, 61.321, 60.831, 63.437, 65.747, 67.215, 75.931, 66.53, 67.117, 72.898, 52.99, 79.542, 71.183, 39.186, 39.186, 69.325, 70.107, 68.249, 67.914, 68.989, 71.237, 62.811, 62.909, 64.729, 64.221, 62.752, 61.615, 76.224, 70.65, 64.964, 64.084, 38.792, 71.139, 69.227, 69.282, 65.16, 61.381, 64.671, 65.845, 72.169, 62.594, 68.347, 68.738, 67.858, 69.185, 71.139, 70.357, 38.178, 38.178, 66.391, 61.125, 66.489, 63.594, 69.129, 45.878, 64.181, 65.396, 63.927, 61.087, 66.294, 74.025, 77.347, 71.335, 76.81, 37.664, 36.722, 71.628, 67.956, 71.139, 76.177, 62.556, 60.537, 71.237, 79.053, 79.103, 43.373, 61.675, 68.794, 73.83, 62.752, 60.794, 38.254, 38.254, 69.575, 69.673, 76.224, 61.848, 69.966, 62.518, 65.2, 61.969, 63.399, 52.892, 75.099, 75.443, 44.429, 63.437, 59.103, 49.682, 39.262, 56.23, 47.184, 63.888, 61.185, 63.692, 63.144, 70.064, 64.279, 63.829, 77.299, 64.573, 63.046, 74.565, 63.262, 64.866, 60.635, 37.116, 67.313, 68.696, 68.989, 71.726, 76.274, 44.331, 74.858, 78.225, 63.986, 72.41, 65.943, 46.2, 71.974, 73.341, 67.858, 63.203]
2026-09-03 11:23:24,835 | Max Potência: 81.299
2026-09-03 11:23:24,835 | Média Potência: 63.36333333333334
2026-09-03 11:23:24,835 | P95 Potência: 77.32300000000001
2026-09-03 11:23:24,836 | Desvio Padrão Potência: 11.81055784590969

2026-09-03 11:23:24,836 | Energia Consumida: 25.799421708809334 Wh
2026-09-03 11:23:24,836 | Energia por Effective Batch (Step): 2.5799421708809334 Wh
2026-09-03 11:23:24,836 | Energia por Micro Batch: 0.16124638568005834 Wh
2026-09-03 11:23:24,836 | Energia por Token: 0.0001011583348055573 Wh
2026-09-03 11:23:24,836 | Energia por 1 Milhão de Tokens: 101.1583348055573 Wh
2026-09-03 11:23:24,836 | Energia por 10 Milhões de Tokens: 1011.583348055573 Wh
2026-09-03 11:23:24,836 | Energia por 100 Milhões de Tokens: 10115.83348055573 Wh