2026-09-03 10:21:10,925 | Training Arguments: {'output_dir': 'trainer_output', 'per_device_train_batch_size': 1, 'num_train_epochs': 3.0, 'max_steps': 10, 'learning_rate': 0.0002, 'lr_scheduler_type': 'cosine', 'lr_scheduler_kwargs': None, 'warmup_steps': 2, 'optim': 'adamw_8bit', 'optim_args': None, 'weight_decay': 0.0, 'adam_beta1': 0.9, 'adam_beta2': 0.999, 'adam_epsilon': 1e-08, 'optim_target_modules': None, 'gradient_accumulation_steps': 16, 'average_tokens_across_devices': True, 'max_grad_norm': 1.0, 'label_smoothing_factor': 0.0, 'bf16': False, 'fp16': True, 'bf16_full_eval': False, 'fp16_full_eval': False, 'tf32': None, 'gradient_checkpointing': False, 'gradient_checkpointing_kwargs': None, 'torch_compile': False, 'torch_compile_backend': None, 'torch_compile_mode': None, 'use_liger_kernel': False, 'liger_kernel_config': None, 'use_cache': False, 'neftune_noise_alpha': None, 'torch_empty_cache_steps': None, 'auto_find_batch_size': False, 'logging_strategy': 'steps', 'logging_steps': 5, 'logging_first_step': False, 'log_on_each_node': True, 'logging_nan_inf_filter': True, 'include_num_input_tokens_seen': 'no', 'log_level': 'passive', 'log_level_replica': 'warning', 'disable_tqdm': False, 'report_to': [], 'run_name': None, 'project': 'huggingface', 'trackio_space_id': None, 'trackio_bucket_id': None, 'trackio_static_space_id': None, 'eval_strategy': 'no', 'eval_steps': None, 'eval_delay': 0, 'per_device_eval_batch_size': 8, 'prediction_loss_only': False, 'eval_on_start': False, 'eval_do_concat_batches': True, 'eval_use_gather_object': False, 'eval_accumulation_steps': None, 'include_for_metrics': [], 'batch_eval_metrics': False, 'save_only_model': False, 'save_strategy': 'steps', 'save_steps': 500, 'save_on_each_node': False, 'save_total_limit': None, 'enable_jit_checkpoint': False, 'push_to_hub': False, 'hub_token': '<HUB_TOKEN>', 'hub_private_repo': None, 'hub_model_id': None, 'hub_strategy': 'every_save', 'hub_always_push': False, 'hub_revision': None, 'load_best_model_at_end': False, 'metric_for_best_model': None, 'greater_is_better': None, 'ignore_data_skip': False, 'restore_callback_states_from_checkpoint': False, 'full_determinism': False, 'seed': 42, 'data_seed': None, 'use_cpu': False, 'accelerator_config': {'split_batches': False, 'dispatch_batches': None, 'even_batches': True, 'use_seedable_sampler': True, 'non_blocking': False, 'gradient_accumulation_kwargs': None}, 'parallelism_config': None, 'dataloader_drop_last': False, 'dataloader_num_workers': 0, 'dataloader_pin_memory': True, 'dataloader_persistent_workers': False, 'dataloader_prefetch_factor': None, 'dataloader_multiprocessing_context': None, 'dataloader_in_order': True, 'remove_unused_columns': True, 'label_names': None, 'train_sampling_strategy': 'random', 'length_column_name': 'length', 'ddp_find_unused_parameters': None, 'ddp_bucket_cap_mb': None, 'ddp_broadcast_buffers': None, 'ddp_static_graph': None, 'ddp_backend': None, 'ddp_timeout': 1800, 'fsdp': None, 'fsdp_config': None, 'deepspeed': None, 'debug': [], 'skip_memory_metrics': True, 'do_train': False, 'do_eval': False, 'do_predict': False, 'resume_from_checkpoint': None, 'local_rank': -1}

2026-09-03 10:21:11,345 | Optimizer: 0
2026-09-03 10:23:20,491 | Memória GPU Effective Usada: 14.27 GB
2026-09-03 10:23:20,491 | Memória Torch GPU Usada: 8.09 GB
2026-09-03 10:23:20,491 | Memória Torch GPU Reservada: 13.70 GB
2026-09-03 10:23:20,491 | Memória CPU Usada: 4.35 GB
2026-09-03 10:23:20,491 | Tempo do Step: 129.14178371429443 s
2026-09-03 10:23:20,491 | Tokens/s: 197.48836717652534 tok/s

2026-09-03 10:23:20,584 | Optimizer: 1
2026-09-03 10:25:39,767 | Memória GPU Effective Usada: 14.30 GB
2026-09-03 10:25:39,767 | Memória Torch GPU Usada: 8.09 GB
2026-09-03 10:25:39,767 | Memória Torch GPU Reservada: 13.72 GB
2026-09-03 10:25:39,767 | Memória CPU Usada: 4.29 GB
2026-09-03 10:25:39,767 | Tempo do Step: 139.18252444267273 s
2026-09-03 10:25:39,767 | Tokens/s: 183.24139544188773 tok/s

2026-09-03 10:25:39,859 | Optimizer: 2
2026-09-03 10:28:06,316 | Memória GPU Effective Usada: 14.30 GB
2026-09-03 10:28:06,316 | Memória Torch GPU Usada: 8.09 GB
2026-09-03 10:28:06,316 | Memória Torch GPU Reservada: 13.72 GB
2026-09-03 10:28:06,316 | Memória CPU Usada: 4.26 GB
2026-09-03 10:28:06,316 | Tempo do Step: 146.45644116401672 s
2026-09-03 10:28:06,316 | Tokens/s: 174.14051438979078 tok/s

2026-09-03 10:28:06,367 | Optimizer: 3
2026-09-03 10:30:33,040 | Memória GPU Effective Usada: 14.30 GB
2026-09-03 10:30:33,040 | Memória Torch GPU Usada: 8.09 GB
2026-09-03 10:30:33,040 | Memória Torch GPU Reservada: 13.72 GB
2026-09-03 10:30:33,040 | Memória CPU Usada: 4.26 GB
2026-09-03 10:30:33,040 | Tempo do Step: 146.6729338169098 s
2026-09-03 10:30:33,040 | Tokens/s: 173.88347895076785 tok/s

2026-09-03 10:30:33,088 | Optimizer: 4
2026-09-03 10:33:00,279 | Memória GPU Effective Usada: 14.30 GB
2026-09-03 10:33:00,279 | Memória Torch GPU Usada: 8.09 GB
2026-09-03 10:33:00,279 | Memória Torch GPU Reservada: 13.72 GB
2026-09-03 10:33:00,279 | Memória CPU Usada: 4.26 GB
2026-09-03 10:33:00,279 | Tempo do Step: 147.1903417110443 s
2026-09-03 10:33:00,279 | Tokens/s: 173.27223854176518 tok/s

2026-09-03 10:33:00,367 | Optimizer: 5
2026-09-03 10:35:28,035 | Memória GPU Effective Usada: 14.30 GB
2026-09-03 10:35:28,035 | Memória Torch GPU Usada: 8.09 GB
2026-09-03 10:35:28,035 | Memória Torch GPU Reservada: 13.72 GB
2026-09-03 10:35:28,035 | Memória CPU Usada: 4.27 GB
2026-09-03 10:35:28,035 | Tempo do Step: 147.66763496398926 s
2026-09-03 10:35:28,035 | Tokens/s: 172.71218575566334 tok/s

2026-09-03 10:35:28,085 | Optimizer: 6
2026-09-03 10:37:55,483 | Memória GPU Effective Usada: 14.30 GB
2026-09-03 10:37:55,483 | Memória Torch GPU Usada: 8.09 GB
2026-09-03 10:37:55,483 | Memória Torch GPU Reservada: 13.72 GB
2026-09-03 10:37:55,483 | Memória CPU Usada: 4.27 GB
2026-09-03 10:37:55,483 | Tempo do Step: 147.3979434967041 s
2026-09-03 10:37:55,483 | Tokens/s: 173.02819425408254 tok/s

2026-09-03 10:37:55,532 | Optimizer: 7
2026-09-03 10:40:22,820 | Memória GPU Effective Usada: 14.30 GB
2026-09-03 10:40:22,820 | Memória Torch GPU Usada: 8.09 GB
2026-09-03 10:40:22,820 | Memória Torch GPU Reservada: 13.72 GB
2026-09-03 10:40:22,820 | Memória CPU Usada: 4.26 GB
2026-09-03 10:40:22,820 | Tempo do Step: 147.2875850200653 s
2026-09-03 10:40:22,821 | Tokens/s: 173.15783945079644 tok/s

2026-09-03 10:40:22,887 | Optimizer: 8
2026-09-03 10:42:50,037 | Memória GPU Effective Usada: 14.30 GB
2026-09-03 10:42:50,037 | Memória Torch GPU Usada: 8.09 GB
2026-09-03 10:42:50,037 | Memória Torch GPU Reservada: 13.72 GB
2026-09-03 10:42:50,037 | Memória CPU Usada: 4.25 GB
2026-09-03 10:42:50,037 | Tempo do Step: 147.14924502372742 s
2026-09-03 10:42:50,037 | Tokens/s: 173.3206310089294 tok/s

2026-09-03 10:42:50,124 | Optimizer: 9
2026-09-03 10:45:18,238 | Memória GPU Effective Usada: 14.30 GB
2026-09-03 10:45:18,238 | Memória Torch GPU Usada: 8.09 GB
2026-09-03 10:45:18,238 | Memória Torch GPU Reservada: 13.72 GB
2026-09-03 10:45:18,238 | Memória CPU Usada: 4.25 GB
2026-09-03 10:45:18,238 | Tempo do Step: 148.11322832107544 s
2026-09-03 10:45:18,238 | Tokens/s: 172.19258731376235 tok/s

2026-09-03 10:45:18,946 | Estatísticas do Treino Realizado
2026-09-03 10:45:18,946 | {'loss': 1.008592414855957, 'grad_norm': 0.2934725880622864, 'learning_rate': 0.00017071067811865476, 'epoch': 0.22988505747126436, 'step': 5}
2026-09-03 10:45:18,946 | {'loss': 0.7552272796630859, 'grad_norm': 0.2869005501270294, 'learning_rate': 7.612046748871327e-06, 'epoch': 0.45977011494252873, 'step': 10}
2026-09-03 10:45:18,946 | {'train_runtime': 1448.0297, 'train_samples_per_second': 0.11, 'train_steps_per_second': 0.007, 'total_flos': 1.160494371766272e+16, 'train_loss': 0.8819098472595215, 'epoch': 0.45977011494252873, 'step': 10}

2026-09-03 10:45:18,946 | Estatísticas do Treino Realizado
2026-09-03 10:45:18,946 | Logs Memória GPU: [14.24432373046875, 14.27166748046875, 14.27166748046875, 14.27166748046875, 14.27166748046875, 14.27166748046875, 14.27166748046875, 14.27166748046875, 14.27166748046875, 14.27166748046875, 14.27166748046875, 14.27166748046875, 14.27166748046875, 14.27166748046875, 14.27166748046875, 14.27362060546875, 14.30096435546875, 14.30096435546875, 14.30096435546875, 14.30096435546875, 14.30096435546875, 14.30096435546875, 14.30096435546875, 14.30096435546875, 14.30096435546875, 14.30096435546875, 14.30096435546875, 14.30096435546875, 14.30096435546875, 14.30096435546875, 14.30096435546875, 14.30096435546875, 14.30096435546875, 14.30096435546875, 14.30096435546875, 14.30096435546875, 14.30096435546875, 14.30096435546875, 14.30096435546875, 14.30096435546875, 14.30096435546875, 14.30096435546875, 14.30096435546875, 14.30096435546875, 14.30096435546875, 14.30096435546875, 14.30096435546875, 14.30096435546875, 14.30096435546875, 14.30096435546875, 14.30096435546875, 14.30096435546875, 14.30096435546875, 14.30096435546875, 14.30096435546875, 14.30096435546875, 14.30096435546875, 14.30096435546875, 14.30096435546875, 14.30096435546875, 14.30096435546875, 14.30096435546875, 14.30096435546875, 14.30096435546875, 14.30096435546875, 14.30096435546875, 14.30096435546875, 14.30096435546875, 14.30096435546875, 14.30096435546875, 14.30096435546875, 14.30096435546875, 14.30096435546875, 14.30096435546875, 14.30096435546875, 14.30096435546875, 14.30096435546875, 14.30096435546875, 14.30096435546875, 14.30096435546875, 14.30096435546875, 14.30096435546875, 14.30096435546875, 14.30096435546875, 14.30096435546875, 14.30096435546875, 14.30096435546875, 14.30096435546875, 14.30096435546875, 14.30096435546875, 14.30096435546875, 14.30096435546875, 14.30096435546875, 14.30096435546875, 14.30096435546875, 14.30096435546875, 14.30096435546875, 14.30096435546875, 14.30096435546875, 14.30096435546875, 14.30096435546875, 14.30096435546875, 14.30096435546875, 14.30096435546875, 14.30096435546875, 14.30096435546875, 14.30096435546875, 14.30096435546875, 14.30096435546875, 14.30096435546875, 14.30096435546875, 14.30096435546875, 14.30096435546875, 14.30096435546875, 14.30096435546875, 14.30096435546875, 14.30096435546875, 14.30096435546875, 14.30096435546875, 14.30096435546875, 14.30096435546875, 14.30096435546875, 14.30096435546875, 14.30096435546875, 14.30096435546875, 14.30096435546875, 14.30096435546875, 14.30096435546875, 14.30096435546875, 14.30096435546875, 14.30096435546875, 14.30096435546875, 14.30096435546875, 14.30096435546875, 14.30096435546875, 14.30096435546875, 14.30096435546875, 14.30096435546875, 14.30096435546875, 14.30096435546875, 14.30096435546875, 14.30096435546875, 14.30096435546875, 14.30096435546875, 14.30096435546875, 14.30096435546875, 14.30096435546875, 14.30096435546875, 14.30096435546875, 14.30096435546875]
2026-09-03 10:45:18,947 | Max Memória GPU: 14.30096435546875
2026-09-03 10:45:18,947 | Média Memória GPU: 14.297670084635417
2026-09-03 10:45:18,960 | P95 Memória GPU: 14.30096435546875
2026-09-03 10:45:18,960 | Desvio Padrão Memória GPU: 0.00977899258706106

2026-09-03 10:45:18,960 | Logs Memória Alocada GPU Torch: [8.119751453399658, 8.119751453399658, 8.119751453399658, 8.119751453399658, 8.119751453399658, 8.119751453399658, 8.119751453399658, 8.119751453399658, 8.119751453399658, 8.119751453399658, 8.119751453399658, 8.119751453399658, 8.119751453399658, 8.119751453399658, 8.119751453399658, 8.148798942565918, 8.148798942565918, 8.148798942565918, 8.148798942565918, 8.148798942565918, 8.148798942565918, 8.148798942565918, 8.148798942565918, 8.148798942565918, 8.148798942565918, 8.148798942565918, 8.148798942565918, 8.148798942565918, 8.148798942565918, 8.148798942565918, 8.148798942565918, 8.148798942565918, 8.148798942565918, 8.148798942565918, 8.148798942565918, 8.148798942565918, 8.148798942565918, 8.148798942565918, 8.148798942565918, 8.148798942565918, 8.148798942565918, 8.148798942565918, 8.148798942565918, 8.148798942565918, 8.148798942565918, 8.148798942565918, 8.148798942565918, 8.148798942565918, 8.148798942565918, 8.148798942565918, 8.148798942565918, 8.148798942565918, 8.148798942565918, 8.148798942565918, 8.148798942565918, 8.148798942565918, 8.148798942565918, 8.148798942565918, 8.148798942565918, 8.148798942565918, 8.148798942565918, 8.148798942565918, 8.148798942565918, 8.148798942565918, 8.148798942565918, 8.148798942565918, 8.148798942565918, 8.148798942565918, 8.148798942565918, 8.148798942565918, 8.148798942565918, 8.148798942565918, 8.148798942565918, 8.148798942565918, 8.148798942565918, 8.148798942565918, 8.148798942565918, 8.148798942565918, 8.148798942565918, 8.148798942565918, 8.148798942565918, 8.148798942565918, 8.148798942565918, 8.148798942565918, 8.148798942565918, 8.148798942565918, 8.148798942565918, 8.148798942565918, 8.148798942565918, 8.148798942565918, 8.148798942565918, 8.148798942565918, 8.148798942565918, 8.148798942565918, 8.148798942565918, 8.148798942565918, 8.148798942565918, 8.148798942565918, 8.148798942565918, 8.148798942565918, 8.148798942565918, 8.148798942565918, 8.148798942565918, 8.148798942565918, 8.148798942565918, 8.148798942565918, 8.148798942565918, 8.148798942565918, 8.148798942565918, 8.148798942565918, 8.148798942565918, 8.148798942565918, 8.148798942565918, 8.148798942565918, 8.148798942565918, 8.148798942565918, 8.148798942565918, 8.148798942565918, 8.148798942565918, 8.148798942565918, 8.148798942565918, 8.148798942565918, 8.148798942565918, 8.148798942565918, 8.148798942565918, 8.148798942565918, 8.148798942565918, 8.148798942565918, 8.148798942565918, 8.148798942565918, 8.148798942565918, 8.148798942565918, 8.148798942565918, 8.148798942565918, 8.148798942565918, 8.148798942565918, 8.148798942565918, 8.148798942565918, 8.148798942565918, 8.148798942565918, 8.148798942565918, 8.148798942565918, 8.148798942565918, 8.148798942565918, 8.148798942565918, 8.148798942565918, 8.148798942565918, 8.148798942565918, 8.148798942565918, 8.148798942565918]
2026-09-03 10:45:18,960 | Max Memória Alocada GPU Torch: 8.148798942565918
2026-09-03 10:45:18,960 | Média Memória Alocada GPU Torch: 8.145894193649292
2026-09-03 10:45:18,960 | P95 Memória Alocada GPU Torch: 8.148798942565918
2026-09-03 10:45:18,960 | Desvio Padrão Memória Alocada GPU Torch: 0.008714246749877929

2026-09-03 10:45:18,961 | Logs Memória Reservada GPU Torch: [13.66796875, 13.6953125, 13.6953125, 13.6953125, 13.6953125, 13.6953125, 13.6953125, 13.6953125, 13.6953125, 13.6953125, 13.6953125, 13.6953125, 13.6953125, 13.6953125, 13.6953125, 13.697265625, 13.724609375, 13.724609375, 13.724609375, 13.724609375, 13.724609375, 13.724609375, 13.724609375, 13.724609375, 13.724609375, 13.724609375, 13.724609375, 13.724609375, 13.724609375, 13.724609375, 13.724609375, 13.724609375, 13.724609375, 13.724609375, 13.724609375, 13.724609375, 13.724609375, 13.724609375, 13.724609375, 13.724609375, 13.724609375, 13.724609375, 13.724609375, 13.724609375, 13.724609375, 13.724609375, 13.724609375, 13.724609375, 13.724609375, 13.724609375, 13.724609375, 13.724609375, 13.724609375, 13.724609375, 13.724609375, 13.724609375, 13.724609375, 13.724609375, 13.724609375, 13.724609375, 13.724609375, 13.724609375, 13.724609375, 13.724609375, 13.724609375, 13.724609375, 13.724609375, 13.724609375, 13.724609375, 13.724609375, 13.724609375, 13.724609375, 13.724609375, 13.724609375, 13.724609375, 13.724609375, 13.724609375, 13.724609375, 13.724609375, 13.724609375, 13.724609375, 13.724609375, 13.724609375, 13.724609375, 13.724609375, 13.724609375, 13.724609375, 13.724609375, 13.724609375, 13.724609375, 13.724609375, 13.724609375, 13.724609375, 13.724609375, 13.724609375, 13.724609375, 13.724609375, 13.724609375, 13.724609375, 13.724609375, 13.724609375, 13.724609375, 13.724609375, 13.724609375, 13.724609375, 13.724609375, 13.724609375, 13.724609375, 13.724609375, 13.724609375, 13.724609375, 13.724609375, 13.724609375, 13.724609375, 13.724609375, 13.724609375, 13.724609375, 13.724609375, 13.724609375, 13.724609375, 13.724609375, 13.724609375, 13.724609375, 13.724609375, 13.724609375, 13.724609375, 13.724609375, 13.724609375, 13.724609375, 13.724609375, 13.724609375, 13.724609375, 13.724609375, 13.724609375, 13.724609375, 13.724609375, 13.724609375, 13.724609375, 13.724609375, 13.724609375, 13.724609375, 13.724609375, 13.724609375, 13.724609375, 13.724609375, 13.724609375, 13.724609375, 13.724609375, 13.724609375, 13.724609375]
2026-09-03 10:45:18,961 | Max Memória Reservada GPU Torch: 13.724609375
2026-09-03 10:45:18,961 | Média Memória Reservada GPU Torch: 13.721315104166667
2026-09-03 10:45:18,961 | P95 Memória Reservada GPU Torch: 13.724609375
2026-09-03 10:45:18,961 | Desvio Padrão Memória Reservada GPU Torch: 0.00977899258706106

2026-09-03 10:45:18,961 | Logs Percentagem de Utilização da Memória GPU: [94.962158203125, 95.14444986979167, 95.14444986979167, 95.14444986979167, 95.14444986979167, 95.14444986979167, 95.14444986979167, 95.14444986979167, 95.14444986979167, 95.14444986979167, 95.14444986979167, 95.14444986979167, 95.14444986979167, 95.14444986979167, 95.14444986979167, 95.157470703125, 95.33976236979167, 95.33976236979167, 95.33976236979167, 95.33976236979167, 95.33976236979167, 95.33976236979167, 95.33976236979167, 95.33976236979167, 95.33976236979167, 95.33976236979167, 95.33976236979167, 95.33976236979167, 95.33976236979167, 95.33976236979167, 95.33976236979167, 95.33976236979167, 95.33976236979167, 95.33976236979167, 95.33976236979167, 95.33976236979167, 95.33976236979167, 95.33976236979167, 95.33976236979167, 95.33976236979167, 95.33976236979167, 95.33976236979167, 95.33976236979167, 95.33976236979167, 95.33976236979167, 95.33976236979167, 95.33976236979167, 95.33976236979167, 95.33976236979167, 95.33976236979167, 95.33976236979167, 95.33976236979167, 95.33976236979167, 95.33976236979167, 95.33976236979167, 95.33976236979167, 95.33976236979167, 95.33976236979167, 95.33976236979167, 95.33976236979167, 95.33976236979167, 95.33976236979167, 95.33976236979167, 95.33976236979167, 95.33976236979167, 95.33976236979167, 95.33976236979167, 95.33976236979167, 95.33976236979167, 95.33976236979167, 95.33976236979167, 95.33976236979167, 95.33976236979167, 95.33976236979167, 95.33976236979167, 95.33976236979167, 95.33976236979167, 95.33976236979167, 95.33976236979167, 95.33976236979167, 95.33976236979167, 95.33976236979167, 95.33976236979167, 95.33976236979167, 95.33976236979167, 95.33976236979167, 95.33976236979167, 95.33976236979167, 95.33976236979167, 95.33976236979167, 95.33976236979167, 95.33976236979167, 95.33976236979167, 95.33976236979167, 95.33976236979167, 95.33976236979167, 95.33976236979167, 95.33976236979167, 95.33976236979167, 95.33976236979167, 95.33976236979167, 95.33976236979167, 95.33976236979167, 95.33976236979167, 95.33976236979167, 95.33976236979167, 95.33976236979167, 95.33976236979167, 95.33976236979167, 95.33976236979167, 95.33976236979167, 95.33976236979167, 95.33976236979167, 95.33976236979167, 95.33976236979167, 95.33976236979167, 95.33976236979167, 95.33976236979167, 95.33976236979167, 95.33976236979167, 95.33976236979167, 95.33976236979167, 95.33976236979167, 95.33976236979167, 95.33976236979167, 95.33976236979167, 95.33976236979167, 95.33976236979167, 95.33976236979167, 95.33976236979167, 95.33976236979167, 95.33976236979167, 95.33976236979167, 95.33976236979167, 95.33976236979167, 95.33976236979167, 95.33976236979167, 95.33976236979167, 95.33976236979167, 95.33976236979167, 95.33976236979167, 95.33976236979167, 95.33976236979167, 95.33976236979167, 95.33976236979167, 95.33976236979167, 95.33976236979167, 95.33976236979167, 95.33976236979167, 95.33976236979167]
2026-09-03 10:45:18,961 | Max Percentagem de Utilização da Memória GPU: 95.33976236979167
2026-09-03 10:45:18,961 | Média Percentagem de Utilização da Memória GPU: 95.31780056423612
2026-09-03 10:45:18,961 | P95 Percentagem de Utilização da Memória GPU: 95.33976236979167
2026-09-03 10:45:18,962 | Desvio Padrão Percentagem de Utilização da Memória GPU: 0.06519328391374064

2026-09-03 10:45:18,962 | Logs Percentagem de Utilização da GPU: [100, 100, 83, 100, 100, 100, 100, 100, 100, 100, 100, 100, 100, 100, 100, 100, 96, 65, 100, 100, 100, 100, 100, 100, 100, 100, 100, 100, 100, 100, 100, 100, 98, 100, 100, 100, 100, 100, 100, 100, 100, 100, 100, 100, 100, 100, 100, 100, 100, 100, 100, 100, 100, 100, 100, 100, 100, 100, 100, 96, 100, 100, 100, 100, 100, 100, 100, 100, 100, 99, 100, 93, 100, 97, 100, 100, 100, 100, 100, 100, 100, 100, 100, 100, 92, 100, 96, 100, 100, 100, 100, 100, 100, 100, 100, 100, 100, 100, 100, 100, 100, 100, 100, 100, 100, 100, 100, 100, 100, 97, 100, 100, 100, 100, 100, 100, 100, 100, 100, 100, 100, 100, 100, 98, 100, 100, 100, 100, 100, 100, 100, 100, 100, 98, 100, 100, 100, 100, 100, 92, 100, 100, 100, 100, 100, 100, 100, 100, 100, 100]
2026-09-03 10:45:18,962 | Max Percentagem de Utilização da GPU: 100
2026-09-03 10:45:18,962 | Média Percentagem de Utilização da GPU: 99.33333333333333
2026-09-03 10:45:18,962 | P95 Percentagem de Utilização da GPU: 100.0
2026-09-03 10:45:18,962 | Desvio Padrão Percentagem de Utilização da GPU: 3.369800521626696

2026-09-03 10:45:18,962 | Logs Clock Memória GPU: [5000, 5000, 5000, 5000, 5000, 5000, 5000, 5000, 5000, 5000, 5000, 5000, 5000, 5000, 5000, 5000, 5000, 5000, 5000, 5000, 5000, 5000, 5000, 5000, 5000, 5000, 5000, 5000, 5000, 5000, 5000, 5000, 5000, 5000, 5000, 5000, 5000, 5000, 5000, 5000, 5000, 5000, 5000, 5000, 5000, 5000, 5000, 5000, 5000, 5000, 5000, 5000, 5000, 5000, 5000, 5000, 5000, 5000, 5000, 5000, 5000, 5000, 5000, 5000, 5000, 5000, 5000, 5000, 5000, 5000, 5000, 5000, 5000, 5000, 5000, 5000, 5000, 5000, 5000, 5000, 5000, 5000, 5000, 5000, 5000, 5000, 5000, 5000, 5000, 5000, 5000, 5000, 5000, 5000, 5000, 5000, 5000, 5000, 5000, 5000, 5000, 5000, 5000, 5000, 5000, 5000, 5000, 5000, 5000, 5000, 5000, 5000, 5000, 5000, 5000, 5000, 5000, 5000, 5000, 5000, 5000, 5000, 5000, 5000, 5000, 5000, 5000, 5000, 5000, 5000, 5000, 5000, 5000, 5000, 5000, 5000, 5000, 5000, 5000, 5000, 5000, 5000, 5000, 5000, 5000, 5000, 5000, 5000, 5000, 5000]
2026-09-03 10:45:18,963 | Max Clock Memória GPU: 5000
2026-09-03 10:45:18,963 | Média Clock Memória GPU: 5000.0
2026-09-03 10:45:18,963 | P95 Clock Memória GPU: 5000.0
2026-09-03 10:45:18,963 | Desvio Padrão Clock Memória GPU: 0.0

2026-09-03 10:45:18,963 | Logs Clock SM GPU: [1035, 1275, 1500, 1260, 1560, 930, 1110, 900, 1170, 915, 1185, 1080, 1230, 1110, 840, 1065, 1110, 1440, 810, 780, 945, 810, 765, 750, 795, 825, 795, 1170, 795, 765, 735, 1110, 735, 705, 825, 735, 1035, 720, 1020, 1005, 1020, 855, 765, 930, 1035, 975, 750, 735, 1035, 705, 1050, 1035, 705, 720, 1035, 1020, 1005, 720, 720, 720, 1050, 720, 705, 720, 1035, 720, 960, 1020, 930, 990, 945, 1005, 975, 1005, 735, 930, 735, 1005, 1020, 705, 1020, 1005, 1035, 975, 990, 720, 975, 975, 1005, 1020, 705, 990, 1005, 1035, 840, 945, 1005, 900, 705, 720, 705, 1005, 975, 705, 990, 720, 960, 1020, 705, 720, 1020, 960, 1005, 1005, 1005, 705, 720, 1035, 990, 1020, 1005, 975, 840, 1005, 990, 705, 1020, 930, 1020, 750, 720, 705, 1020, 1020, 975, 720, 975, 1020, 1005, 1020, 990, 900, 690, 765, 975, 990, 990, 930, 1020, 735]
2026-09-03 10:45:18,963 | Max Clock SM GPU: 1560
2026-09-03 10:45:18,963 | Média Clock SM GPU: 924.9
2026-09-03 10:45:18,963 | P95 Clock SM GPU: 1170.0
2026-09-03 10:45:18,963 | Desvio Padrão Clock SM GPU: 164.9166152939115

2026-09-03 10:45:18,963 | Logs Temperatura GPU: [52, 54, 55, 58, 59, 61, 63, 64, 65, 66, 67, 68, 68, 69, 70, 71, 71, 71, 72, 73, 73, 73, 74, 74, 74, 75, 75, 75, 75, 75, 76, 76, 76, 76, 76, 76, 76, 76, 76, 76, 77, 77, 77, 77, 76, 76, 76, 76, 76, 76, 76, 76, 76, 76, 76, 76, 76, 76, 76, 76, 76, 76, 76, 76, 76, 76, 76, 76, 76, 76, 76, 76, 77, 77, 77, 77, 77, 76, 76, 77, 76, 77, 76, 77, 76, 77, 77, 76, 76, 77, 77, 76, 76, 76, 77, 76, 76, 76, 76, 77, 76, 76, 77, 76, 76, 77, 76, 76, 76, 76, 76, 76, 76, 76, 76, 77, 77, 76, 76, 76, 76, 76, 76, 76, 76, 77, 76, 76, 76, 76, 76, 76, 76, 76, 76, 77, 77, 77, 77, 77, 77, 77, 77, 77, 77, 77, 77, 77, 77, 76]
2026-09-03 10:45:18,963 | Max Temperatura GPU: 77
2026-09-03 10:45:18,963 | Média Temperatura GPU: 74.64666666666666
2026-09-03 10:45:18,964 | P95 Temperatura GPU: 77.0
2026-09-03 10:45:18,964 | Desvio Padrão Temperatura GPU: 4.519788588959542

2026-09-03 10:45:18,964 | Logs Memória CPU: [3.0905609130859375, 3.4067001342773438, 4.005611419677734, 4.198802947998047, 4.415927886962891, 4.313388824462891, 4.3284454345703125, 4.329524993896484, 4.344539642333984, 4.3527374267578125, 4.352596282958984, 4.312236785888672, 4.321033477783203, 4.334156036376953, 4.322959899902344, 4.3533935546875, 4.353523254394531, 4.309318542480469, 4.263252258300781, 4.283855438232422, 4.288566589355469, 4.286586761474609, 4.274333953857422, 4.276390075683594, 4.276275634765625, 4.290657043457031, 4.274799346923828, 4.262001037597656, 4.275630950927734, 4.285572052001953, 4.252483367919922, 4.277507781982422, 4.278995513916016, 4.279003143310547, 4.289913177490234, 4.282016754150391, 4.288837432861328, 4.288822174072266, 4.278499603271484, 4.287651062011719, 4.266620635986328, 4.266868591308594, 4.267917633056641, 4.267974853515625, 4.274848937988281, 4.272270202636719, 4.272705078125, 4.272571563720703, 4.275066375732422, 4.265754699707031, 4.282207489013672, 4.281925201416016, 4.264789581298828, 4.271244049072266, 4.280982971191406, 4.280952453613281, 4.273983001708984, 4.277042388916016, 4.268939971923828, 4.275875091552734, 4.264270782470703, 4.264461517333984, 4.264678955078125, 4.269706726074219, 4.274116516113281, 4.274082183837891, 4.2740478515625, 4.260288238525391, 4.251667022705078, 4.250774383544922, 4.261260986328125, 4.261135101318359, 4.261096954345703, 4.269462585449219, 4.251781463623047, 4.265434265136719, 4.2595367431640625, 4.263118743896484, 4.266227722167969, 4.26617431640625, 4.251743316650391, 4.258110046386719, 4.265293121337891, 4.265468597412109, 4.268104553222656, 4.2688140869140625, 4.268787384033203, 4.253238677978516, 4.270500183105469, 4.271492004394531, 4.265434265136719, 4.26702880859375, 4.2669525146484375, 4.271984100341797, 4.247402191162109, 4.250999450683594, 4.257236480712891, 4.263725280761719, 4.263496398925781, 4.266548156738281, 4.265022277832031, 4.271507263183594, 4.271980285644531, 4.262260437011719, 4.264423370361328, 4.248622894287109, 4.254337310791016, 4.254329681396484, 4.268436431884766, 4.253780364990234, 4.253986358642578, 4.260223388671875, 4.259979248046875, 4.2601776123046875, 4.2601318359375, 4.250476837158203, 4.258354187011719, 4.237457275390625, 4.248752593994141, 4.256183624267578, 4.259746551513672, 4.2597198486328125, 4.259700775146484, 4.261554718017578, 4.238414764404297, 4.242851257324219, 4.250301361083984, 4.250526428222656, 4.253410339355469, 4.246864318847656, 4.2535858154296875, 4.256706237792969, 4.256706237792969, 4.2313690185546875, 4.246967315673828, 4.2260894775390625, 4.244590759277344, 4.246509552001953, 4.2540740966796875, 4.255977630615234, 4.261737823486328, 4.243846893310547, 4.24383544921875, 4.248634338378906, 4.251502990722656, 4.238475799560547, 4.2386932373046875, 4.2509002685546875, 4.2518310546875, 4.2518157958984375]
2026-09-03 10:45:18,964 | Max Memória CPU: 4.415927886962891
2026-09-03 10:45:18,964 | Média Memória CPU: 4.2548046366373695
2026-09-03 10:45:18,964 | P95 Memória CPU: 4.329039192199707
2026-09-03 10:45:18,964 | Desvio Padrão Memória CPU: 0.12330384691885811

2026-09-03 10:45:18,964 | Logs Utilização CPU: [45.6, 99.6, 99.9, 99.7, 99.9, 77.7, 73.8, 52.2, 67.7, 64.9, 55.2, 68.7, 60.6, 59.2, 66.9, 59.2, 67.6, 80.4, 78.1, 67.1, 62.2, 57.1, 66.3, 66.8, 52.2, 66.3, 66.2, 53.7, 65.0, 66.1, 59.5, 66.0, 66.3, 52.2, 65.6, 65.7, 63.5, 54.4, 65.3, 65.8, 58.6, 58.9, 65.9, 65.4, 55.2, 64.4, 65.7, 52.4, 66.0, 65.5, 61.1, 57.3, 65.4, 65.4, 56.9, 61.1, 65.6, 65.8, 52.5, 65.7, 64.6, 53.9, 65.2, 65.8, 58.1, 59.2, 65.8, 65.2, 53.4, 64.4, 66.0, 64.9, 52.2, 65.9, 65.5, 59.0, 65.5, 65.2, 59.2, 58.8, 65.2, 65.3, 56.1, 62.1, 65.4, 66.1, 52.3, 65.4, 65.7, 63.9, 59.6, 65.6, 59.7, 58.2, 66.0, 65.1, 54.9, 63.0, 65.7, 65.6, 53.1, 65.4, 65.0, 62.5, 55.1, 65.4, 58.7, 59.3, 65.2, 66.5, 52.3, 65.0, 65.7, 65.0, 52.1, 65.3, 65.6, 61.2, 56.0, 66.0, 60.9, 60.7, 65.2, 65.4, 53.1, 65.0, 65.2, 64.9, 52.7, 65.2, 65.1, 61.2, 56.5, 65.0, 65.4, 58.6, 65.3, 65.5, 53.1, 64.2, 65.9, 64.9, 52.0, 66.0, 65.0, 63.4, 53.5, 65.6, 65.2, 60.3]
2026-09-03 10:45:18,964 | Max Utilização CPU: 99.9
2026-09-03 10:45:18,964 | Média Utilização CPU: 63.36066666666666
2026-09-03 10:45:18,965 | P95 Utilização CPU: 71.50499999999991
2026-09-03 10:45:18,965 | Desvio Padrão Utilização CPU: 8.13456736539948

2026-09-03 10:45:18,965 | Logs Tokens/s: [197.48836717652534, 183.24139544188773, 174.14051438979078, 173.88347895076785, 173.27223854176518, 172.71218575566334, 173.02819425408254, 173.15783945079644, 173.3206310089294, 172.19258731376235]
2026-09-03 10:45:18,965 | Max Tokens/s: 197.48836717652534
2026-09-03 10:45:18,965 | Média Tokens/s: 176.64374322839708
2026-09-03 10:45:18,965 | P95 Tokens/s: 191.07722989593842
2026-09-03 10:45:18,965 | Desvio Padrão Tokens/s: 7.581664376079679

2026-09-03 10:45:18,965 | Logs Tempo Step: [129.14178371429443, 139.18252444267273, 146.45644116401672, 146.6729338169098, 147.1903417110443, 147.66763496398926, 147.3979434967041, 147.2875850200653, 147.14924502372742, 148.11322832107544]
2026-09-03 10:45:18,965 | Max Tempo Step: 148.11322832107544
2026-09-03 10:45:18,965 | Média Tempo Step: 144.62596616744995
2026-09-03 10:45:18,965 | P95 Tempo Step: 147.91271131038667
2026-09-03 10:45:18,966 | Desvio Padrão Tempo Step: 5.710126592871771

2026-09-03 10:45:18,966 | Tempo Total de Treino: 1448.020912885666
2026-09-03 10:45:18,966 | Tempo por Effective Batch (Step): 144.8020912885666
2026-09-03 10:45:18,966 | Tempo por Micro Batch: 9.050130705535413
2026-09-03 10:45:18,966 | Tokens/s: 176.1300529090754

2026-09-03 10:45:18,966 | Logs Potência: [27.267, 27.252, 41.97, 35.304, 63.75, 61.199, 35.699, 65.574, 71.912, 64.888, 79.641, 74.508, 71.814, 63.319, 63.221, 59.371, 63.907, 37.554, 36.489, 68.529, 62.18, 41.674, 62.377, 74.704, 63.907, 54.921, 63.319, 61.101, 62.279, 61.237, 61.003, 66.514, 60.709, 68.627, 40.294, 43.227, 61.101, 63.848, 60.905, 71.912, 61.297, 65.142, 61.788, 65.28, 62.241, 61.396, 66.318, 63.907, 68.431, 66.71, 69.27, 39.232, 39.232, 51.905, 61.788, 65.142, 62.082, 68.725, 61.984, 69.411, 63.907, 65.828, 61.494, 68.333, 61.984, 64.496, 62.279, 68.627, 62.573, 39.133, 64.848, 53.349, 63.848, 64.594, 61.358, 64.946, 63.025, 65.084, 67.942, 68.823, 66.024, 66.024, 61.494, 66.514, 71.227, 62.082, 41.674, 64.398, 61.494, 61.984, 61.592, 61.199, 62.633, 67.494, 65.044, 62.241, 61.984, 61.396, 61.554, 62.829, 63.515, 64.79, 39.232, 39.232, 65.436, 65.24, 61.297, 61.297, 64.005, 64.3, 64.888, 66.22, 65.378, 62.829, 64.692, 49.839, 54.495, 44.212, 69.117, 62.769, 62.769, 69.606, 61.494, 61.494, 61.297, 65.044, 68.627, 69.019, 68.823, 66.612, 62.829, 61.69, 63.221, 61.69, 64.398, 64.554, 40.885, 42.636, 61.396, 61.26, 65.534, 57.541, 64.496, 63.063, 65.534, 61.494, 64.201, 67.256, 65.672, 62.044, 64.005, 69.117, 61.456, 61.592, 41.083, 49.672, 64.946, 64.103, 63.711, 66.318, 62.044, 61.297, 64.103, 67.004, 61.788, 64.26, 65.828, 70.879, 69.411, 63.77, 64.652]
2026-09-03 10:45:18,966 | Max Potência: 79.641
2026-09-03 10:45:18,966 | Média Potência: 61.09731578947368
2026-09-03 10:45:18,966 | P95 Potência: 69.5085
2026-09-03 10:45:18,966 | Desvio Padrão Potência: 9.134202865813975

2026-09-03 10:45:18,966 | Energia Consumida: 26.339902633421627 Wh
2026-09-03 10:45:18,966 | Energia por Effective Batch (Step): 2.6339902633421626 Wh
2026-09-03 10:45:18,967 | Energia por Micro Batch: 0.16462439145888516 Wh
2026-09-03 10:45:18,967 | Energia por Token: 0.00010327753541962683 Wh
2026-09-03 10:45:18,967 | Energia por 1 Milhão de Tokens: 103.27753541962683 Wh
2026-09-03 10:45:18,967 | Energia por 10 Milhões de Tokens: 1032.7753541962684 Wh
2026-09-03 10:45:18,967 | Energia por 100 Milhões de Tokens: 10327.753541962682 Wh
