2026-09-02 13:37:54,470 | Training Arguments: {'output_dir': 'trainer_output', 'per_device_train_batch_size': 1, 'num_train_epochs': 3.0, 'max_steps': 10, 'learning_rate': 0.0002, 'lr_scheduler_type': 'cosine', 'lr_scheduler_kwargs': None, 'warmup_steps': 2, 'optim': 'adamw_8bit', 'optim_args': None, 'weight_decay': 0.0, 'adam_beta1': 0.9, 'adam_beta2': 0.999, 'adam_epsilon': 1e-08, 'optim_target_modules': None, 'gradient_accumulation_steps': 16, 'average_tokens_across_devices': True, 'max_grad_norm': 1.0, 'label_smoothing_factor': 0.0, 'bf16': False, 'fp16': True, 'bf16_full_eval': False, 'fp16_full_eval': False, 'tf32': None, 'gradient_checkpointing': False, 'gradient_checkpointing_kwargs': None, 'torch_compile': False, 'torch_compile_backend': None, 'torch_compile_mode': None, 'use_liger_kernel': False, 'liger_kernel_config': None, 'use_cache': False, 'neftune_noise_alpha': None, 'torch_empty_cache_steps': None, 'auto_find_batch_size': False, 'logging_strategy': 'steps', 'logging_steps': 5, 'logging_first_step': False, 'log_on_each_node': True, 'logging_nan_inf_filter': True, 'include_num_input_tokens_seen': 'no', 'log_level': 'passive', 'log_level_replica': 'warning', 'disable_tqdm': False, 'report_to': [], 'run_name': None, 'project': 'huggingface', 'trackio_space_id': None, 'trackio_bucket_id': None, 'trackio_static_space_id': None, 'eval_strategy': 'no', 'eval_steps': None, 'eval_delay': 0, 'per_device_eval_batch_size': 8, 'prediction_loss_only': False, 'eval_on_start': False, 'eval_do_concat_batches': True, 'eval_use_gather_object': False, 'eval_accumulation_steps': None, 'include_for_metrics': [], 'batch_eval_metrics': False, 'save_only_model': False, 'save_strategy': 'steps', 'save_steps': 500, 'save_on_each_node': False, 'save_total_limit': None, 'enable_jit_checkpoint': False, 'push_to_hub': False, 'hub_token': '<HUB_TOKEN>', 'hub_private_repo': None, 'hub_model_id': None, 'hub_strategy': 'every_save', 'hub_always_push': False, 'hub_revision': None, 'load_best_model_at_end': False, 'metric_for_best_model': None, 'greater_is_better': None, 'ignore_data_skip': False, 'restore_callback_states_from_checkpoint': False, 'full_determinism': False, 'seed': 42, 'data_seed': None, 'use_cpu': False, 'accelerator_config': {'split_batches': False, 'dispatch_batches': None, 'even_batches': True, 'use_seedable_sampler': True, 'non_blocking': False, 'gradient_accumulation_kwargs': None}, 'parallelism_config': None, 'dataloader_drop_last': False, 'dataloader_num_workers': 0, 'dataloader_pin_memory': True, 'dataloader_persistent_workers': False, 'dataloader_prefetch_factor': None, 'dataloader_multiprocessing_context': None, 'dataloader_in_order': True, 'remove_unused_columns': True, 'label_names': None, 'train_sampling_strategy': 'random', 'length_column_name': 'length', 'ddp_find_unused_parameters': None, 'ddp_bucket_cap_mb': None, 'ddp_broadcast_buffers': None, 'ddp_static_graph': None, 'ddp_backend': None, 'ddp_timeout': 1800, 'fsdp': None, 'fsdp_config': None, 'deepspeed': None, 'debug': [], 'skip_memory_metrics': True, 'do_train': False, 'do_eval': False, 'do_predict': False, 'resume_from_checkpoint': None, 'local_rank': -1}

2026-09-02 13:37:54,669 | Optimizer: 0
2026-09-02 13:38:58,442 | Memória GPU Effective Usada: 12.02 GB
2026-09-02 13:38:58,442 | Memória Torch GPU Usada: 8.09 GB
2026-09-02 13:38:58,443 | Memória Torch GPU Reservada: 11.45 GB
2026-09-02 13:38:58,443 | Memória CPU Usada: 4.42 GB
2026-09-02 13:38:58,443 | Tempo do Step: 63.772520780563354 s
2026-09-02 13:38:58,443 | Tokens/s: 200.96430003290808 tok/s

2026-09-02 13:38:58,475 | Optimizer: 1
2026-09-02 13:40:08,799 | Memória GPU Effective Usada: 12.05 GB
2026-09-02 13:40:08,799 | Memória Torch GPU Usada: 8.09 GB
2026-09-02 13:40:08,799 | Memória Torch GPU Reservada: 11.48 GB
2026-09-02 13:40:08,799 | Memória CPU Usada: 4.45 GB
2026-09-02 13:40:08,799 | Tempo do Step: 70.32408881187439 s
2026-09-02 13:40:08,799 | Tokens/s: 182.24196312424866 tok/s

2026-09-02 13:40:08,845 | Optimizer: 2
2026-09-02 13:41:18,600 | Memória GPU Effective Usada: 12.05 GB
2026-09-02 13:41:18,601 | Memória Torch GPU Usada: 8.09 GB
2026-09-02 13:41:18,601 | Memória Torch GPU Reservada: 11.48 GB
2026-09-02 13:41:18,601 | Memória CPU Usada: 4.36 GB
2026-09-02 13:41:18,601 | Tempo do Step: 69.75542831420898 s
2026-09-02 13:41:18,601 | Tokens/s: 183.72763682664416 tok/s

2026-09-02 13:41:18,633 | Optimizer: 3
2026-09-02 13:42:27,922 | Memória GPU Effective Usada: 12.05 GB
2026-09-02 13:42:27,922 | Memória Torch GPU Usada: 8.09 GB
2026-09-02 13:42:27,922 | Memória Torch GPU Reservada: 11.48 GB
2026-09-02 13:42:27,922 | Memória CPU Usada: 4.36 GB
2026-09-02 13:42:27,922 | Tempo do Step: 69.28830981254578 s
2026-09-02 13:42:27,922 | Tokens/s: 184.96626681575447 tok/s

2026-09-02 13:42:27,976 | Optimizer: 4
2026-09-02 13:43:37,986 | Memória GPU Effective Usada: 12.05 GB
2026-09-02 13:43:37,986 | Memória Torch GPU Usada: 8.09 GB
2026-09-02 13:43:37,986 | Memória Torch GPU Reservada: 11.48 GB
2026-09-02 13:43:37,986 | Memória CPU Usada: 4.35 GB
2026-09-02 13:43:37,986 | Tempo do Step: 70.00936794281006 s
2026-09-02 13:43:37,986 | Tokens/s: 183.0612156143055 tok/s

2026-09-02 13:43:38,022 | Optimizer: 5
2026-09-02 13:44:47,990 | Memória GPU Effective Usada: 12.05 GB
2026-09-02 13:44:47,990 | Memória Torch GPU Usada: 8.09 GB
2026-09-02 13:44:47,990 | Memória Torch GPU Reservada: 11.48 GB
2026-09-02 13:44:47,990 | Memória CPU Usada: 4.34 GB
2026-09-02 13:44:47,990 | Tempo do Step: 69.96777272224426 s
2026-09-02 13:44:47,990 | Tokens/s: 183.17004388401116 tok/s

2026-09-02 13:44:48,048 | Optimizer: 6
2026-09-02 13:45:57,550 | Memória GPU Effective Usada: 12.05 GB
2026-09-02 13:45:57,550 | Memória Torch GPU Usada: 8.09 GB
2026-09-02 13:45:57,550 | Memória Torch GPU Reservada: 11.48 GB
2026-09-02 13:45:57,550 | Memória CPU Usada: 4.35 GB
2026-09-02 13:45:57,550 | Tempo do Step: 69.50154876708984 s
2026-09-02 13:45:57,550 | Tokens/s: 184.3987684785032 tok/s

2026-09-02 13:45:57,584 | Optimizer: 7
2026-09-02 13:47:07,252 | Memória GPU Effective Usada: 12.05 GB
2026-09-02 13:47:07,252 | Memória Torch GPU Usada: 8.09 GB
2026-09-02 13:47:07,252 | Memória Torch GPU Reservada: 11.48 GB
2026-09-02 13:47:07,252 | Memória CPU Usada: 4.35 GB
2026-09-02 13:47:07,252 | Tempo do Step: 69.66844367980957 s
2026-09-02 13:47:07,253 | Tokens/s: 183.95703022879744 tok/s

2026-09-02 13:47:07,285 | Optimizer: 8
2026-09-02 13:48:16,853 | Memória GPU Effective Usada: 12.05 GB
2026-09-02 13:48:16,854 | Memória Torch GPU Usada: 8.09 GB
2026-09-02 13:48:16,854 | Memória Torch GPU Reservada: 11.48 GB
2026-09-02 13:48:16,854 | Memória CPU Usada: 4.35 GB
2026-09-02 13:48:16,854 | Tempo do Step: 69.56863307952881 s
2026-09-02 13:48:16,854 | Tokens/s: 184.2209546556582 tok/s

2026-09-02 13:48:16,893 | Optimizer: 9
2026-09-02 13:49:26,314 | Memória GPU Effective Usada: 12.05 GB
2026-09-02 13:49:26,314 | Memória Torch GPU Usada: 8.09 GB
2026-09-02 13:49:26,314 | Memória Torch GPU Reservada: 11.48 GB
2026-09-02 13:49:26,314 | Memória CPU Usada: 4.35 GB
2026-09-02 13:49:26,314 | Tempo do Step: 69.42071557044983 s
2026-09-02 13:49:26,314 | Tokens/s: 184.61348164862997 tok/s

2026-09-02 13:49:26,988 | Estatísticas do Treino Realizado
2026-09-02 13:49:26,988 | {'loss': 1.5232041358947754, 'grad_norm': 0.5816490650177002, 'learning_rate': 0.00017071067811865476, 'epoch': 0.21164021164021163, 'step': 5}
2026-09-02 13:49:26,988 | {'loss': 1.1171272277832032, 'grad_norm': 0.386574387550354, 'learning_rate': 7.612046748871327e-06, 'epoch': 0.42328042328042326, 'step': 10}
2026-09-02 13:49:26,988 | {'train_runtime': 692.5249, 'train_samples_per_second': 0.231, 'train_steps_per_second': 0.014, 'total_flos': 5831593423994880.0, 'train_loss': 1.3201656818389893, 'epoch': 0.42328042328042326, 'step': 10}

2026-09-02 13:49:26,988 | Estatísticas do Treino Realizado
2026-09-02 13:49:26,989 | Logs Memória GPU: [11.99237060546875, 12.02166748046875, 12.02166748046875, 12.02166748046875, 12.02166748046875, 12.02166748046875, 12.02166748046875, 12.02166748046875, 12.02166748046875, 12.02166748046875, 12.02166748046875, 12.02166748046875, 12.02166748046875, 12.02166748046875, 12.02166748046875, 12.02362060546875, 12.05291748046875, 12.05291748046875, 12.05291748046875, 12.05291748046875, 12.05291748046875, 12.05291748046875, 12.05291748046875, 12.05291748046875, 12.05291748046875, 12.05291748046875, 12.05291748046875, 12.05291748046875, 12.05291748046875, 12.05291748046875, 12.05291748046875, 12.05291748046875, 12.05291748046875, 12.05291748046875, 12.05291748046875, 12.05291748046875, 12.05291748046875, 12.05291748046875, 12.05291748046875, 12.05291748046875, 12.05291748046875, 12.05291748046875, 12.05291748046875, 12.05291748046875, 12.05291748046875, 12.05291748046875, 12.05291748046875, 12.05291748046875, 12.05291748046875, 12.05291748046875, 12.05291748046875, 12.05291748046875, 12.05291748046875, 12.05291748046875, 12.05291748046875, 12.05291748046875, 12.05291748046875, 12.05291748046875, 12.05291748046875, 12.05291748046875, 12.05291748046875, 12.05291748046875, 12.05291748046875, 12.05291748046875, 12.05291748046875, 12.05291748046875, 12.05291748046875, 12.05291748046875, 12.05291748046875, 12.05291748046875, 12.05291748046875, 12.05291748046875, 12.05291748046875, 12.05291748046875, 12.05291748046875, 12.05291748046875, 12.05291748046875, 12.05291748046875, 12.05291748046875, 12.05291748046875, 12.05291748046875, 12.05291748046875, 12.05291748046875, 12.05291748046875, 12.05291748046875, 12.05291748046875, 12.05291748046875, 12.05291748046875, 12.05291748046875, 12.05291748046875, 12.05291748046875, 12.05291748046875, 12.05291748046875, 12.05291748046875, 12.05291748046875, 12.05291748046875, 12.05291748046875, 12.05291748046875, 12.05291748046875, 12.05291748046875, 12.05291748046875, 12.05291748046875, 12.05291748046875, 12.05291748046875, 12.05291748046875, 12.05291748046875, 12.05291748046875, 12.05291748046875, 12.05291748046875, 12.05291748046875, 12.05291748046875, 12.05291748046875, 12.05291748046875, 12.05291748046875, 12.05291748046875, 12.05291748046875, 12.05291748046875, 12.05291748046875, 12.05291748046875, 12.05291748046875, 12.05291748046875, 12.05291748046875, 12.05291748046875, 12.05291748046875, 12.05291748046875, 12.05291748046875, 12.05291748046875, 12.05291748046875, 12.05291748046875, 12.05291748046875, 12.05291748046875, 12.05291748046875, 12.05291748046875, 12.05291748046875, 12.05291748046875, 12.05291748046875, 12.05291748046875, 12.05291748046875, 12.05291748046875, 12.05291748046875, 12.05291748046875, 12.05291748046875, 12.05291748046875, 12.05291748046875, 12.05291748046875, 12.05291748046875, 12.05291748046875, 12.05291748046875, 12.05291748046875, 12.05291748046875]
2026-09-02 13:49:26,989 | Max Memória GPU: 12.05291748046875
2026-09-02 13:49:26,990 | Média Memória GPU: 12.04940185546875
2026-09-02 13:49:27,011 | P95 Memória GPU: 12.05291748046875
2026-09-02 13:49:27,011 | Desvio Padrão Memória GPU: 0.010437804074912021

2026-09-02 13:49:27,011 | Logs Memória Alocada GPU Torch: [8.119476795196533, 8.119476795196533, 8.119476795196533, 8.119476795196533, 8.119476795196533, 8.119476795196533, 8.119476795196533, 8.119476795196533, 8.119476795196533, 8.119476795196533, 8.119476795196533, 8.119476795196533, 8.119476795196533, 8.119476795196533, 8.119476795196533, 8.148524284362793, 8.148524284362793, 8.148524284362793, 8.148524284362793, 8.148524284362793, 8.148524284362793, 8.148524284362793, 8.148524284362793, 8.148524284362793, 8.148524284362793, 8.148524284362793, 8.148524284362793, 8.148524284362793, 8.148524284362793, 8.148524284362793, 8.148524284362793, 8.148524284362793, 8.148524284362793, 8.148524284362793, 8.148524284362793, 8.148524284362793, 8.148524284362793, 8.148524284362793, 8.148524284362793, 8.148524284362793, 8.148524284362793, 8.148524284362793, 8.148524284362793, 8.148524284362793, 8.148524284362793, 8.148524284362793, 8.148524284362793, 8.148524284362793, 8.148524284362793, 8.148524284362793, 8.148524284362793, 8.148524284362793, 8.148524284362793, 8.148524284362793, 8.148524284362793, 8.148524284362793, 8.148524284362793, 8.148524284362793, 8.148524284362793, 8.148524284362793, 8.148524284362793, 8.148524284362793, 8.148524284362793, 8.148524284362793, 8.148524284362793, 8.148524284362793, 8.148524284362793, 8.148524284362793, 8.148524284362793, 8.148524284362793, 8.148524284362793, 8.148524284362793, 8.148524284362793, 8.148524284362793, 8.148524284362793, 8.148524284362793, 8.148524284362793, 8.148524284362793, 8.148524284362793, 8.148524284362793, 8.148524284362793, 8.148524284362793, 8.148524284362793, 8.148524284362793, 8.148524284362793, 8.148524284362793, 8.148524284362793, 8.148524284362793, 8.148524284362793, 8.148524284362793, 8.148524284362793, 8.148524284362793, 8.148524284362793, 8.148524284362793, 8.148524284362793, 8.148524284362793, 8.148524284362793, 8.148524284362793, 8.148524284362793, 8.148524284362793, 8.148524284362793, 8.148524284362793, 8.148524284362793, 8.148524284362793, 8.148524284362793, 8.148524284362793, 8.148524284362793, 8.148524284362793, 8.148524284362793, 8.148524284362793, 8.148524284362793, 8.148524284362793, 8.148524284362793, 8.148524284362793, 8.148524284362793, 8.148524284362793, 8.148524284362793, 8.148524284362793, 8.148524284362793, 8.148524284362793, 8.148524284362793, 8.148524284362793, 8.148524284362793, 8.148524284362793, 8.148524284362793, 8.148524284362793, 8.148524284362793, 8.148524284362793, 8.148524284362793, 8.148524284362793, 8.148524284362793, 8.148524284362793, 8.148524284362793, 8.148524284362793, 8.148524284362793, 8.148524284362793, 8.148524284362793, 8.148524284362793, 8.148524284362793, 8.148524284362793, 8.148524284362793, 8.148524284362793, 8.148524284362793, 8.148524284362793, 8.148524284362793, 8.148524284362793, 8.148524284362793, 8.148524284362793, 8.148524284362793, 8.148524284362793]
2026-09-02 13:49:27,012 | Max Memória Alocada GPU Torch: 8.148524284362793
2026-09-02 13:49:27,012 | Média Memória Alocada GPU Torch: 8.145619535446167
2026-09-02 13:49:27,012 | P95 Memória Alocada GPU Torch: 8.148524284362793
2026-09-02 13:49:27,012 | Desvio Padrão Memória Alocada GPU Torch: 0.008714246749877929

2026-09-02 13:49:27,012 | Logs Memória Reservada GPU Torch: [11.41796875, 11.447265625, 11.447265625, 11.447265625, 11.447265625, 11.447265625, 11.447265625, 11.447265625, 11.447265625, 11.447265625, 11.447265625, 11.447265625, 11.447265625, 11.447265625, 11.447265625, 11.447265625, 11.4765625, 11.4765625, 11.4765625, 11.4765625, 11.4765625, 11.4765625, 11.4765625, 11.4765625, 11.4765625, 11.4765625, 11.4765625, 11.4765625, 11.4765625, 11.4765625, 11.4765625, 11.4765625, 11.4765625, 11.4765625, 11.4765625, 11.4765625, 11.4765625, 11.4765625, 11.4765625, 11.4765625, 11.4765625, 11.4765625, 11.4765625, 11.4765625, 11.4765625, 11.4765625, 11.4765625, 11.4765625, 11.4765625, 11.4765625, 11.4765625, 11.4765625, 11.4765625, 11.4765625, 11.4765625, 11.4765625, 11.4765625, 11.4765625, 11.4765625, 11.4765625, 11.4765625, 11.4765625, 11.4765625, 11.4765625, 11.4765625, 11.4765625, 11.4765625, 11.4765625, 11.4765625, 11.4765625, 11.4765625, 11.4765625, 11.4765625, 11.4765625, 11.4765625, 11.4765625, 11.4765625, 11.4765625, 11.4765625, 11.4765625, 11.4765625, 11.4765625, 11.4765625, 11.4765625, 11.4765625, 11.4765625, 11.4765625, 11.4765625, 11.4765625, 11.4765625, 11.4765625, 11.4765625, 11.4765625, 11.4765625, 11.4765625, 11.4765625, 11.4765625, 11.4765625, 11.4765625, 11.4765625, 11.4765625, 11.4765625, 11.4765625, 11.4765625, 11.4765625, 11.4765625, 11.4765625, 11.4765625, 11.4765625, 11.4765625, 11.4765625, 11.4765625, 11.4765625, 11.4765625, 11.4765625, 11.4765625, 11.4765625, 11.4765625, 11.4765625, 11.4765625, 11.4765625, 11.4765625, 11.4765625, 11.4765625, 11.4765625, 11.4765625, 11.4765625, 11.4765625, 11.4765625, 11.4765625, 11.4765625, 11.4765625, 11.4765625, 11.4765625, 11.4765625, 11.4765625, 11.4765625, 11.4765625, 11.4765625, 11.4765625, 11.4765625, 11.4765625, 11.4765625, 11.4765625, 11.4765625, 11.4765625, 11.4765625, 11.4765625, 11.4765625, 11.4765625]
2026-09-02 13:49:27,012 | Max Memória Reservada GPU Torch: 11.4765625
2026-09-02 13:49:27,012 | Média Memória Reservada GPU Torch: 11.4732421875
2026-09-02 13:49:27,013 | P95 Memória Reservada GPU Torch: 11.4765625
2026-09-02 13:49:27,013 | Desvio Padrão Memória Reservada GPU Torch: 0.009884047600687496

2026-09-02 13:49:27,013 | Logs Percentagem de Utilização da Memória GPU: [79.94913736979167, 80.14444986979167, 80.14444986979167, 80.14444986979167, 80.14444986979167, 80.14444986979167, 80.14444986979167, 80.14444986979167, 80.14444986979167, 80.14444986979167, 80.14444986979167, 80.14444986979167, 80.14444986979167, 80.14444986979167, 80.14444986979167, 80.157470703125, 80.352783203125, 80.352783203125, 80.352783203125, 80.352783203125, 80.352783203125, 80.352783203125, 80.352783203125, 80.352783203125, 80.352783203125, 80.352783203125, 80.352783203125, 80.352783203125, 80.352783203125, 80.352783203125, 80.352783203125, 80.352783203125, 80.352783203125, 80.352783203125, 80.352783203125, 80.352783203125, 80.352783203125, 80.352783203125, 80.352783203125, 80.352783203125, 80.352783203125, 80.352783203125, 80.352783203125, 80.352783203125, 80.352783203125, 80.352783203125, 80.352783203125, 80.352783203125, 80.352783203125, 80.352783203125, 80.352783203125, 80.352783203125, 80.352783203125, 80.352783203125, 80.352783203125, 80.352783203125, 80.352783203125, 80.352783203125, 80.352783203125, 80.352783203125, 80.352783203125, 80.352783203125, 80.352783203125, 80.352783203125, 80.352783203125, 80.352783203125, 80.352783203125, 80.352783203125, 80.352783203125, 80.352783203125, 80.352783203125, 80.352783203125, 80.352783203125, 80.352783203125, 80.352783203125, 80.352783203125, 80.352783203125, 80.352783203125, 80.352783203125, 80.352783203125, 80.352783203125, 80.352783203125, 80.352783203125, 80.352783203125, 80.352783203125, 80.352783203125, 80.352783203125, 80.352783203125, 80.352783203125, 80.352783203125, 80.352783203125, 80.352783203125, 80.352783203125, 80.352783203125, 80.352783203125, 80.352783203125, 80.352783203125, 80.352783203125, 80.352783203125, 80.352783203125, 80.352783203125, 80.352783203125, 80.352783203125, 80.352783203125, 80.352783203125, 80.352783203125, 80.352783203125, 80.352783203125, 80.352783203125, 80.352783203125, 80.352783203125, 80.352783203125, 80.352783203125, 80.352783203125, 80.352783203125, 80.352783203125, 80.352783203125, 80.352783203125, 80.352783203125, 80.352783203125, 80.352783203125, 80.352783203125, 80.352783203125, 80.352783203125, 80.352783203125, 80.352783203125, 80.352783203125, 80.352783203125, 80.352783203125, 80.352783203125, 80.352783203125, 80.352783203125, 80.352783203125, 80.352783203125, 80.352783203125, 80.352783203125, 80.352783203125, 80.352783203125, 80.352783203125, 80.352783203125, 80.352783203125, 80.352783203125, 80.352783203125, 80.352783203125, 80.352783203125, 80.352783203125, 80.352783203125, 80.352783203125, 80.352783203125, 80.352783203125]
2026-09-02 13:49:27,013 | Max Percentagem de Utilização da Memória GPU: 80.352783203125
2026-09-02 13:49:27,013 | Média Percentagem de Utilização da Memória GPU: 80.329345703125
2026-09-02 13:49:27,013 | P95 Percentagem de Utilização da Memória GPU: 80.352783203125
2026-09-02 13:49:27,013 | Desvio Padrão Percentagem de Utilização da Memória GPU: 0.06958536049941212

2026-09-02 13:49:27,013 | Logs Percentagem de Utilização da GPU: [100, 100, 100, 100, 100, 87, 100, 91, 100, 100, 100, 100, 100, 100, 100, 92, 100, 100, 100, 100, 100, 100, 100, 100, 100, 100, 100, 100, 94, 100, 100, 90, 100, 100, 100, 100, 100, 100, 88, 100, 100, 100, 100, 100, 100, 100, 100, 100, 100, 100, 100, 100, 100, 96, 100, 100, 100, 100, 100, 100, 100, 100, 91, 100, 100, 100, 100, 100, 100, 100, 100, 100, 100, 100, 100, 100, 100, 97, 100, 100, 100, 100, 100, 100, 100, 100, 100, 100, 100, 100, 100, 100, 100, 100, 100, 100, 100, 100, 100, 100, 100, 100, 100, 100, 100, 100, 100, 100, 100, 100, 100, 100, 100, 100, 100, 100, 100, 100, 98, 100, 100, 100, 100, 100, 100, 100, 100, 100, 100, 100, 100, 100, 100, 100, 100, 100, 100, 100, 100, 100, 100, 100, 100, 100, 100, 100, 100, 100, 100, 99]
2026-09-02 13:49:27,013 | Max Percentagem de Utilização da GPU: 100
2026-09-02 13:49:27,014 | Média Percentagem de Utilização da GPU: 99.48666666666666
2026-09-02 13:49:27,014 | P95 Percentagem de Utilização da GPU: 100.0
2026-09-02 13:49:27,014 | Desvio Padrão Percentagem de Utilização da GPU: 2.106297435997321

2026-09-02 13:49:27,014 | Logs Clock Memória GPU: [5000, 5000, 5000, 5000, 5000, 5000, 5000, 5000, 5000, 5000, 5000, 5000, 5000, 5000, 5000, 5000, 5000, 5000, 5000, 5000, 5000, 5000, 5000, 5000, 5000, 5000, 5000, 5000, 5000, 5000, 5000, 5000, 5000, 5000, 5000, 5000, 5000, 5000, 5000, 5000, 5000, 5000, 5000, 5000, 5000, 5000, 5000, 5000, 5000, 5000, 5000, 5000, 5000, 5000, 5000, 5000, 5000, 5000, 5000, 5000, 5000, 5000, 5000, 5000, 5000, 5000, 5000, 5000, 5000, 5000, 5000, 5000, 5000, 5000, 5000, 5000, 5000, 5000, 5000, 5000, 5000, 5000, 5000, 5000, 5000, 5000, 5000, 5000, 5000, 5000, 5000, 5000, 5000, 5000, 5000, 5000, 5000, 5000, 5000, 5000, 5000, 5000, 5000, 5000, 5000, 5000, 5000, 5000, 5000, 5000, 5000, 5000, 5000, 5000, 5000, 5000, 5000, 5000, 5000, 5000, 5000, 5000, 5000, 5000, 5000, 5000, 5000, 5000, 5000, 5000, 5000, 5000, 5000, 5000, 5000, 5000, 5000, 5000, 5000, 5000, 5000, 5000, 5000, 5000, 5000, 5000, 5000, 5000, 5000, 5000]
2026-09-02 13:49:27,014 | Max Clock Memória GPU: 5000
2026-09-02 13:49:27,014 | Média Clock Memória GPU: 5000.0
2026-09-02 13:49:27,014 | P95 Clock Memória GPU: 5000.0
2026-09-02 13:49:27,015 | Desvio Padrão Clock Memória GPU: 0.0

2026-09-02 13:49:27,015 | Logs Clock SM GPU: [1410, 1455, 1365, 1200, 1440, 1260, 780, 810, 1455, 1470, 915, 690, 660, 675, 1080, 1050, 645, 795, 630, 930, 855, 810, 915, 630, 630, 720, 675, 870, 690, 690, 915, 1290, 1245, 660, 630, 675, 885, 780, 900, 675, 705, 960, 810, 630, 975, 645, 810, 645, 720, 885, 945, 645, 630, 810, 660, 645, 630, 780, 645, 660, 795, 750, 1020, 630, 645, 645, 630, 630, 945, 915, 945, 780, 630, 615, 945, 780, 630, 630, 915, 615, 615, 780, 750, 645, 1005, 630, 810, 930, 630, 630, 615, 645, 645, 750, 660, 645, 660, 720, 630, 810, 720, 645, 630, 990, 795, 630, 765, 615, 645, 705, 615, 900, 615, 645, 780, 930, 645, 630, 630, 645, 615, 870, 630, 660, 705, 630, 705, 825, 945, 870, 885, 750, 945, 630, 615, 825, 645, 660, 675, 915, 645, 945, 630, 1035, 645, 645, 1080, 615, 645, 1050]
2026-09-02 13:49:27,015 | Max Clock SM GPU: 1470
2026-09-02 13:49:27,015 | Média Clock SM GPU: 787.3
2026-09-02 13:49:27,015 | P95 Clock SM GPU: 1253.2499999999998
2026-09-02 13:49:27,015 | Desvio Padrão Clock SM GPU: 199.86798142774146

2026-09-02 13:49:27,015 | Logs Temperatura GPU: [60, 61, 63, 64, 66, 67, 68, 70, 70, 71, 73, 74, 75, 75, 75, 76, 77, 78, 79, 80, 81, 81, 80, 79, 77, 77, 76, 75, 75, 75, 75, 74, 75, 76, 76, 77, 77, 78, 77, 78, 78, 78, 78, 77, 77, 76, 76, 76, 76, 76, 76, 76, 76, 76, 76, 76, 76, 76, 76, 77, 77, 77, 76, 77, 77, 77, 77, 77, 77, 77, 77, 77, 77, 77, 77, 77, 77, 77, 77, 77, 77, 77, 77, 77, 77, 77, 77, 76, 77, 77, 77, 77, 77, 77, 77, 77, 77, 76, 77, 76, 76, 76, 76, 76, 76, 76, 76, 76, 76, 76, 76, 76, 77, 77, 77, 76, 77, 77, 77, 77, 77, 77, 76, 77, 77, 77, 77, 76, 76, 76, 76, 76, 76, 76, 76, 76, 76, 76, 76, 76, 76, 76, 76, 76, 76, 76, 76, 76, 76, 76]
2026-09-02 13:49:27,015 | Max Temperatura GPU: 81
2026-09-02 13:49:27,015 | Média Temperatura GPU: 75.86
2026-09-02 13:49:27,015 | P95 Temperatura GPU: 78.0
2026-09-02 13:49:27,015 | Desvio Padrão Temperatura GPU: 2.988935150406133

2026-09-02 13:49:27,016 | Logs Memória CPU: [2.953227996826172, 3.1506080627441406, 3.37896728515625, 3.5205535888671875, 3.8203125, 4.082244873046875, 4.159770965576172, 4.303745269775391, 4.4011077880859375, 4.508228302001953, 4.404315948486328, 4.403659820556641, 4.405246734619141, 4.405300140380859, 4.4053192138671875, 4.4332275390625, 4.442298889160156, 4.443988800048828, 4.4442138671875, 4.44708251953125, 4.449317932128906, 4.4491729736328125, 4.446632385253906, 4.4463653564453125, 4.446262359619141, 4.455909729003906, 4.455806732177734, 4.453590393066406, 4.442359924316406, 4.442466735839844, 4.447017669677734, 4.446895599365234, 4.364040374755859, 4.3695526123046875, 4.369537353515625, 4.360588073730469, 4.360710144042969, 4.360622406005859, 4.373836517333984, 4.339466094970703, 4.339054107666016, 4.366630554199219, 4.334110260009766, 4.341636657714844, 4.361637115478516, 4.361385345458984, 4.354835510253906, 4.3547821044921875, 4.354740142822266, 4.367641448974609, 4.367626190185547, 4.367626190185547, 4.357444763183594, 4.356815338134766, 4.356670379638672, 4.332050323486328, 4.331977844238281, 4.345523834228516, 4.361431121826172, 4.361423492431641, 4.330867767333984, 4.330818176269531, 4.351207733154297, 4.3658447265625, 4.365779876708984, 4.3502349853515625, 4.350349426269531, 4.350246429443359, 4.351612091064453, 4.352272033691406, 4.352226257324219, 4.335742950439453, 4.335933685302734, 4.335918426513672, 4.351280212402344, 4.3515167236328125, 4.361351013183594, 4.361331939697266, 4.343254089355469, 4.352466583251953, 4.352466583251953, 4.352466583251953, 4.353309631347656, 4.353309631347656, 4.353302001953125, 4.359947204589844, 4.3599090576171875, 4.346435546875, 4.346435546875, 4.346336364746094, 4.336925506591797, 4.337047576904297, 4.345783233642578, 4.345756530761719, 4.345714569091797, 4.342674255371094, 4.342853546142578, 4.342830657958984, 4.34881591796875, 4.348785400390625, 4.330204010009766, 4.332309722900391, 4.333583831787109, 4.347957611083984, 4.352020263671875, 4.351871490478516, 4.335029602050781, 4.334991455078125, 4.331245422363281, 4.338123321533203, 4.3380584716796875, 4.345184326171875, 4.345123291015625, 4.345069885253906, 4.344936370849609, 4.344856262207031, 4.344745635986328, 4.348579406738281, 4.348503112792969, 4.348426818847656, 4.348682403564453, 4.3497314453125, 4.335227966308594, 4.335052490234375, 4.337852478027344, 4.3433380126953125, 4.34332275390625, 4.354103088378906, 4.341785430908203, 4.344093322753906, 4.343986511230469, 4.3506927490234375, 4.350685119628906, 4.351161956787109, 4.351001739501953, 4.339591979980469, 4.339485168457031, 4.3420867919921875, 4.3461456298828125, 4.346118927001953, 4.346099853515625, 4.350185394287109, 4.354251861572266, 4.354217529296875, 4.339111328125, 4.3390960693359375, 4.327533721923828, 4.343379974365234, 4.350826263427734, 4.350807189941406]
2026-09-02 13:49:27,016 | Max Memória CPU: 4.508228302001953
2026-09-02 13:49:27,016 | Média Memória CPU: 4.326669667561849
2026-09-02 13:49:27,016 | P95 Memória CPU: 4.44696273803711
2026-09-02 13:49:27,016 | Desvio Padrão Memória CPU: 0.19224005065551258

2026-09-02 13:49:27,016 | Logs Utilização CPU: [61.1, 99.9, 99.4, 100.0, 99.9, 99.9, 100.0, 99.5, 100.0, 99.9, 99.9, 54.8, 81.0, 52.4, 52.5, 66.2, 55.3, 76.3, 52.4, 64.4, 65.5, 52.2, 78.5, 52.8, 52.5, 79.5, 52.0, 52.6, 80.4, 52.2, 66.9, 77.2, 99.9, 93.3, 52.0, 52.0, 80.0, 52.6, 54.5, 76.4, 52.3, 63.3, 67.3, 53.2, 71.9, 55.9, 77.9, 53.3, 52.1, 80.7, 52.2, 52.0, 79.7, 53.1, 52.1, 79.6, 52.5, 53.0, 80.1, 52.5, 65.7, 52.2, 62.0, 70.0, 52.6, 67.9, 63.7, 52.7, 73.6, 57.9, 52.8, 79.5, 52.1, 52.3, 79.1, 52.8, 79.1, 52.4, 54.6, 77.1, 52.1, 60.5, 71.6, 52.2, 67.2, 64.6, 51.9, 72.9, 58.4, 52.5, 65.9, 52.5, 78.9, 52.7, 52.0, 79.7, 53.1, 52.3, 79.3, 52.3, 54.5, 77.4, 52.4, 60.4, 72.2, 59.1, 65.5, 52.1, 72.2, 60.1, 52.2, 77.9, 52.8, 52.5, 79.3, 52.1, 52.9, 79.7, 52.6, 52.0, 66.0, 55.8, 76.1, 52.4, 61.8, 69.5, 52.0, 67.8, 63.8, 53.1, 73.4, 57.8, 52.3, 78.9, 52.9, 66.1, 52.1, 52.8, 79.3, 52.0, 52.4, 79.3, 53.1, 52.9, 79.4, 52.4, 57.3, 74.7, 52.1, 63.6]
2026-09-02 13:49:27,016 | Max Utilização CPU: 100.0
2026-09-02 13:49:27,016 | Média Utilização CPU: 64.85466666666667
2026-09-02 13:49:27,016 | P95 Utilização CPU: 99.9
2026-09-02 13:49:27,017 | Desvio Padrão Utilização CPU: 14.454395348436023

2026-09-02 13:49:27,017 | Logs Tokens/s: [200.96430003290808, 182.24196312424866, 183.72763682664416, 184.96626681575447, 183.0612156143055, 183.17004388401116, 184.3987684785032, 183.95703022879744, 184.2209546556582, 184.61348164862997]
2026-09-02 13:49:27,017 | Max Tokens/s: 200.96430003290808
2026-09-02 13:49:27,017 | Média Tokens/s: 185.53216613094608
2026-09-02 13:49:27,017 | P95 Tokens/s: 193.76518508518893
2026-09-02 13:49:27,017 | Desvio Padrão Tokens/s: 5.201604355036159

2026-09-02 13:49:27,017 | Logs Tempo Step: [63.772520780563354, 70.32408881187439, 69.75542831420898, 69.28830981254578, 70.00936794281006, 69.96777272224426, 69.50154876708984, 69.66844367980957, 69.56863307952881, 69.42071557044983]
2026-09-02 13:49:27,017 | Max Tempo Step: 70.32408881187439
2026-09-02 13:49:27,017 | Média Tempo Step: 69.1276829481125
2026-09-02 13:49:27,017 | P95 Tempo Step: 70.18246442079544
2026-09-02 13:49:27,017 | Desvio Padrão Tempo Step: 1.808995198445741

2026-09-02 13:49:27,017 | Tempo Total de Treino: 692.531848192215
2026-09-02 13:49:27,017 | Tempo por Effective Batch (Step): 69.2531848192215
2026-09-02 13:49:27,017 | Tempo por Micro Batch: 4.328324051201344
2026-09-02 13:49:27,018 | Tokens/s: 185.0600811133074

2026-09-02 13:49:27,018 | Logs Potência: [28.576, 28.576, 71.909, 56.348, 49.962, 64.256, 61.86, 71.804, 67.816, 71.423, 59.693, 34.709, 41.332, 64.043, 67.913, 56.899, 67.079, 43.658, 43.658, 70.053, 63.809, 64.84, 67.858, 63.75, 62.386, 64.548, 70.593, 63.321, 54.883, 63.107, 49.601, 63.906, 66.592, 68.539, 38.732, 38.732, 65.951, 64.49, 70.248, 63.419, 59.73, 63.75, 63.009, 68.484, 61.877, 47.966, 63.692, 65.643, 67.218, 63.009, 69.22, 40.105, 40.105, 67.413, 62.131, 63.692, 67.942, 63.302, 66.869, 63.634, 69.945, 63.692, 63.399, 70.724, 56.221, 45.011, 62.853, 64.57, 39.268, 39.268, 62.696, 63.829, 49.533, 67.649, 68.819, 69.111, 67.747, 64.024, 40.054, 62.403, 67.593, 67.649, 64.414, 62.794, 68.526, 40.471, 40.471, 64.161, 64.512, 54.102, 66.854, 67.789, 64.512, 44.35, 63.282, 64.063, 56.647, 64.259, 67.984, 67.593, 69.696, 70.573, 39.488, 39.488, 68.276, 69.544, 68.959, 68.569, 64.259, 51.326, 63.673, 67.635, 66.952, 63.282, 47.267, 63.282, 63.77, 68.764, 65.781, 38.603, 38.603, 63.282, 62.11, 51.424, 49.69, 64.161, 63.087, 64.161, 66.269, 67.733, 67.789, 70.086, 65.683, 64.063, 64.454, 63.712, 40.938, 40.938, 68.221, 69.642, 67.147, 66.813, 69.057, 69.739, 63.673, 43.492, 63.282, 62.794, 69.294, 71.495, 63.438, 63.125, 63.575, 47.856, 47.856, 65.586, 56.744, 64.2, 68.806, 67.342, 63.38, 63.028, 66.757, 66.074, 60.133, 63.868, 64.259, 67.162, 70.237, 69.599, 40.251]
2026-09-02 13:49:27,018 | Max Potência: 71.909
2026-09-02 13:49:27,018 | Média Potência: 60.63040935672514
2026-09-02 13:49:27,018 | P95 Potência: 70.16149999999999
2026-09-02 13:49:27,018 | Desvio Padrão Potência: 10.112739143788978

2026-09-02 13:49:27,018 | Energia Consumida: 13.006902328796784 Wh
2026-09-02 13:49:27,018 | Energia por Effective Batch (Step): 1.3006902328796783 Wh
2026-09-02 13:49:27,018 | Energia por Micro Batch: 0.0812931395549799 Wh
2026-09-02 13:49:27,018 | Energia por Token: 0.00010148956249061161 Wh
2026-09-02 13:49:27,018 | Energia por 1 Milhão de Tokens: 101.48956249061162 Wh
2026-09-02 13:49:27,018 | Energia por 10 Milhões de Tokens: 1014.8956249061162 Wh
2026-09-02 13:49:27,018 | Energia por 100 Milhões de Tokens: 10148.95624906116 Wh
