2026-09-02 12:43:53,259 | Training Arguments: {'output_dir': 'trainer_output', 'per_device_train_batch_size': 1, 'num_train_epochs': 3.0, 'max_steps': 10, 'learning_rate': 0.0002, 'lr_scheduler_type': 'cosine', 'lr_scheduler_kwargs': None, 'warmup_steps': 2, 'optim': 'adamw_8bit', 'optim_args': None, 'weight_decay': 0.0, 'adam_beta1': 0.9, 'adam_beta2': 0.999, 'adam_epsilon': 1e-08, 'optim_target_modules': None, 'gradient_accumulation_steps': 16, 'average_tokens_across_devices': True, 'max_grad_norm': 1.0, 'label_smoothing_factor': 0.0, 'bf16': False, 'fp16': True, 'bf16_full_eval': False, 'fp16_full_eval': False, 'tf32': None, 'gradient_checkpointing': False, 'gradient_checkpointing_kwargs': None, 'torch_compile': False, 'torch_compile_backend': None, 'torch_compile_mode': None, 'use_liger_kernel': False, 'liger_kernel_config': None, 'use_cache': False, 'neftune_noise_alpha': None, 'torch_empty_cache_steps': None, 'auto_find_batch_size': False, 'logging_strategy': 'steps', 'logging_steps': 5, 'logging_first_step': False, 'log_on_each_node': True, 'logging_nan_inf_filter': True, 'include_num_input_tokens_seen': 'no', 'log_level': 'passive', 'log_level_replica': 'warning', 'disable_tqdm': False, 'report_to': [], 'run_name': None, 'project': 'huggingface', 'trackio_space_id': None, 'trackio_bucket_id': None, 'trackio_static_space_id': None, 'eval_strategy': 'no', 'eval_steps': None, 'eval_delay': 0, 'per_device_eval_batch_size': 8, 'prediction_loss_only': False, 'eval_on_start': False, 'eval_do_concat_batches': True, 'eval_use_gather_object': False, 'eval_accumulation_steps': None, 'include_for_metrics': [], 'batch_eval_metrics': False, 'save_only_model': False, 'save_strategy': 'steps', 'save_steps': 500, 'save_on_each_node': False, 'save_total_limit': None, 'enable_jit_checkpoint': False, 'push_to_hub': False, 'hub_token': '<HUB_TOKEN>', 'hub_private_repo': None, 'hub_model_id': None, 'hub_strategy': 'every_save', 'hub_always_push': False, 'hub_revision': None, 'load_best_model_at_end': False, 'metric_for_best_model': None, 'greater_is_better': None, 'ignore_data_skip': False, 'restore_callback_states_from_checkpoint': False, 'full_determinism': False, 'seed': 42, 'data_seed': None, 'use_cpu': False, 'accelerator_config': {'split_batches': False, 'dispatch_batches': None, 'even_batches': True, 'use_seedable_sampler': True, 'non_blocking': False, 'gradient_accumulation_kwargs': None}, 'parallelism_config': None, 'dataloader_drop_last': False, 'dataloader_num_workers': 0, 'dataloader_pin_memory': True, 'dataloader_persistent_workers': False, 'dataloader_prefetch_factor': None, 'dataloader_multiprocessing_context': None, 'dataloader_in_order': True, 'remove_unused_columns': True, 'label_names': None, 'train_sampling_strategy': 'random', 'length_column_name': 'length', 'ddp_find_unused_parameters': None, 'ddp_bucket_cap_mb': None, 'ddp_broadcast_buffers': None, 'ddp_static_graph': None, 'ddp_backend': None, 'ddp_timeout': 1800, 'fsdp': None, 'fsdp_config': None, 'deepspeed': None, 'debug': [], 'skip_memory_metrics': True, 'do_train': False, 'do_eval': False, 'do_predict': False, 'resume_from_checkpoint': None, 'local_rank': -1}

2026-09-02 12:43:53,291 | Optimizer: 0
2026-09-02 12:45:03,327 | Memória GPU Effective Usada: 12.05 GB
2026-09-02 12:45:03,328 | Memória Torch GPU Usada: 8.12 GB
2026-09-02 12:45:03,328 | Memória Torch GPU Reservada: 11.48 GB
2026-09-02 12:45:03,328 | Memória CPU Usada: 6.28 GB
2026-09-02 12:45:03,328 | Tempo do Step: 70.03600883483887 s
2026-09-02 12:45:03,328 | Tokens/s: 182.99158123392064 tok/s

2026-09-02 12:45:03,365 | Optimizer: 1
2026-09-02 12:46:08,802 | Memória GPU Effective Usada: 12.08 GB
2026-09-02 12:46:08,802 | Memória Torch GPU Usada: 8.12 GB
2026-09-02 12:46:08,802 | Memória Torch GPU Reservada: 11.51 GB
2026-09-02 12:46:08,802 | Memória CPU Usada: 6.28 GB
2026-09-02 12:46:08,802 | Tempo do Step: 65.43633556365967 s
2026-09-02 12:46:08,802 | Tokens/s: 195.85448802419518 tok/s

2026-09-02 12:46:08,835 | Optimizer: 2
2026-09-02 12:47:14,795 | Memória GPU Effective Usada: 12.08 GB
2026-09-02 12:47:14,795 | Memória Torch GPU Usada: 8.12 GB
2026-09-02 12:47:14,795 | Memória Torch GPU Reservada: 11.51 GB
2026-09-02 12:47:14,795 | Memória CPU Usada: 6.26 GB
2026-09-02 12:47:14,795 | Tempo do Step: 65.95973706245422 s
2026-09-02 12:47:14,795 | Tokens/s: 194.3003500433169 tok/s

2026-09-02 12:47:14,829 | Optimizer: 3
2026-09-02 12:48:21,259 | Memória GPU Effective Usada: 12.08 GB
2026-09-02 12:48:21,259 | Memória Torch GPU Usada: 8.12 GB
2026-09-02 12:48:21,259 | Memória Torch GPU Reservada: 11.51 GB
2026-09-02 12:48:21,259 | Memória CPU Usada: 6.27 GB
2026-09-02 12:48:21,259 | Tempo do Step: 66.42946791648865 s
2026-09-02 12:48:21,259 | Tokens/s: 192.92642861616093 tok/s

2026-09-02 12:48:21,294 | Optimizer: 4
2026-09-02 12:49:27,674 | Memória GPU Effective Usada: 12.08 GB
2026-09-02 12:49:27,675 | Memória Torch GPU Usada: 8.12 GB
2026-09-02 12:49:27,675 | Memória Torch GPU Reservada: 11.51 GB
2026-09-02 12:49:27,675 | Memória CPU Usada: 6.28 GB
2026-09-02 12:49:27,675 | Tempo do Step: 66.3802638053894 s
2026-09-02 12:49:27,675 | Tokens/s: 193.0694345773219 tok/s

2026-09-02 12:49:27,729 | Optimizer: 5
2026-09-02 12:50:33,760 | Memória GPU Effective Usada: 12.08 GB
2026-09-02 12:50:33,760 | Memória Torch GPU Usada: 8.12 GB
2026-09-02 12:50:33,760 | Memória Torch GPU Reservada: 11.51 GB
2026-09-02 12:50:33,760 | Memória CPU Usada: 6.28 GB
2026-09-02 12:50:33,760 | Tempo do Step: 66.03063344955444 s
2026-09-02 12:50:33,760 | Tokens/s: 194.09173182915268 tok/s

2026-09-02 12:50:33,794 | Optimizer: 6
2026-09-02 12:51:39,976 | Memória GPU Effective Usada: 12.08 GB
2026-09-02 12:51:39,976 | Memória Torch GPU Usada: 8.12 GB
2026-09-02 12:51:39,976 | Memória Torch GPU Reservada: 11.51 GB
2026-09-02 12:51:39,976 | Memória CPU Usada: 6.26 GB
2026-09-02 12:51:39,976 | Tempo do Step: 66.18140959739685 s
2026-09-02 12:51:39,976 | Tokens/s: 193.64954717592022 tok/s

2026-09-02 12:51:40,009 | Optimizer: 7
2026-09-02 12:52:45,982 | Memória GPU Effective Usada: 12.08 GB
2026-09-02 12:52:45,982 | Memória Torch GPU Usada: 8.12 GB
2026-09-02 12:52:45,982 | Memória Torch GPU Reservada: 11.51 GB
2026-09-02 12:52:45,982 | Memória CPU Usada: 6.24 GB
2026-09-02 12:52:45,982 | Tempo do Step: 65.97235488891602 s
2026-09-02 12:52:45,982 | Tokens/s: 194.26318829424127 tok/s

2026-09-02 12:52:46,023 | Optimizer: 8
2026-09-02 12:53:51,833 | Memória GPU Effective Usada: 12.08 GB
2026-09-02 12:53:51,833 | Memória Torch GPU Usada: 8.12 GB
2026-09-02 12:53:51,833 | Memória Torch GPU Reservada: 11.51 GB
2026-09-02 12:53:51,833 | Memória CPU Usada: 6.26 GB
2026-09-02 12:53:51,833 | Tempo do Step: 65.80989813804626 s
2026-09-02 12:53:51,833 | Tokens/s: 194.7427417850806 tok/s

2026-09-02 12:53:51,872 | Optimizer: 9
2026-09-02 12:54:57,851 | Memória GPU Effective Usada: 12.08 GB
2026-09-02 12:54:57,852 | Memória Torch GPU Usada: 8.12 GB
2026-09-02 12:54:57,852 | Memória Torch GPU Reservada: 11.51 GB
2026-09-02 12:54:57,852 | Memória CPU Usada: 6.26 GB
2026-09-02 12:54:57,852 | Tempo do Step: 65.9790689945221 s
2026-09-02 12:54:57,852 | Tokens/s: 194.24341984977156 tok/s


2026-09-02 12:54:58,735 | Estatísticas do Treino Realizado
2026-09-02 12:54:58,735 | {'loss': 1.5213903427124023, 'grad_norm': 0.5766226053237915, 'learning_rate': 0.00017071067811865476, 'epoch': 0.21164021164021163, 'step': 5}
2026-09-02 12:54:58,735 | {'loss': 1.112520980834961, 'grad_norm': 0.3873003423213959, 'learning_rate': 7.612046748871327e-06, 'epoch': 0.42328042328042326, 'step': 10}
2026-09-02 12:54:58,735 | {'train_runtime': 665.4799, 'train_samples_per_second': 0.24, 'train_steps_per_second': 0.015, 'total_flos': 5831593423994880.0, 'train_loss': 1.3169556617736817, 'epoch': 0.42328042328042326, 'step': 10}

2026-09-02 12:54:58,735 | Estatísticas do Treino Realizado

2026-09-02 12:54:58,735 | Logs Memória GPU: [12.02362060546875, 12.05291748046875, 12.05291748046875, 12.05291748046875, 12.05291748046875, 12.05291748046875, 12.05291748046875, 12.05291748046875, 12.05291748046875, 12.05291748046875, 12.05291748046875, 12.05291748046875, 12.05291748046875, 12.05291748046875, 12.05291748046875, 12.05291748046875, 12.08221435546875, 12.08221435546875, 12.08221435546875, 12.08221435546875, 12.08221435546875, 12.08221435546875, 12.08221435546875, 12.08221435546875, 12.08221435546875, 12.08221435546875, 12.08221435546875, 12.08221435546875, 12.08221435546875, 12.08221435546875, 12.08221435546875, 12.08221435546875, 12.08221435546875, 12.08221435546875, 12.08221435546875, 12.08221435546875, 12.08221435546875, 12.08221435546875, 12.08221435546875, 12.08221435546875, 12.08221435546875, 12.08221435546875, 12.08221435546875, 12.08221435546875, 12.08221435546875, 12.08221435546875, 12.08221435546875, 12.08221435546875, 12.08221435546875, 12.08221435546875, 12.08221435546875, 12.08221435546875, 12.08221435546875, 12.08221435546875, 12.08221435546875, 12.08221435546875, 12.08221435546875, 12.08221435546875, 12.08221435546875, 12.08221435546875, 12.08221435546875, 12.08221435546875, 12.08221435546875, 12.08221435546875, 12.08221435546875, 12.08221435546875, 12.08221435546875, 12.08221435546875, 12.08221435546875, 12.08221435546875, 12.08221435546875, 12.08221435546875, 12.08221435546875, 12.08221435546875, 12.08221435546875, 12.08221435546875, 12.08221435546875, 12.08221435546875, 12.08221435546875, 12.08221435546875, 12.08221435546875, 12.08221435546875, 12.08221435546875, 12.08221435546875, 12.08221435546875, 12.08221435546875, 12.08221435546875, 12.08221435546875, 12.08221435546875, 12.08221435546875, 12.08221435546875, 12.08221435546875, 12.08221435546875, 12.08221435546875, 12.08221435546875, 12.08221435546875, 12.08221435546875, 12.08221435546875, 12.08221435546875, 12.08221435546875, 12.08221435546875, 12.08221435546875, 12.08221435546875, 12.08221435546875, 12.08221435546875, 12.08221435546875, 12.08221435546875, 12.08221435546875, 12.08221435546875, 12.08221435546875, 12.08221435546875, 12.08221435546875, 12.08221435546875, 12.08221435546875, 12.08221435546875, 12.08221435546875, 12.08221435546875, 12.08221435546875, 12.08221435546875, 12.08221435546875, 12.08221435546875, 12.08221435546875, 12.08221435546875, 12.08221435546875, 12.08221435546875, 12.08221435546875, 12.08221435546875, 12.08221435546875, 12.08221435546875, 12.08221435546875, 12.08221435546875, 12.08221435546875, 12.08221435546875, 12.08221435546875, 12.08221435546875, 12.08221435546875, 12.08221435546875, 12.08221435546875, 12.08221435546875, 12.08221435546875, 12.08221435546875, 12.08221435546875, 12.08221435546875, 12.08221435546875, 12.08221435546875, 12.08221435546875, 12.08221435546875, 12.08221435546875, 12.08221435546875, 12.08221435546875]
2026-09-02 12:54:58,736 | Max Memória GPU: 12.08221435546875
2026-09-02 12:54:58,737 | Média Memória GPU: 12.07889404296875
2026-09-02 12:54:58,750 | P95 Memória GPU: 12.08221435546875
2026-09-02 12:54:58,752 | Desvio Padrão Memória GPU: 0.009884047600687496

2026-09-02 12:54:58,752 | Logs Memória Alocada GPU Torch: [8.148824214935303, 8.148824214935303, 8.148824214935303, 8.148824214935303, 8.148824214935303, 8.148824214935303, 8.148824214935303, 8.148824214935303, 8.148824214935303, 8.148824214935303, 8.148824214935303, 8.148824214935303, 8.148824214935303, 8.148824214935303, 8.148824214935303, 8.177871704101562, 8.177871704101562, 8.177871704101562, 8.177871704101562, 8.177871704101562, 8.177871704101562, 8.177871704101562, 8.177871704101562, 8.177871704101562, 8.177871704101562, 8.177871704101562, 8.177871704101562, 8.177871704101562, 8.177871704101562, 8.177871704101562, 8.177871704101562, 8.177871704101562, 8.177871704101562, 8.177871704101562, 8.177871704101562, 8.177871704101562, 8.177871704101562, 8.177871704101562, 8.177871704101562, 8.177871704101562, 8.177871704101562, 8.177871704101562, 8.177871704101562, 8.177871704101562, 8.177871704101562, 8.177871704101562, 8.177871704101562, 8.177871704101562, 8.177871704101562, 8.177871704101562, 8.177871704101562, 8.177871704101562, 8.177871704101562, 8.177871704101562, 8.177871704101562, 8.177871704101562, 8.177871704101562, 8.177871704101562, 8.177871704101562, 8.177871704101562, 8.177871704101562, 8.177871704101562, 8.177871704101562, 8.177871704101562, 8.177871704101562, 8.177871704101562, 8.177871704101562, 8.177871704101562, 8.177871704101562, 8.177871704101562, 8.177871704101562, 8.177871704101562, 8.177871704101562, 8.177871704101562, 8.177871704101562, 8.177871704101562, 8.177871704101562, 8.177871704101562, 8.177871704101562, 8.177871704101562, 8.177871704101562, 8.177871704101562, 8.177871704101562, 8.177871704101562, 8.177871704101562, 8.177871704101562, 8.177871704101562, 8.177871704101562, 8.177871704101562, 8.177871704101562, 8.177871704101562, 8.177871704101562, 8.177871704101562, 8.177871704101562, 8.177871704101562, 8.177871704101562, 8.177871704101562, 8.177871704101562, 8.177871704101562, 8.177871704101562, 8.177871704101562, 8.177871704101562, 8.177871704101562, 8.177871704101562, 8.177871704101562, 8.177871704101562, 8.177871704101562, 8.177871704101562, 8.177871704101562, 8.177871704101562, 8.177871704101562, 8.177871704101562, 8.177871704101562, 8.177871704101562, 8.177871704101562, 8.177871704101562, 8.177871704101562, 8.177871704101562, 8.177871704101562, 8.177871704101562, 8.177871704101562, 8.177871704101562, 8.177871704101562, 8.177871704101562, 8.177871704101562, 8.177871704101562, 8.177871704101562, 8.177871704101562, 8.177871704101562, 8.177871704101562, 8.177871704101562, 8.177871704101562, 8.177871704101562, 8.177871704101562, 8.177871704101562, 8.177871704101562, 8.177871704101562, 8.177871704101562, 8.177871704101562, 8.177871704101562, 8.177871704101562, 8.177871704101562, 8.177871704101562, 8.177871704101562, 8.177871704101562, 8.177871704101562, 8.177871704101562, 8.177871704101562, 8.177871704101562, 8.177871704101562]
2026-09-02 12:54:58,753 | Max Memória Alocada GPU Torch: 8.177871704101562
2026-09-02 12:54:58,753 | Média Memória Alocada GPU Torch: 8.174966955184937
2026-09-02 12:54:58,753 | P95 Memória Alocada GPU Torch: 8.177871704101562
2026-09-02 12:54:58,753 | Desvio Padrão Memória Alocada GPU Torch: 0.008714246749877929

2026-09-02 12:54:58,753 | Logs Memória Reservada GPU Torch: [11.447265625, 11.4765625, 11.4765625, 11.4765625, 11.4765625, 11.4765625, 11.4765625, 11.4765625, 11.4765625, 11.4765625, 11.4765625, 11.4765625, 11.4765625, 11.4765625, 11.4765625, 11.4765625, 11.505859375, 11.505859375, 11.505859375, 11.505859375, 11.505859375, 11.505859375, 11.505859375, 11.505859375, 11.505859375, 11.505859375, 11.505859375, 11.505859375, 11.505859375, 11.505859375, 11.505859375, 11.505859375, 11.505859375, 11.505859375, 11.505859375, 11.505859375, 11.505859375, 11.505859375, 11.505859375, 11.505859375, 11.505859375, 11.505859375, 11.505859375, 11.505859375, 11.505859375, 11.505859375, 11.505859375, 11.505859375, 11.505859375, 11.505859375, 11.505859375, 11.505859375, 11.505859375, 11.505859375, 11.505859375, 11.505859375, 11.505859375, 11.505859375, 11.505859375, 11.505859375, 11.505859375, 11.505859375, 11.505859375, 11.505859375, 11.505859375, 11.505859375, 11.505859375, 11.505859375, 11.505859375, 11.505859375, 11.505859375, 11.505859375, 11.505859375, 11.505859375, 11.505859375, 11.505859375, 11.505859375, 11.505859375, 11.505859375, 11.505859375, 11.505859375, 11.505859375, 11.505859375, 11.505859375, 11.505859375, 11.505859375, 11.505859375, 11.505859375, 11.505859375, 11.505859375, 11.505859375, 11.505859375, 11.505859375, 11.505859375, 11.505859375, 11.505859375, 11.505859375, 11.505859375, 11.505859375, 11.505859375, 11.505859375, 11.505859375, 11.505859375, 11.505859375, 11.505859375, 11.505859375, 11.505859375, 11.505859375, 11.505859375, 11.505859375, 11.505859375, 11.505859375, 11.505859375, 11.505859375, 11.505859375, 11.505859375, 11.505859375, 11.505859375, 11.505859375, 11.505859375, 11.505859375, 11.505859375, 11.505859375, 11.505859375, 11.505859375, 11.505859375, 11.505859375, 11.505859375, 11.505859375, 11.505859375, 11.505859375, 11.505859375, 11.505859375, 11.505859375, 11.505859375, 11.505859375, 11.505859375, 11.505859375, 11.505859375, 11.505859375, 11.505859375, 11.505859375, 11.505859375, 11.505859375, 11.505859375, 11.505859375, 11.505859375, 11.505859375, 11.505859375, 11.505859375]
2026-09-02 12:54:58,754 | Max Memória Reservada GPU Torch: 11.505859375
2026-09-02 12:54:58,754 | Média Memória Reservada GPU Torch: 11.5025390625
2026-09-02 12:54:58,754 | P95 Memória Reservada GPU Torch: 11.505859375
2026-09-02 12:54:58,755 | Desvio Padrão Memória Reservada GPU Torch: 0.009884047600687496

2026-09-02 12:54:58,755 | Logs Percentagem de Utilização da Memória GPU: [80.157470703125, 80.352783203125, 80.352783203125, 80.352783203125, 80.352783203125, 80.352783203125, 80.352783203125, 80.352783203125, 80.352783203125, 80.352783203125, 80.352783203125, 80.352783203125, 80.352783203125, 80.352783203125, 80.352783203125, 80.352783203125, 80.548095703125, 80.548095703125, 80.548095703125, 80.548095703125, 80.548095703125, 80.548095703125, 80.548095703125, 80.548095703125, 80.548095703125, 80.548095703125, 80.548095703125, 80.548095703125, 80.548095703125, 80.548095703125, 80.548095703125, 80.548095703125, 80.548095703125, 80.548095703125, 80.548095703125, 80.548095703125, 80.548095703125, 80.548095703125, 80.548095703125, 80.548095703125, 80.548095703125, 80.548095703125, 80.548095703125, 80.548095703125, 80.548095703125, 80.548095703125, 80.548095703125, 80.548095703125, 80.548095703125, 80.548095703125, 80.548095703125, 80.548095703125, 80.548095703125, 80.548095703125, 80.548095703125, 80.548095703125, 80.548095703125, 80.548095703125, 80.548095703125, 80.548095703125, 80.548095703125, 80.548095703125, 80.548095703125, 80.548095703125, 80.548095703125, 80.548095703125, 80.548095703125, 80.548095703125, 80.548095703125, 80.548095703125, 80.548095703125, 80.548095703125, 80.548095703125, 80.548095703125, 80.548095703125, 80.548095703125, 80.548095703125, 80.548095703125, 80.548095703125, 80.548095703125, 80.548095703125, 80.548095703125, 80.548095703125, 80.548095703125, 80.548095703125, 80.548095703125, 80.548095703125, 80.548095703125, 80.548095703125, 80.548095703125, 80.548095703125, 80.548095703125, 80.548095703125, 80.548095703125, 80.548095703125, 80.548095703125, 80.548095703125, 80.548095703125, 80.548095703125, 80.548095703125, 80.548095703125, 80.548095703125, 80.548095703125, 80.548095703125, 80.548095703125, 80.548095703125, 80.548095703125, 80.548095703125, 80.548095703125, 80.548095703125, 80.548095703125, 80.548095703125, 80.548095703125, 80.548095703125, 80.548095703125, 80.548095703125, 80.548095703125, 80.548095703125, 80.548095703125, 80.548095703125, 80.548095703125, 80.548095703125, 80.548095703125, 80.548095703125, 80.548095703125, 80.548095703125, 80.548095703125, 80.548095703125, 80.548095703125, 80.548095703125, 80.548095703125, 80.548095703125, 80.548095703125, 80.548095703125, 80.548095703125, 80.548095703125, 80.548095703125, 80.548095703125, 80.548095703125, 80.548095703125, 80.548095703125, 80.548095703125, 80.548095703125, 80.548095703125, 80.548095703125, 80.548095703125, 80.548095703125, 80.548095703125, 80.548095703125, 80.548095703125]
2026-09-02 12:54:58,755 | Max Percentagem de Utilização da Memória GPU: 80.548095703125
2026-09-02 12:54:58,755 | Média Percentagem de Utilização da Memória GPU: 80.52596028645833
2026-09-02 12:54:58,755 | P95 Percentagem de Utilização da Memória GPU: 80.548095703125
2026-09-02 12:54:58,755 | Desvio Padrão Percentagem de Utilização da Memória GPU: 0.06589365067124998

2026-09-02 12:54:58,755 | Logs Percentagem de Utilização da GPU: [100, 100, 100, 100, 100, 100, 100, 100, 100, 100, 100, 100, 100, 100, 100, 100, 100, 100, 100, 100, 100, 100, 100, 99, 100, 100, 100, 100, 100, 100, 98, 100, 97, 100, 100, 92, 100, 100, 100, 100, 100, 100, 100, 100, 100, 100, 100, 100, 100, 100, 100, 100, 100, 100, 100, 100, 100, 100, 100, 100, 100, 100, 100, 100, 100, 100, 100, 100, 100, 100, 100, 96, 100, 100, 100, 100, 100, 100, 100, 100, 100, 100, 94, 100, 100, 98, 100, 100, 100, 100, 100, 100, 100, 100, 100, 100, 100, 100, 99, 100, 100, 100, 100, 100, 100, 100, 100, 100, 100, 100, 100, 100, 100, 100, 100, 100, 100, 100, 100, 100, 100, 100, 100, 100, 100, 100, 99, 100, 100, 100, 100, 100, 100, 94, 100, 100, 100, 100, 100, 100, 100, 100, 100, 99, 100, 100, 100, 100, 100, 100]
2026-09-02 12:54:58,756 | Max Percentagem de Utilização da GPU: 100
2026-09-02 12:54:58,756 | Média Percentagem de Utilização da GPU: 99.76666666666667
2026-09-02 12:54:58,756 | P95 Percentagem de Utilização da GPU: 100.0
2026-09-02 12:54:58,757 | Desvio Padrão Percentagem de Utilização da GPU: 1.0482790129010924

2026-09-02 12:54:58,757 | Logs Clock Memória GPU: [5000, 5000, 5000, 5000, 5000, 5000, 5000, 5000, 5000, 5000, 5000, 5000, 5000, 5000, 5000, 5000, 5000, 5000, 5000, 5000, 5000, 5000, 5000, 5000, 5000, 5000, 5000, 5000, 5000, 5000, 5000, 5000, 5000, 5000, 5000, 5000, 5000, 5000, 5000, 5000, 5000, 5000, 5000, 5000, 5000, 5000, 5000, 5000, 5000, 5000, 5000, 5000, 5000, 5000, 5000, 5000, 5000, 5000, 5000, 5000, 5000, 5000, 5000, 5000, 5000, 5000, 5000, 5000, 5000, 5000, 5000, 5000, 5000, 5000, 5000, 5000, 5000, 5000, 5000, 5000, 5000, 5000, 5000, 5000, 5000, 5000, 5000, 5000, 5000, 5000, 5000, 5000, 5000, 5000, 5000, 5000, 5000, 5000, 5000, 5000, 5000, 5000, 5000, 5000, 5000, 5000, 5000, 5000, 5000, 5000, 5000, 5000, 5000, 5000, 5000, 5000, 5000, 5000, 5000, 5000, 5000, 5000, 5000, 5000, 5000, 5000, 5000, 5000, 5000, 5000, 5000, 5000, 5000, 5000, 5000, 5000, 5000, 5000, 5000, 5000, 5000, 5000, 5000, 5000, 5000, 5000, 5000, 5000, 5000, 5000]
2026-09-02 12:54:58,757 | Max Clock Memória GPU: 5000
2026-09-02 12:54:58,757 | Média Clock Memória GPU: 5000.0
2026-09-02 12:54:58,757 | P95 Clock Memória GPU: 5000.0
2026-09-02 12:54:58,757 | Desvio Padrão Clock Memória GPU: 0.0

2026-09-02 12:54:58,757 | Logs Clock SM GPU: [840, 735, 765, 645, 645, 585, 525, 990, 645, 945, 690, 975, 855, 1005, 720, 780, 810, 1065, 720, 975, 975, 690, 855, 945, 690, 705, 840, 735, 660, 870, 900, 720, 675, 675, 885, 900, 885, 885, 945, 690, 690, 1050, 885, 720, 705, 765, 690, 960, 660, 690, 780, 855, 735, 780, 855, 960, 795, 975, 945, 675, 705, 660, 675, 1035, 900, 945, 1020, 690, 960, 810, 690, 975, 1050, 795, 675, 675, 705, 975, 900, 675, 855, 855, 705, 885, 930, 690, 705, 705, 1020, 690, 840, 720, 690, 915, 690, 1065, 705, 690, 1065, 780, 810, 705, 675, 840, 945, 900, 705, 705, 675, 1050, 690, 690, 810, 675, 660, 1065, 705, 660, 960, 690, 1005, 705, 675, 780, 945, 915, 675, 690, 705, 870, 690, 780, 885, 675, 690, 795, 900, 690, 1005, 690, 675, 1020, 705, 810, 705, 675, 885, 780, 675, 690]
2026-09-02 12:54:58,757 | Max Clock SM GPU: 1065
2026-09-02 12:54:58,758 | Média Clock SM GPU: 799.5
2026-09-02 12:54:58,758 | P95 Clock SM GPU: 1028.2499999999998
2026-09-02 12:54:58,758 | Desvio Padrão Clock SM GPU: 128.2624262985852

2026-09-02 12:54:58,758 | Logs Temperatura GPU: [74, 76, 77, 79, 81, 83, 83, 82, 80, 78, 77, 76, 75, 74, 74, 73, 73, 73, 74, 74, 75, 76, 76, 77, 78, 78, 78, 78, 78, 78, 77, 77, 76, 76, 76, 76, 76, 76, 76, 76, 76, 76, 76, 76, 76, 77, 77, 76, 77, 77, 77, 77, 77, 77, 77, 77, 77, 77, 77, 77, 77, 77, 77, 77, 77, 77, 76, 77, 77, 76, 77, 76, 76, 76, 76, 76, 76, 76, 76, 76, 76, 76, 76, 76, 76, 77, 76, 76, 76, 76, 76, 76, 76, 76, 76, 76, 76, 77, 76, 77, 77, 77, 77, 77, 77, 77, 76, 76, 76, 76, 76, 76, 76, 76, 76, 76, 76, 76, 76, 76, 76, 76, 76, 76, 76, 76, 76, 76, 76, 76, 76, 76, 76, 76, 76, 76, 76, 76, 76, 76, 76, 76, 76, 76, 76, 76, 76, 76, 76, 76]
2026-09-02 12:54:58,758 | Max Temperatura GPU: 83
2026-09-02 12:54:58,758 | Média Temperatura GPU: 76.41333333333333
2026-09-02 12:54:58,759 | P95 Temperatura GPU: 78.0
2026-09-02 12:54:58,759 | Desvio Padrão Temperatura GPU: 1.347524479266415

2026-09-02 12:54:58,759 | Logs Memória CPU: [6.26239013671875, 6.258663177490234, 6.258525848388672, 6.262241363525391, 6.264995574951172, 6.2650299072265625, 6.270404815673828, 6.269466400146484, 6.269397735595703, 6.271190643310547, 6.267967224121094, 6.267131805419922, 6.267276763916016, 6.2672576904296875, 6.2740631103515625, 6.276889801025391, 6.276760101318359, 6.292015075683594, 6.263031005859375, 6.252765655517578, 6.27618408203125, 6.2652435302734375, 6.260807037353516, 6.270763397216797, 6.268894195556641, 6.268882751464844, 6.2578582763671875, 6.27154541015625, 6.2746429443359375, 6.274837493896484, 6.276878356933594, 6.246189117431641, 6.273323059082031, 6.2733001708984375, 6.273284912109375, 6.267768859863281, 6.267749786376953, 6.267734527587891, 6.273273468017578, 6.273921966552734, 6.274116516113281, 6.277942657470703, 6.278553009033203, 6.278511047363281, 6.257488250732422, 6.253990173339844, 6.251308441162109, 6.253200531005859, 6.254154205322266, 6.265796661376953, 6.265735626220703, 6.2654571533203125, 6.249168395996094, 6.249244689941406, 6.249111175537109, 6.2656707763671875, 6.26995849609375, 6.271568298339844, 6.269145965576172, 6.273593902587891, 6.271015167236328, 6.2745361328125, 6.274711608886719, 6.288654327392578, 6.275562286376953, 6.272876739501953, 6.2921142578125, 6.272270202636719, 6.273944854736328, 6.287487030029297, 6.282310485839844, 6.2755584716796875, 6.274646759033203, 6.274211883544922, 6.275539398193359, 6.272346496582031, 6.273143768310547, 6.287147521972656, 6.272918701171875, 6.2738800048828125, 6.282756805419922, 6.272045135498047, 6.272609710693359, 6.2730712890625, 6.279563903808594, 6.279544830322266, 6.272499084472656, 6.280529022216797, 6.272472381591797, 6.276180267333984, 6.275981903076172, 6.276195526123047, 6.235740661621094, 6.236763000488281, 6.236900329589844, 6.26593017578125, 6.264457702636719, 6.264041900634766, 6.26397705078125, 6.2640533447265625, 6.264263153076172, 6.254764556884766, 6.25616455078125, 6.256805419921875, 6.255504608154297, 6.256145477294922, 6.249610900878906, 6.2603759765625, 6.260322570800781, 6.2452545166015625, 6.247112274169922, 6.259998321533203, 6.259281158447266, 6.2720947265625, 6.272296905517578, 6.279872894287109, 6.275657653808594, 6.275154113769531, 6.278736114501953, 6.241176605224609, 6.242530822753906, 6.258548736572266, 6.255847930908203, 6.255428314208984, 6.255588531494141, 6.255973815917969, 6.255931854248047, 6.256134033203125, 6.256122589111328, 6.256065368652344, 6.256069183349609, 6.256061553955078, 6.256034851074219, 6.26806640625, 6.261280059814453, 6.264263153076172, 6.265228271484375, 6.267852783203125, 6.269187927246094, 6.270633697509766, 6.270870208740234, 6.277317047119141, 6.254856109619141, 6.25506591796875, 6.261989593505859, 6.261981964111328, 6.261940002441406, 6.261684417724609, 6.268100738525391, 6.265312194824219]
2026-09-02 12:54:58,759 | Max Memória CPU: 6.2921142578125
2026-09-02 12:54:58,759 | Média Memória CPU: 6.266313425699869
2026-09-02 12:54:58,759 | P95 Memória CPU: 6.280233764648438
2026-09-02 12:54:58,760 | Desvio Padrão Memória CPU: 0.010746523609330256

2026-09-02 12:54:58,760 | Logs Utilização CPU: [22.8, 80.4, 52.2, 53.4, 80.3, 52.5, 71.5, 53.7, 52.3, 82.4, 52.6, 52.7, 83.1, 52.3, 54.4, 68.5, 53.1, 78.2, 58.1, 52.5, 69.2, 68.4, 52.6, 63.6, 72.2, 52.2, 62.4, 72.4, 53.8, 61.9, 62.9, 60.3, 74.6, 52.4, 59.4, 78.1, 52.2, 53.7, 83.3, 52.3, 53.1, 84.1, 53.2, 52.4, 82.5, 52.8, 82.4, 53.6, 52.6, 82.6, 52.5, 53.1, 82.7, 52.2, 52.9, 81.5, 55.6, 52.9, 77.6, 58.5, 63.6, 63.1, 52.6, 71.2, 63.8, 52.9, 68.9, 66.3, 53.7, 66.4, 69.0, 52.7, 63.5, 71.4, 52.3, 68.3, 52.8, 57.4, 78.9, 52.3, 53.9, 82.1, 53.7, 52.7, 82.7, 52.3, 52.8, 82.9, 52.7, 53.9, 67.9, 52.7, 83.2, 52.3, 52.3, 82.3, 54.7, 53.4, 79.0, 55.5, 52.7, 77.2, 58.2, 53.6, 75.1, 56.6, 72.6, 62.9, 52.4, 69.9, 66.0, 52.7, 65.8, 69.9, 52.2, 62.2, 74.0, 53.4, 58.4, 77.4, 54.2, 79.7, 52.7, 54.1, 82.1, 52.7, 52.1, 83.0, 52.5, 52.5, 83.5, 53.8, 52.2, 83.7, 52.6, 67.5, 52.5, 53.7, 79.1, 55.4, 52.3, 75.9, 59.3, 52.6, 72.4, 63.5, 52.2, 68.0, 66.9, 52.6]
2026-09-02 12:54:58,760 | Max Utilização CPU: 84.1
2026-09-02 12:54:58,760 | Média Utilização CPU: 62.37533333333333
2026-09-02 12:54:58,760 | P95 Utilização CPU: 82.81
2026-09-02 12:54:58,760 | Desvio Padrão Utilização CPU: 11.678812363516347

2026-09-02 12:54:58,760 | Logs Tokens/s: [182.99158123392064, 195.85448802419518, 194.3003500433169, 192.92642861616093, 193.0694345773219, 194.09173182915268, 193.64954717592022, 194.26318829424127, 194.7427417850806, 194.24341984977156]
2026-09-02 12:54:58,760 | Max Tokens/s: 195.85448802419518
2026-09-02 12:54:58,761 | Média Tokens/s: 193.01329114290817
2026-09-02 12:54:58,761 | P95 Tokens/s: 195.35420221659362
2026-09-02 12:54:58,761 | Desvio Padrão Tokens/s: 3.4323257729475256

2026-09-02 12:54:58,761 | Logs Tempo Step: [70.03600883483887, 65.43633556365967, 65.95973706245422, 66.42946791648865, 66.3802638053894, 66.03063344955444, 66.18140959739685, 65.97235488891602, 65.80989813804626, 65.9790689945221]
2026-09-02 12:54:58,761 | Max Tempo Step: 70.03600883483887
2026-09-02 12:54:58,761 | Média Tempo Step: 66.42151782512664
2026-09-02 12:54:58,762 | P95 Tempo Step: 68.41306542158127
2026-09-02 12:54:58,762 | Desvio Padrão Tempo Step: 1.2341865915312051

2026-09-02 12:54:58,762 | Tempo Total de Treino: 665.5023646354675
2026-09-02 12:54:58,762 | Tempo por Effective Batch (Step): 66.55023646354675
2026-09-02 12:54:58,762 | Tempo por Micro Batch: 4.159389778971672
2026-09-02 12:54:58,762 | Tokens/s: 192.576325510429

2026-09-02 12:54:58,762 | Logs Potência: [31.132, 31.329, 45.322, 70.734, 62.873, 68.928, 66.592, 51.722, 58.266, 68.052, 67.566, 62.581, 71.707, 65.464, 63.302, 65.212, 64.043, 35.142, 35.142, 65.7, 71.415, 65.017, 69.556, 71.415, 56.089, 64.862, 70.583, 61.779, 64.472, 69.166, 63.341, 63.36, 67.802, 64.277, 60.901, 60.901, 41.773, 48.779, 46.553, 64.414, 66.716, 63.302, 68.429, 64.122, 68.526, 62.853, 65.935, 63.399, 69.404, 65.7, 63.985, 70.875, 37.598, 63.634, 65.253, 67.649, 67.705, 69.069, 70.919, 71.362, 68.484, 69.945, 68.971, 71.265, 68.874, 68.679, 67.9, 72.088, 70.822, 37.696, 49.171, 58.239, 64.512, 63.926, 65.155, 64.667, 64.082, 65.058, 59.766, 41.969, 63.887, 64.082, 70.14, 70.627, 55.145, 37.128, 37.128, 71.07, 50.12, 63.79, 65.212, 68.819, 59.571, 64.024, 68.234, 68.526, 65.058, 65.407, 69.794, 65.058, 63.399, 64.667, 67.162, 39.932, 70.53, 63.634, 67.259, 63.204, 69.945, 45.109, 65.155, 63.926, 67.593, 64.082, 64.667, 62.755, 48.191, 66.48, 40.521, 39.072, 39.072, 64.414, 63.146, 66.48, 69.361, 44.03, 64.375, 69.75, 64.219, 70.043, 66.521, 64.902, 65.838, 67.552, 63.887, 63.887, 70.043, 39.17, 64.024, 70.432, 54.983, 68.179, 65.058, 62.95, 69.696, 67.259, 69.599, 63.634, 66.869, 63.887, 64.707, 66.618, 63.985, 70.919, 39.465, 67.747, 72.575, 52.047, 64.219, 69.361, 64.024, 64.707, 67.984, 66.967, 44.422, 68.332, 63.536, 63.731, 71.893, 61.486, 37.62]
2026-09-02 12:54:58,762 | Max Potência: 72.575
2026-09-02 12:54:58,762 | Média Potência: 62.07412865497076
2026-09-02 12:54:58,763 | P95 Potência: 70.99449999999999
2026-09-02 12:54:58,763 | Desvio Padrão Potência: 9.840800163340019

2026-09-02 12:54:58,763 | Energia Consumida: 12.622916101223229 Wh
2026-09-02 12:54:58,763 | Energia por Effective Batch (Step): 1.262291610122323 Wh
2026-09-02 12:54:58,763 | Energia por Micro Batch: 0.07889322563264518 Wh
2026-09-02 12:54:58,763 | Energia por Token: 9.849341527171683e-05 Wh
2026-09-02 12:54:58,763 | Energia por 1 Milhão de Tokens: 98.49341527171683 Wh
2026-09-02 12:54:58,763 | Energia por 10 Milhões de Tokens: 984.9341527171683 Wh
2026-09-02 12:54:58,763 | Energia por 100 Milhões de Tokens: 9849.341527171682 Wh
