2026-09-02 14:00:30,075 | Training Arguments: {'output_dir': 'trainer_output', 'per_device_train_batch_size': 1, 'num_train_epochs': 3.0, 'max_steps': 10, 'learning_rate': 0.0002, 'lr_scheduler_type': 'cosine', 'lr_scheduler_kwargs': None, 'warmup_steps': 2, 'optim': 'adamw_8bit', 'optim_args': None, 'weight_decay': 0.0, 'adam_beta1': 0.9, 'adam_beta2': 0.999, 'adam_epsilon': 1e-08, 'optim_target_modules': None, 'gradient_accumulation_steps': 16, 'average_tokens_across_devices': True, 'max_grad_norm': 1.0, 'label_smoothing_factor': 0.0, 'bf16': False, 'fp16': True, 'bf16_full_eval': False, 'fp16_full_eval': False, 'tf32': None, 'gradient_checkpointing': False, 'gradient_checkpointing_kwargs': None, 'torch_compile': False, 'torch_compile_backend': None, 'torch_compile_mode': None, 'use_liger_kernel': False, 'liger_kernel_config': None, 'use_cache': False, 'neftune_noise_alpha': None, 'torch_empty_cache_steps': None, 'auto_find_batch_size': False, 'logging_strategy': 'steps', 'logging_steps': 5, 'logging_first_step': False, 'log_on_each_node': True, 'logging_nan_inf_filter': True, 'include_num_input_tokens_seen': 'no', 'log_level': 'passive', 'log_level_replica': 'warning', 'disable_tqdm': False, 'report_to': [], 'run_name': None, 'project': 'huggingface', 'trackio_space_id': None, 'trackio_bucket_id': None, 'trackio_static_space_id': None, 'eval_strategy': 'no', 'eval_steps': None, 'eval_delay': 0, 'per_device_eval_batch_size': 8, 'prediction_loss_only': False, 'eval_on_start': False, 'eval_do_concat_batches': True, 'eval_use_gather_object': False, 'eval_accumulation_steps': None, 'include_for_metrics': [], 'batch_eval_metrics': False, 'save_only_model': False, 'save_strategy': 'steps', 'save_steps': 500, 'save_on_each_node': False, 'save_total_limit': None, 'enable_jit_checkpoint': False, 'push_to_hub': False, 'hub_token': '<HUB_TOKEN>', 'hub_private_repo': None, 'hub_model_id': None, 'hub_strategy': 'every_save', 'hub_always_push': False, 'hub_revision': None, 'load_best_model_at_end': False, 'metric_for_best_model': None, 'greater_is_better': None, 'ignore_data_skip': False, 'restore_callback_states_from_checkpoint': False, 'full_determinism': False, 'seed': 42, 'data_seed': None, 'use_cpu': False, 'accelerator_config': {'split_batches': False, 'dispatch_batches': None, 'even_batches': True, 'use_seedable_sampler': True, 'non_blocking': False, 'gradient_accumulation_kwargs': None}, 'parallelism_config': None, 'dataloader_drop_last': False, 'dataloader_num_workers': 0, 'dataloader_pin_memory': True, 'dataloader_persistent_workers': False, 'dataloader_prefetch_factor': None, 'dataloader_multiprocessing_context': None, 'dataloader_in_order': True, 'remove_unused_columns': True, 'label_names': None, 'train_sampling_strategy': 'random', 'length_column_name': 'length', 'ddp_find_unused_parameters': None, 'ddp_bucket_cap_mb': None, 'ddp_broadcast_buffers': None, 'ddp_static_graph': None, 'ddp_backend': None, 'ddp_timeout': 1800, 'fsdp': None, 'fsdp_config': None, 'deepspeed': None, 'debug': [], 'skip_memory_metrics': True, 'do_train': False, 'do_eval': False, 'do_predict': False, 'resume_from_checkpoint': None, 'local_rank': -1}

2026-09-02 14:00:30,425 | Optimizer: 0
2026-09-02 14:01:29,611 | Memória GPU Effective Usada: 12.02 GB
2026-09-02 14:01:29,611 | Memória Torch GPU Usada: 8.09 GB
2026-09-02 14:01:29,611 | Memória Torch GPU Reservada: 11.45 GB
2026-09-02 14:01:29,612 | Memória CPU Usada: 4.33 GB
2026-09-02 14:01:29,612 | Tempo do Step: 59.181822538375854 s
2026-09-02 14:01:29,612 | Tokens/s: 216.55297945056685 tok/s

2026-09-02 14:01:29,647 | Optimizer: 1
2026-09-02 14:02:36,149 | Memória GPU Effective Usada: 12.05 GB
2026-09-02 14:02:36,149 | Memória Torch GPU Usada: 8.09 GB
2026-09-02 14:02:36,149 | Memória Torch GPU Reservada: 11.48 GB
2026-09-02 14:02:36,150 | Memória CPU Usada: 4.36 GB
2026-09-02 14:02:36,150 | Tempo do Step: 66.50246119499207 s
2026-09-02 14:02:36,150 | Tokens/s: 192.7146720543495 tok/s

2026-09-02 14:02:36,220 | Optimizer: 2
2026-09-02 14:03:46,803 | Memória GPU Effective Usada: 12.05 GB
2026-09-02 14:03:46,804 | Memória Torch GPU Usada: 8.09 GB
2026-09-02 14:03:46,804 | Memória Torch GPU Reservada: 11.48 GB
2026-09-02 14:03:46,804 | Memória CPU Usada: 4.29 GB
2026-09-02 14:03:46,804 | Tempo do Step: 70.58333325386047 s
2026-09-02 14:03:46,804 | Tokens/s: 181.57260941341337 tok/s

2026-09-02 14:03:46,837 | Optimizer: 3
2026-09-02 14:04:57,591 | Memória GPU Effective Usada: 12.05 GB
2026-09-02 14:04:57,591 | Memória Torch GPU Usada: 8.09 GB
2026-09-02 14:04:57,591 | Memória Torch GPU Reservada: 11.48 GB
2026-09-02 14:04:57,591 | Memória CPU Usada: 4.29 GB
2026-09-02 14:04:57,591 | Tempo do Step: 70.75351214408875 s
2026-09-02 14:04:57,591 | Tokens/s: 181.13588444769155 tok/s

2026-09-02 14:04:57,624 | Optimizer: 4
2026-09-02 14:06:07,886 | Memória GPU Effective Usada: 12.05 GB
2026-09-02 14:06:07,886 | Memória Torch GPU Usada: 8.09 GB
2026-09-02 14:06:07,886 | Memória Torch GPU Reservada: 11.48 GB
2026-09-02 14:06:07,886 | Memória CPU Usada: 4.28 GB
2026-09-02 14:06:07,886 | Tempo do Step: 70.26203346252441 s
2026-09-02 14:06:07,886 | Tokens/s: 182.40291902220076 tok/s

2026-09-02 14:06:07,925 | Optimizer: 5
2026-09-02 14:07:18,757 | Memória GPU Effective Usada: 12.05 GB
2026-09-02 14:07:18,757 | Memória Torch GPU Usada: 8.09 GB
2026-09-02 14:07:18,757 | Memória Torch GPU Reservada: 11.48 GB
2026-09-02 14:07:18,757 | Memória CPU Usada: 4.27 GB
2026-09-02 14:07:18,757 | Tempo do Step: 70.83172488212585 s
2026-09-02 14:07:18,757 | Tokens/s: 180.93587331563168 tok/s

2026-09-02 14:07:18,798 | Optimizer: 6
2026-09-02 14:08:29,767 | Memória GPU Effective Usada: 12.05 GB
2026-09-02 14:08:29,767 | Memória Torch GPU Usada: 8.09 GB
2026-09-02 14:08:29,767 | Memória Torch GPU Reservada: 11.48 GB
2026-09-02 14:08:29,767 | Memória CPU Usada: 4.27 GB
2026-09-02 14:08:29,767 | Tempo do Step: 70.96860575675964 s
2026-09-02 14:08:29,767 | Tokens/s: 180.58689280054367 tok/s

2026-09-02 14:08:29,825 | Optimizer: 7
2026-09-02 14:09:40,536 | Memória GPU Effective Usada: 12.05 GB
2026-09-02 14:09:40,536 | Memória Torch GPU Usada: 8.09 GB
2026-09-02 14:09:40,536 | Memória Torch GPU Reservada: 11.48 GB
2026-09-02 14:09:40,537 | Memória CPU Usada: 4.26 GB
2026-09-02 14:09:40,537 | Tempo do Step: 70.7107162475586 s
2026-09-02 14:09:40,537 | Tokens/s: 181.24551242178222 tok/s

2026-09-02 14:09:40,571 | Optimizer: 8
2026-09-02 14:10:51,183 | Memória GPU Effective Usada: 12.05 GB
2026-09-02 14:10:51,184 | Memória Torch GPU Usada: 8.09 GB
2026-09-02 14:10:51,184 | Memória Torch GPU Reservada: 11.48 GB
2026-09-02 14:10:51,184 | Memória CPU Usada: 4.26 GB
2026-09-02 14:10:51,184 | Tempo do Step: 70.61175107955933 s
2026-09-02 14:10:51,184 | Tokens/s: 181.4995351915295 tok/s

2026-09-02 14:10:51,220 | Optimizer: 9
2026-09-02 14:12:01,664 | Memória GPU Effective Usada: 12.05 GB
2026-09-02 14:12:01,665 | Memória Torch GPU Usada: 8.09 GB
2026-09-02 14:12:01,665 | Memória Torch GPU Reservada: 11.48 GB
2026-09-02 14:12:01,665 | Memória CPU Usada: 4.26 GB
2026-09-02 14:12:01,665 | Tempo do Step: 70.44419240951538 s
2026-09-02 14:12:01,665 | Tokens/s: 181.93125027960224 tok/s

2026-09-02 14:12:02,510 | Estatísticas do Treino Realizado
2026-09-02 14:12:02,510 | {'loss': 1.5232561111450196, 'grad_norm': 0.580854058265686, 'learning_rate': 0.00017071067811865476, 'epoch': 0.21164021164021163, 'step': 5}
2026-09-02 14:12:02,510 | {'loss': 1.1171956062316895, 'grad_norm': 0.3882312774658203, 'learning_rate': 7.612046748871327e-06, 'epoch': 0.42328042328042326, 'step': 10}
2026-09-02 14:12:02,510 | {'train_runtime': 692.449, 'train_samples_per_second': 0.231, 'train_steps_per_second': 0.014, 'total_flos': 5831593423994880.0, 'train_loss': 1.3202258586883544, 'epoch': 0.42328042328042326, 'step': 10}

2026-09-02 14:12:02,510 | Estatísticas do Treino Realizado

2026-09-02 14:12:02,510 | Logs Memória GPU: [11.99237060546875, 12.02166748046875, 12.02166748046875, 12.02166748046875, 12.02166748046875, 12.02166748046875, 12.02166748046875, 12.02166748046875, 12.02166748046875, 12.02166748046875, 12.02166748046875, 12.02166748046875, 12.02166748046875, 12.02166748046875, 12.02166748046875, 12.02362060546875, 12.05291748046875, 12.05291748046875, 12.05291748046875, 12.05291748046875, 12.05291748046875, 12.05291748046875, 12.05291748046875, 12.05291748046875, 12.05291748046875, 12.05291748046875, 12.05291748046875, 12.05291748046875, 12.05291748046875, 12.05291748046875, 12.05291748046875, 12.05291748046875, 12.05291748046875, 12.05291748046875, 12.05291748046875, 12.05291748046875, 12.05291748046875, 12.05291748046875, 12.05291748046875, 12.05291748046875, 12.05291748046875, 12.05291748046875, 12.05291748046875, 12.05291748046875, 12.05291748046875, 12.05291748046875, 12.05291748046875, 12.05291748046875, 12.05291748046875, 12.05291748046875, 12.05291748046875, 12.05291748046875, 12.05291748046875, 12.05291748046875, 12.05291748046875, 12.05291748046875, 12.05291748046875, 12.05291748046875, 12.05291748046875, 12.05291748046875, 12.05291748046875, 12.05291748046875, 12.05291748046875, 12.05291748046875, 12.05291748046875, 12.05291748046875, 12.05291748046875, 12.05291748046875, 12.05291748046875, 12.05291748046875, 12.05291748046875, 12.05291748046875, 12.05291748046875, 12.05291748046875, 12.05291748046875, 12.05291748046875, 12.05291748046875, 12.05291748046875, 12.05291748046875, 12.05291748046875, 12.05291748046875, 12.05291748046875, 12.05291748046875, 12.05291748046875, 12.05291748046875, 12.05291748046875, 12.05291748046875, 12.05291748046875, 12.05291748046875, 12.05291748046875, 12.05291748046875, 12.05291748046875, 12.05291748046875, 12.05291748046875, 12.05291748046875, 12.05291748046875, 12.05291748046875, 12.05291748046875, 12.05291748046875, 12.05291748046875, 12.05291748046875, 12.05291748046875, 12.05291748046875, 12.05291748046875, 12.05291748046875, 12.05291748046875, 12.05291748046875, 12.05291748046875, 12.05291748046875, 12.05291748046875, 12.05291748046875, 12.05291748046875, 12.05291748046875, 12.05291748046875, 12.05291748046875, 12.05291748046875, 12.05291748046875, 12.05291748046875, 12.05291748046875, 12.05291748046875, 12.05291748046875, 12.05291748046875, 12.05291748046875, 12.05291748046875, 12.05291748046875, 12.05291748046875, 12.05291748046875, 12.05291748046875, 12.05291748046875, 12.05291748046875, 12.05291748046875, 12.05291748046875, 12.05291748046875, 12.05291748046875, 12.05291748046875, 12.05291748046875, 12.05291748046875, 12.05291748046875, 12.05291748046875, 12.05291748046875, 12.05291748046875, 12.05291748046875, 12.05291748046875, 12.05291748046875, 12.05291748046875, 12.05291748046875, 12.05291748046875, 12.05291748046875, 12.05291748046875, 12.05291748046875]
2026-09-02 14:12:02,510 | Max Memória GPU: 12.05291748046875
2026-09-02 14:12:02,511 | Média Memória GPU: 12.04940185546875
2026-09-02 14:12:02,523 | P95 Memória GPU: 12.05291748046875
2026-09-02 14:12:02,523 | Desvio Padrão Memória GPU: 0.010437804074912021

2026-09-02 14:12:02,523 | Logs Memória Alocada GPU Torch: [8.119476795196533, 8.119476795196533, 8.119476795196533, 8.119476795196533, 8.119476795196533, 8.119476795196533, 8.119476795196533, 8.119476795196533, 8.119476795196533, 8.119476795196533, 8.119476795196533, 8.119476795196533, 8.119476795196533, 8.119476795196533, 8.119476795196533, 8.148524284362793, 8.148524284362793, 8.148524284362793, 8.148524284362793, 8.148524284362793, 8.148524284362793, 8.148524284362793, 8.148524284362793, 8.148524284362793, 8.148524284362793, 8.148524284362793, 8.148524284362793, 8.148524284362793, 8.148524284362793, 8.148524284362793, 8.148524284362793, 8.148524284362793, 8.148524284362793, 8.148524284362793, 8.148524284362793, 8.148524284362793, 8.148524284362793, 8.148524284362793, 8.148524284362793, 8.148524284362793, 8.148524284362793, 8.148524284362793, 8.148524284362793, 8.148524284362793, 8.148524284362793, 8.148524284362793, 8.148524284362793, 8.148524284362793, 8.148524284362793, 8.148524284362793, 8.148524284362793, 8.148524284362793, 8.148524284362793, 8.148524284362793, 8.148524284362793, 8.148524284362793, 8.148524284362793, 8.148524284362793, 8.148524284362793, 8.148524284362793, 8.148524284362793, 8.148524284362793, 8.148524284362793, 8.148524284362793, 8.148524284362793, 8.148524284362793, 8.148524284362793, 8.148524284362793, 8.148524284362793, 8.148524284362793, 8.148524284362793, 8.148524284362793, 8.148524284362793, 8.148524284362793, 8.148524284362793, 8.148524284362793, 8.148524284362793, 8.148524284362793, 8.148524284362793, 8.148524284362793, 8.148524284362793, 8.148524284362793, 8.148524284362793, 8.148524284362793, 8.148524284362793, 8.148524284362793, 8.148524284362793, 8.148524284362793, 8.148524284362793, 8.148524284362793, 8.148524284362793, 8.148524284362793, 8.148524284362793, 8.148524284362793, 8.148524284362793, 8.148524284362793, 8.148524284362793, 8.148524284362793, 8.148524284362793, 8.148524284362793, 8.148524284362793, 8.148524284362793, 8.148524284362793, 8.148524284362793, 8.148524284362793, 8.148524284362793, 8.148524284362793, 8.148524284362793, 8.148524284362793, 8.148524284362793, 8.148524284362793, 8.148524284362793, 8.148524284362793, 8.148524284362793, 8.148524284362793, 8.148524284362793, 8.148524284362793, 8.148524284362793, 8.148524284362793, 8.148524284362793, 8.148524284362793, 8.148524284362793, 8.148524284362793, 8.148524284362793, 8.148524284362793, 8.148524284362793, 8.148524284362793, 8.148524284362793, 8.148524284362793, 8.148524284362793, 8.148524284362793, 8.148524284362793, 8.148524284362793, 8.148524284362793, 8.148524284362793, 8.148524284362793, 8.148524284362793, 8.148524284362793, 8.148524284362793, 8.148524284362793, 8.148524284362793, 8.148524284362793, 8.148524284362793, 8.148524284362793, 8.148524284362793, 8.148524284362793, 8.148524284362793, 8.148524284362793, 8.148524284362793, 8.148524284362793]
2026-09-02 14:12:02,524 | Max Memória Alocada GPU Torch: 8.148524284362793
2026-09-02 14:12:02,524 | Média Memória Alocada GPU Torch: 8.145619535446167
2026-09-02 14:12:02,524 | P95 Memória Alocada GPU Torch: 8.148524284362793
2026-09-02 14:12:02,524 | Desvio Padrão Memória Alocada GPU Torch: 0.008714246749877929

2026-09-02 14:12:02,524 | Logs Memória Reservada GPU Torch: [11.41796875, 11.447265625, 11.447265625, 11.447265625, 11.447265625, 11.447265625, 11.447265625, 11.447265625, 11.447265625, 11.447265625, 11.447265625, 11.447265625, 11.447265625, 11.447265625, 11.447265625, 11.447265625, 11.4765625, 11.4765625, 11.4765625, 11.4765625, 11.4765625, 11.4765625, 11.4765625, 11.4765625, 11.4765625, 11.4765625, 11.4765625, 11.4765625, 11.4765625, 11.4765625, 11.4765625, 11.4765625, 11.4765625, 11.4765625, 11.4765625, 11.4765625, 11.4765625, 11.4765625, 11.4765625, 11.4765625, 11.4765625, 11.4765625, 11.4765625, 11.4765625, 11.4765625, 11.4765625, 11.4765625, 11.4765625, 11.4765625, 11.4765625, 11.4765625, 11.4765625, 11.4765625, 11.4765625, 11.4765625, 11.4765625, 11.4765625, 11.4765625, 11.4765625, 11.4765625, 11.4765625, 11.4765625, 11.4765625, 11.4765625, 11.4765625, 11.4765625, 11.4765625, 11.4765625, 11.4765625, 11.4765625, 11.4765625, 11.4765625, 11.4765625, 11.4765625, 11.4765625, 11.4765625, 11.4765625, 11.4765625, 11.4765625, 11.4765625, 11.4765625, 11.4765625, 11.4765625, 11.4765625, 11.4765625, 11.4765625, 11.4765625, 11.4765625, 11.4765625, 11.4765625, 11.4765625, 11.4765625, 11.4765625, 11.4765625, 11.4765625, 11.4765625, 11.4765625, 11.4765625, 11.4765625, 11.4765625, 11.4765625, 11.4765625, 11.4765625, 11.4765625, 11.4765625, 11.4765625, 11.4765625, 11.4765625, 11.4765625, 11.4765625, 11.4765625, 11.4765625, 11.4765625, 11.4765625, 11.4765625, 11.4765625, 11.4765625, 11.4765625, 11.4765625, 11.4765625, 11.4765625, 11.4765625, 11.4765625, 11.4765625, 11.4765625, 11.4765625, 11.4765625, 11.4765625, 11.4765625, 11.4765625, 11.4765625, 11.4765625, 11.4765625, 11.4765625, 11.4765625, 11.4765625, 11.4765625, 11.4765625, 11.4765625, 11.4765625, 11.4765625, 11.4765625, 11.4765625, 11.4765625, 11.4765625, 11.4765625, 11.4765625, 11.4765625, 11.4765625, 11.4765625]
2026-09-02 14:12:02,525 | Max Memória Reservada GPU Torch: 11.4765625
2026-09-02 14:12:02,525 | Média Memória Reservada GPU Torch: 11.4732421875
2026-09-02 14:12:02,525 | P95 Memória Reservada GPU Torch: 11.4765625
2026-09-02 14:12:02,525 | Desvio Padrão Memória Reservada GPU Torch: 0.009884047600687496

2026-09-02 14:12:02,525 | Logs Percentagem de Utilização da Memória GPU: [79.94913736979167, 80.14444986979167, 80.14444986979167, 80.14444986979167, 80.14444986979167, 80.14444986979167, 80.14444986979167, 80.14444986979167, 80.14444986979167, 80.14444986979167, 80.14444986979167, 80.14444986979167, 80.14444986979167, 80.14444986979167, 80.14444986979167, 80.157470703125, 80.352783203125, 80.352783203125, 80.352783203125, 80.352783203125, 80.352783203125, 80.352783203125, 80.352783203125, 80.352783203125, 80.352783203125, 80.352783203125, 80.352783203125, 80.352783203125, 80.352783203125, 80.352783203125, 80.352783203125, 80.352783203125, 80.352783203125, 80.352783203125, 80.352783203125, 80.352783203125, 80.352783203125, 80.352783203125, 80.352783203125, 80.352783203125, 80.352783203125, 80.352783203125, 80.352783203125, 80.352783203125, 80.352783203125, 80.352783203125, 80.352783203125, 80.352783203125, 80.352783203125, 80.352783203125, 80.352783203125, 80.352783203125, 80.352783203125, 80.352783203125, 80.352783203125, 80.352783203125, 80.352783203125, 80.352783203125, 80.352783203125, 80.352783203125, 80.352783203125, 80.352783203125, 80.352783203125, 80.352783203125, 80.352783203125, 80.352783203125, 80.352783203125, 80.352783203125, 80.352783203125, 80.352783203125, 80.352783203125, 80.352783203125, 80.352783203125, 80.352783203125, 80.352783203125, 80.352783203125, 80.352783203125, 80.352783203125, 80.352783203125, 80.352783203125, 80.352783203125, 80.352783203125, 80.352783203125, 80.352783203125, 80.352783203125, 80.352783203125, 80.352783203125, 80.352783203125, 80.352783203125, 80.352783203125, 80.352783203125, 80.352783203125, 80.352783203125, 80.352783203125, 80.352783203125, 80.352783203125, 80.352783203125, 80.352783203125, 80.352783203125, 80.352783203125, 80.352783203125, 80.352783203125, 80.352783203125, 80.352783203125, 80.352783203125, 80.352783203125, 80.352783203125, 80.352783203125, 80.352783203125, 80.352783203125, 80.352783203125, 80.352783203125, 80.352783203125, 80.352783203125, 80.352783203125, 80.352783203125, 80.352783203125, 80.352783203125, 80.352783203125, 80.352783203125, 80.352783203125, 80.352783203125, 80.352783203125, 80.352783203125, 80.352783203125, 80.352783203125, 80.352783203125, 80.352783203125, 80.352783203125, 80.352783203125, 80.352783203125, 80.352783203125, 80.352783203125, 80.352783203125, 80.352783203125, 80.352783203125, 80.352783203125, 80.352783203125, 80.352783203125, 80.352783203125, 80.352783203125, 80.352783203125, 80.352783203125, 80.352783203125, 80.352783203125, 80.352783203125, 80.352783203125, 80.352783203125, 80.352783203125, 80.352783203125]
2026-09-02 14:12:02,526 | Max Percentagem de Utilização da Memória GPU: 80.352783203125
2026-09-02 14:12:02,526 | Média Percentagem de Utilização da Memória GPU: 80.329345703125
2026-09-02 14:12:02,526 | P95 Percentagem de Utilização da Memória GPU: 80.352783203125
2026-09-02 14:12:02,526 | Desvio Padrão Percentagem de Utilização da Memória GPU: 0.06958536049941212

2026-09-02 14:12:02,526 | Logs Percentagem de Utilização da GPU: [100, 100, 65, 100, 100, 100, 51, 99, 82, 100, 100, 100, 100, 100, 100, 100, 100, 100, 97, 100, 100, 100, 100, 100, 100, 100, 100, 100, 100, 96, 100, 99, 100, 100, 100, 100, 100, 100, 78, 100, 100, 100, 100, 100, 100, 100, 100, 100, 100, 100, 100, 100, 100, 100, 94, 100, 100, 97, 100, 100, 100, 100, 93, 100, 100, 100, 100, 100, 96, 100, 100, 100, 100, 100, 100, 98, 100, 100, 100, 98, 100, 100, 100, 100, 100, 100, 92, 100, 100, 100, 100, 100, 100, 100, 100, 100, 100, 100, 100, 99, 100, 100, 100, 100, 100, 100, 100, 100, 100, 100, 100, 100, 100, 100, 100, 100, 100, 100, 100, 100, 100, 100, 100, 100, 97, 100, 100, 100, 90, 100, 100, 100, 99, 100, 100, 100, 100, 100, 100, 100, 100, 100, 100, 100, 100, 100, 100, 100, 100, 100]
2026-09-02 14:12:02,526 | Max Percentagem de Utilização da GPU: 100
2026-09-02 14:12:02,527 | Média Percentagem de Utilização da GPU: 98.8
2026-09-02 14:12:02,527 | P95 Percentagem de Utilização da GPU: 100.0
2026-09-02 14:12:02,527 | Desvio Padrão Percentagem de Utilização da GPU: 5.500303021955548

2026-09-02 14:12:02,527 | Logs Clock Memória GPU: [5000, 5000, 5000, 5000, 5000, 5000, 5000, 5000, 5000, 5000, 5000, 5000, 5000, 5000, 5000, 5000, 5000, 5000, 5000, 5000, 5000, 5000, 5000, 5000, 5000, 5000, 5000, 5000, 5000, 5000, 5000, 5000, 5000, 5000, 5000, 5000, 5000, 5000, 5000, 5000, 5000, 5000, 5000, 5000, 5000, 5000, 5000, 5000, 5000, 5000, 5000, 5000, 5000, 5000, 5000, 5000, 5000, 5000, 5000, 5000, 5000, 5000, 5000, 5000, 5000, 5000, 5000, 5000, 5000, 5000, 5000, 5000, 5000, 5000, 5000, 5000, 5000, 5000, 5000, 5000, 5000, 5000, 5000, 5000, 5000, 5000, 5000, 5000, 5000, 5000, 5000, 5000, 5000, 5000, 5000, 5000, 5000, 5000, 5000, 5000, 5000, 5000, 5000, 5000, 5000, 5000, 5000, 5000, 5000, 5000, 5000, 5000, 5000, 5000, 5000, 5000, 5000, 5000, 5000, 5000, 5000, 5000, 5000, 5000, 5000, 5000, 5000, 5000, 5000, 5000, 5000, 5000, 5000, 5000, 5000, 5000, 5000, 5000, 5000, 5000, 5000, 5000, 5000, 5000, 5000, 5000, 5000, 5000, 5000, 5000]
2026-09-02 14:12:02,527 | Max Clock Memória GPU: 5000
2026-09-02 14:12:02,527 | Média Clock Memória GPU: 5000.0
2026-09-02 14:12:02,528 | P95 Clock Memória GPU: 5000.0
2026-09-02 14:12:02,528 | Desvio Padrão Clock Memória GPU: 0.0

2026-09-02 14:12:02,528 | Logs Clock SM GPU: [1050, 1230, 1560, 1230, 1035, 1215, 1485, 1440, 1245, 1440, 1425, 810, 825, 1200, 825, 780, 885, 825, 705, 990, 960, 810, 870, 690, 690, 645, 615, 615, 600, 600, 585, 570, 630, 615, 645, 1545, 630, 855, 1455, 630, 675, 630, 630, 630, 735, 795, 645, 795, 975, 630, 900, 855, 615, 615, 900, 810, 630, 900, 705, 630, 645, 705, 915, 885, 630, 915, 885, 900, 630, 810, 885, 840, 615, 960, 645, 870, 645, 810, 810, 600, 630, 615, 855, 765, 870, 630, 615, 900, 615, 675, 960, 630, 630, 615, 600, 735, 825, 615, 615, 975, 600, 630, 630, 825, 630, 915, 780, 615, 615, 615, 630, 915, 645, 690, 840, 810, 840, 630, 825, 885, 840, 900, 630, 630, 630, 615, 765, 645, 1260, 900, 795, 975, 750, 840, 945, 855, 855, 645, 675, 1020, 855, 630, 615, 930, 855, 870, 630, 630, 750, 705]
2026-09-02 14:12:02,528 | Max Clock SM GPU: 1560
2026-09-02 14:12:02,528 | Média Clock SM GPU: 802.2
2026-09-02 14:12:02,528 | P95 Clock SM GPU: 1253.2499999999998
2026-09-02 14:12:02,528 | Desvio Padrão Clock SM GPU: 215.36517824383776

2026-09-02 14:12:02,528 | Logs Temperatura GPU: [51, 53, 54, 56, 57, 58, 59, 59, 60, 61, 61, 62, 63, 63, 64, 66, 67, 68, 70, 71, 72, 73, 74, 75, 76, 77, 78, 78, 79, 79, 79, 78, 78, 77, 77, 76, 76, 76, 75, 76, 76, 76, 76, 77, 77, 77, 77, 77, 77, 77, 77, 77, 77, 77, 76, 76, 76, 76, 76, 76, 76, 76, 76, 76, 76, 76, 76, 76, 76, 77, 76, 76, 77, 76, 77, 77, 77, 76, 76, 76, 77, 77, 77, 77, 77, 77, 77, 77, 77, 77, 77, 77, 77, 77, 77, 77, 77, 77, 77, 77, 77, 77, 77, 77, 77, 77, 77, 77, 77, 77, 77, 77, 77, 77, 77, 77, 77, 77, 77, 76, 76, 77, 77, 76, 77, 77, 77, 77, 76, 76, 76, 76, 76, 76, 76, 76, 76, 77, 77, 76, 76, 76, 76, 76, 76, 76, 77, 76, 76, 76]
2026-09-02 14:12:02,528 | Max Temperatura GPU: 79
2026-09-02 14:12:02,529 | Média Temperatura GPU: 74.50666666666666
2026-09-02 14:12:02,529 | P95 Temperatura GPU: 77.0
2026-09-02 14:12:02,529 | Desvio Padrão Temperatura GPU: 5.655376989104165

2026-09-02 14:12:02,529 | Logs Memória CPU: [2.8541107177734375, 3.0717735290527344, 3.304950714111328, 3.3774490356445312, 3.6112442016601562, 3.9010658264160156, 4.0626983642578125, 4.139507293701172, 4.221309661865234, 4.35400390625, 4.423694610595703, 4.291896820068359, 4.293586730957031, 4.327911376953125, 4.327568054199219, 4.350837707519531, 4.360713958740234, 4.360561370849609, 4.36578369140625, 4.365619659423828, 4.357700347900391, 4.357696533203125, 4.360359191894531, 4.36016845703125, 4.359916687011719, 4.3622894287109375, 4.362312316894531, 4.362220764160156, 4.361827850341797, 4.361782073974609, 4.361774444580078, 4.361690521240234, 4.362316131591797, 4.362388610839844, 4.362312316894531, 4.366512298583984, 4.306602478027344, 4.298938751220703, 4.294551849365234, 4.292472839355469, 4.292442321777344, 4.293190002441406, 4.293117523193359, 4.277690887451172, 4.291160583496094, 4.290763854980469, 4.290546417236328, 4.290500640869141, 4.268344879150391, 4.282596588134766, 4.282199859619141, 4.2829742431640625, 4.283107757568359, 4.283073425292969, 4.283161163330078, 4.283237457275391, 4.282958984375, 4.279090881347656, 4.278961181640625, 4.278728485107422, 4.289573669433594, 4.289478302001953, 4.279262542724609, 4.279430389404297, 4.279323577880859, 4.279247283935547, 4.27911376953125, 4.270076751708984, 4.277976989746094, 4.277946472167969, 4.278465270996094, 4.278598785400391, 4.27862548828125, 4.275516510009766, 4.277187347412109, 4.285480499267578, 4.287311553955078, 4.2872772216796875, 4.276359558105469, 4.276542663574219, 4.276092529296875, 4.276523590087891, 4.276512145996094, 4.2769012451171875, 4.261482238769531, 4.261409759521484, 4.282184600830078, 4.282646179199219, 4.282463073730469, 4.271903991699219, 4.271579742431641, 4.2744140625, 4.274200439453125, 4.274089813232422, 4.2814788818359375, 4.281436920166016, 4.281284332275391, 4.272090911865234, 4.272125244140625, 4.278583526611328, 4.279232025146484, 4.277923583984375, 4.254718780517578, 4.255695343017578, 4.255638122558594, 4.2699127197265625, 4.269813537597656, 4.269748687744141, 4.269695281982422, 4.269645690917969, 4.2765350341796875, 4.276493072509766, 4.276454925537109, 4.276378631591797, 4.276271820068359, 4.253398895263672, 4.253307342529297, 4.253257751464844, 4.2624053955078125, 4.262733459472656, 4.271190643310547, 4.271129608154297, 4.271282196044922, 4.273036956787109, 4.2730255126953125, 4.273021697998047, 4.257881164550781, 4.257835388183594, 4.269344329833984, 4.273551940917969, 4.273540496826172, 4.273509979248047, 4.273502349853516, 4.2734527587890625, 4.249401092529297, 4.2560272216796875, 4.261173248291016, 4.2611083984375, 4.261241912841797, 4.2465667724609375, 4.246524810791016, 4.243247985839844, 4.257587432861328, 4.257534027099609, 4.2575225830078125, 4.260013580322266, 4.259979248046875, 4.259967803955078, 4.2647705078125, 4.264545440673828]
2026-09-02 14:12:02,529 | Max Memória CPU: 4.423694610595703
2026-09-02 14:12:02,529 | Média Memória CPU: 4.249159622192383
2026-09-02 14:12:02,530 | P95 Memória CPU: 4.362302017211914
2026-09-02 14:12:02,530 | Desvio Padrão Memória CPU: 0.19945262199189967

2026-09-02 14:12:02,530 | Logs Utilização CPU: [40.7, 99.7, 99.6, 99.6, 99.1, 99.2, 99.6, 99.5, 99.6, 99.9, 99.9, 99.7, 54.5, 80.5, 56.4, 57.6, 72.1, 52.3, 53.6, 82.7, 52.5, 52.4, 81.6, 52.2, 52.9, 80.1, 52.0, 52.0, 79.3, 52.1, 65.4, 53.0, 73.3, 58.1, 51.9, 81.9, 69.2, 53.5, 89.7, 92.0, 52.1, 79.8, 52.1, 52.8, 80.7, 52.3, 78.7, 52.3, 56.5, 75.0, 53.1, 65.1, 66.1, 52.5, 72.5, 58.9, 52.6, 79.3, 53.1, 52.2, 65.5, 52.5, 79.5, 52.9, 52.0, 79.6, 52.0, 57.9, 74.1, 52.1, 65.6, 67.0, 52.2, 71.6, 59.9, 65.8, 53.0, 52.3, 79.4, 52.2, 52.0, 79.9, 52.3, 54.9, 77.1, 52.6, 62.3, 68.8, 52.6, 71.0, 56.4, 78.9, 52.1, 52.3, 79.4, 52.3, 52.9, 79.1, 52.3, 56.5, 74.7, 52.4, 64.7, 67.7, 52.0, 65.7, 52.6, 79.4, 52.0, 53.6, 79.3, 51.8, 52.4, 79.7, 52.1, 55.2, 76.4, 52.5, 62.7, 68.4, 61.8, 60.4, 53.1, 78.1, 52.6, 52.3, 79.2, 51.9, 52.7, 79.5, 52.1, 53.3, 78.4, 52.1, 60.7, 61.9, 68.8, 62.3, 52.5, 76.2, 55.2, 53.0, 79.6, 52.4, 51.9, 79.2, 52.1, 52.2, 80.0, 52.5]
2026-09-02 14:12:02,530 | Max Utilização CPU: 99.9
2026-09-02 14:12:02,530 | Média Utilização CPU: 64.96466666666667
2026-09-02 14:12:02,530 | P95 Utilização CPU: 99.55499999999999
2026-09-02 14:12:02,531 | Desvio Padrão Utilização CPU: 14.850028671876549

2026-09-02 14:12:02,531 | Logs Tokens/s: [216.55297945056685, 192.7146720543495, 181.57260941341337, 181.13588444769155, 182.40291902220076, 180.93587331563168, 180.58689280054367, 181.24551242178222, 181.4995351915295, 181.93125027960224]
2026-09-02 14:12:02,531 | Max Tokens/s: 216.55297945056685
2026-09-02 14:12:02,531 | Média Tokens/s: 186.05781283973113
2026-09-02 14:12:02,531 | P95 Tokens/s: 205.82574112226902
2026-09-02 14:12:02,531 | Desvio Padrão Tokens/s: 10.719605955781104

2026-09-02 14:12:02,531 | Logs Tempo Step: [59.181822538375854, 66.50246119499207, 70.58333325386047, 70.75351214408875, 70.26203346252441, 70.83172488212585, 70.96860575675964, 70.7107162475586, 70.61175107955933, 70.44419240951538]
2026-09-02 14:12:02,531 | Max Tempo Step: 70.96860575675964
2026-09-02 14:12:02,531 | Média Tempo Step: 69.08501529693604
2026-09-02 14:12:02,532 | P95 Tempo Step: 70.90700936317444
2026-09-02 14:12:02,532 | Desvio Padrão Tempo Step: 3.5295483881550864

2026-09-02 14:12:02,532 | Tempo Total de Treino: 692.4333155155182
2026-09-02 14:12:02,532 | Tempo por Effective Batch (Step): 69.24333155155182
2026-09-02 14:12:02,532 | Tempo por Micro Batch: 4.327708221971989
2026-09-02 14:12:02,532 | Tokens/s: 185.0864150067427

2026-09-02 14:12:02,532 | Logs Potência: [27.639, 27.639, 72.965, 67.398, 72.77, 67.245, 64.902, 73.16, 34.966, 39.736, 63.087, 40.227, 33.019, 67.733, 63.575, 71.646, 63.125, 37.718, 36.539, 41.036, 69.154, 61.915, 63.125, 71.646, 67.789, 66.618, 70.671, 70.378, 52.079, 67.635, 58.764, 68.806, 63.575, 66.269, 40.447, 38.973, 47.435, 64.649, 62.598, 63.087, 68.764, 36.735, 64.356, 69.209, 37.423, 63.634, 70.866, 58.177, 59.741, 64.942, 67.147, 70.324, 41.233, 58.079, 63.38, 66.757, 69.099, 69.154, 66.562, 63.087, 65.098, 63.673, 72.186, 44.645, 63.868, 70.91, 63.966, 63.321, 67.538, 40.545, 62.93, 66.952, 69.154, 65.821, 58.506, 66.798, 64.454, 63.184, 71.495, 64.063, 62.696, 68.959, 64.591, 68.221, 63.419, 66.618, 41.135, 71.007, 63.966, 70.075, 63.575, 70.368, 54.723, 65.976, 63.38, 64.298, 70.032, 64.649, 63.419, 63.673, 62.441, 62.305, 44.226, 44.226, 69.978, 68.611, 69.197, 63.868, 56.975, 64.942, 68.709, 58.737, 68.026, 67.579, 62.93, 64.2, 70.954, 65.04, 63.419, 39.979, 39.979, 69.294, 62.637, 64.005, 69.294, 50.573, 69.002, 62.637, 67.342, 63.419, 64.494, 64.747, 64.259, 67.203, 65.626, 64.356, 70.173, 42.412, 64.298, 66.896, 63.907, 70.422, 58.47, 65.528, 64.885, 66.896, 38.724, 70.422, 57.562, 69.685, 62.735, 66.017, 65.333, 44.841, 44.841, 63.907, 70.173, 63.223, 67.83, 63.966, 66.7, 63.321, 62.675, 70.715, 52.044, 70.27, 63.907, 68.709, 64.787, 63.321, 41.724]
2026-09-02 14:12:02,532 | Max Potência: 73.16
2026-09-02 14:12:02,532 | Média Potência: 61.40831578947368
2026-09-02 14:12:02,533 | P95 Potência: 70.93199999999999
2026-09-02 14:12:02,533 | Desvio Padrão Potência: 10.349150951684145

2026-09-02 14:12:02,533 | Energia Consumida: 13.042654696791535 Wh
2026-09-02 14:12:02,533 | Energia por Effective Batch (Step): 1.3042654696791536 Wh
2026-09-02 14:12:02,533 | Energia por Micro Batch: 0.0815165918549471 Wh
2026-09-02 14:12:02,533 | Energia por Token: 0.00010176852915723732 Wh
2026-09-02 14:12:02,533 | Energia por 1 Milhão de Tokens: 101.76852915723732 Wh
2026-09-02 14:12:02,534 | Energia por 10 Milhões de Tokens: 1017.6852915723732 Wh
2026-09-02 14:12:02,534 | Energia por 100 Milhões de Tokens: 10176.852915723732 Wh